Archive member included to satisfy reference by file (symbol)

app/libapp.a(#include_<zephyr.c.obj)
                              (--whole-archive)
app/libapp.a(Untitled-3.c.obj)
                              (--whole-archive)
app/libapp.a(eeprom.c.obj)    (--whole-archive)
app/libapp.a(eeprom_24lc64.c.obj)
                              (--whole-archive)
app/libapp.a(esp8266.c.obj)   (--whole-archive)
app/libapp.a(main.c.obj)      (--whole-archive)
app/libapp.a(regular.c.obj)   (--whole-archive)
app/libapp.a(rtc.c.obj)       (--whole-archive)
zephyr/libzephyr.a(cbprintf_packaged.c.obj)
                              (--whole-archive)
zephyr/libzephyr.a(dec.c.obj)
                              (--whole-archive)
zephyr/libzephyr.a(fdtable.c.obj)
                              (--whole-archive)
zephyr/libzephyr.a(hex.c.obj)
                              (--whole-archive)
zephyr/libzephyr.a(printk.c.obj)
                              (--whole-archive)
zephyr/libzephyr.a(rb.c.obj)  (--whole-archive)
zephyr/libzephyr.a(sem.c.obj)
                              (--whole-archive)
zephyr/libzephyr.a(thread_entry.c.obj)
                              (--whole-archive)
zephyr/libzephyr.a(timeutil.c.obj)
                              (--whole-archive)
zephyr/libzephyr.a(heap.c.obj)
                              (--whole-archive)
zephyr/libzephyr.a(heap-validate.c.obj)
                              (--whole-archive)
zephyr/libzephyr.a(bitarray.c.obj)
                              (--whole-archive)
zephyr/libzephyr.a(multi_heap.c.obj)
                              (--whole-archive)
zephyr/libzephyr.a(cbprintf_complete.c.obj)
                              (--whole-archive)
zephyr/libzephyr.a(assert.c.obj)
                              (--whole-archive)
zephyr/libzephyr.a(configs.c.obj)
                              (--whole-archive)
zephyr/libzephyr.a(soc.c.obj)
                              (--whole-archive)
zephyr/libzephyr.a(stm32cube_hal.c.obj)
                              (--whole-archive)
zephyr/libzephyr.a(soc_config.c.obj)
                              (--whole-archive)
zephyr/libzephyr.a(tracing_none.c.obj)
                              (--whole-archive)
zephyr/arch/common/libarch__common.a(sw_isr_common.c.obj)
                              (--whole-archive)
zephyr/arch/arch/arm/core/aarch32/libarch__arm__core__aarch32.a(cpu_idle.S.obj)
                              (--whole-archive)
zephyr/arch/arch/arm/core/aarch32/libarch__arm__core__aarch32.a(fatal.c.obj)
                              (--whole-archive)
zephyr/arch/arch/arm/core/aarch32/libarch__arm__core__aarch32.a(irq_manage.c.obj)
                              (--whole-archive)
zephyr/arch/arch/arm/core/aarch32/libarch__arm__core__aarch32.a(nmi.c.obj)
                              (--whole-archive)
zephyr/arch/arch/arm/core/aarch32/libarch__arm__core__aarch32.a(nmi_on_reset.S.obj)
                              (--whole-archive)
zephyr/arch/arch/arm/core/aarch32/libarch__arm__core__aarch32.a(prep_c.c.obj)
                              (--whole-archive)
zephyr/arch/arch/arm/core/aarch32/libarch__arm__core__aarch32.a(swap.c.obj)
                              (--whole-archive)
zephyr/arch/arch/arm/core/aarch32/libarch__arm__core__aarch32.a(swap_helper.S.obj)
                              (--whole-archive)
zephyr/arch/arch/arm/core/aarch32/libarch__arm__core__aarch32.a(thread.c.obj)
                              (--whole-archive)
zephyr/arch/arch/arm/core/aarch32/libarch__arm__core__aarch32.a(isr_wrapper.S.obj)
                              (--whole-archive)
zephyr/arch/arch/arm/core/aarch32/libarch__arm__core__aarch32.a(tls.c.obj)
                              (--whole-archive)
zephyr/arch/arch/arm/core/aarch32/cortex_m/libarch__arm__core__aarch32__cortex_m.a(exc_exit.S.obj)
                              (--whole-archive)
zephyr/arch/arch/arm/core/aarch32/cortex_m/libarch__arm__core__aarch32__cortex_m.a(fault.c.obj)
                              (--whole-archive)
zephyr/arch/arch/arm/core/aarch32/cortex_m/libarch__arm__core__aarch32__cortex_m.a(fault_s.S.obj)
                              (--whole-archive)
zephyr/arch/arch/arm/core/aarch32/cortex_m/libarch__arm__core__aarch32__cortex_m.a(fpu.c.obj)
                              (--whole-archive)
zephyr/arch/arch/arm/core/aarch32/cortex_m/libarch__arm__core__aarch32__cortex_m.a(irq_init.c.obj)
                              (--whole-archive)
zephyr/arch/arch/arm/core/aarch32/cortex_m/libarch__arm__core__aarch32__cortex_m.a(reset.S.obj)
                              (--whole-archive)
zephyr/arch/arch/arm/core/aarch32/cortex_m/libarch__arm__core__aarch32__cortex_m.a(scb.c.obj)
                              (--whole-archive)
zephyr/arch/arch/arm/core/aarch32/cortex_m/libarch__arm__core__aarch32__cortex_m.a(thread_abort.c.obj)
                              (--whole-archive)
zephyr/arch/arch/arm/core/aarch32/cortex_m/libarch__arm__core__aarch32__cortex_m.a(vector_table.S.obj)
[...]
Memory Configuration

Name             Origin             Length             Attributes
FLASH            0x0000000008000000 0x0000000000010000 xr
RAM              0x0000000020000000 0x0000000000002000 xw
IDT_LIST         0x00000000fffff7ff 0x0000000000000800 xw
*default*        0x0000000000000000 0xffffffffffffffff

Linker script and memory map

                0x00000000080079d4                vfprintf = __i_vfprintf
                0x0000000008007e4c                vfscanf = __i_vfscanf
LOAD zephyr/CMakeFiles/zephyr_final.dir/misc/empty_file.c.obj
LOAD zephyr/CMakeFiles/zephyr_final.dir/isr_tables.c.obj
LOAD zephyr/CMakeFiles/offsets.dir/./arch/arm/core/offsets/offsets.c.obj
LOAD app/libapp.a
LOAD zephyr/libzephyr.a
LOAD zephyr/arch/common/libarch__common.a
LOAD zephyr/arch/arch/arm/core/aarch32/libarch__arm__core__aarch32.a
LOAD zephyr/arch/arch/arm/core/aarch32/cortex_m/libarch__arm__core__aarch32__cortex_m.a
LOAD zephyr/lib/libc/picolibc/liblib__libc__picolibc.a
LOAD zephyr/lib/libc/common/liblib__libc__common.a
LOAD zephyr/drivers/interrupt_controller/libdrivers__interrupt_controller.a
LOAD zephyr/drivers/adc/libdrivers__adc.a
LOAD zephyr/drivers/clock_control/libdrivers__clock_control.a
LOAD zephyr/drivers/console/libdrivers__console.a
LOAD zephyr/drivers/gpio/libdrivers__gpio.a
LOAD zephyr/drivers/i2c/libdrivers__i2c.a
LOAD zephyr/drivers/pinctrl/libdrivers__pinctrl.a
LOAD zephyr/drivers/reset/libdrivers__reset.a
LOAD zephyr/drivers/sensor/bme280/libdrivers__sensor__bme280.a
LOAD zephyr/drivers/sensor/stm32_temp/libdrivers__sensor__stm32_temp.a
LOAD zephyr/drivers/sensor/stm32_vref/libdrivers__sensor__stm32_vref.a
LOAD zephyr/drivers/serial/libdrivers__serial.a
LOAD zephyr/drivers/timer/libdrivers__timer.a
LOAD zephyr/drivers/rtc/libdrivers__rtc.a
LOAD modules/stm32/stm32cube/lib..__modules__hal__stm32__stm32cube.a
LOAD zephyr/kernel/libkernel.a
LOAD /Users/dinordi/zephyr-sdk-0.16.1/arm-zephyr-eabi/bin/../lib/gcc/arm-zephyr-eabi/12.2.0/thumb/v6-m/nofp/libgcc.a
LOAD zephyr/arch/common/libisr_tables.a
LOAD /Users/dinordi/zephyr-sdk-0.16.1/arm-zephyr-eabi/bin/../lib/gcc/../../picolibc/arm-zephyr-eabi/lib/thumb/v6-m/nofp/libc.a
LOAD /Users/dinordi/zephyr-sdk-0.16.1/arm-zephyr-eabi/bin/../lib/gcc/arm-zephyr-eabi/12.2.0/thumb/v6-m/nofp/libgcc.a
                0x0000000000000004                _region_min_align = 0x4

.rel.plt        0x0000000008000000        0x0
 *(SORT_BY_ALIGNMENT(.rel.plt))
                [!provide]                        PROVIDE (__rel_iplt_start = .)
 *(SORT_BY_ALIGNMENT(.rel.iplt))
 .rel.iplt      0x0000000008000000        0x0 zephyr/CMakeFiles/zephyr_final.dir/isr_tables.c.obj
                [!provide]                        PROVIDE (__rel_iplt_end = .)

.rela.plt       0x0000000000000000        0x0
 *(SORT_BY_ALIGNMENT(.rela.plt))
                [!provide]                        PROVIDE (__rela_iplt_start = .)
 *(SORT_BY_ALIGNMENT(.rela.iplt))
                [!provide]                        PROVIDE (__rela_iplt_end = .)

.rel.dyn
 *(SORT_BY_ALIGNMENT(.rel.*))

.rela.dyn
 *(SORT_BY_ALIGNMENT(.rela.*))

/DISCARD/
 *(SORT_BY_ALIGNMENT(.plt))

/DISCARD/
 *(SORT_BY_ALIGNMENT(.iplt))
                0x0000000008000000                __rom_region_start = 0x8000000

rom_start       0x0000000008000000       0xb4
                0x0000000008000000                __rom_start_address = .
                0x0000000008000000                . = (. + (0x0 - (. - __rom_start_address)))
                0x0000000008000000                . = ALIGN (0x4)
                0x0000000008000000                _vector_start = .
 *(SORT_BY_ALIGNMENT(.exc_vector_table))
 *(SORT_BY_ALIGNMENT(.exc_vector_table.*))
 .exc_vector_table._vector_table_section
                0x0000000008000000       0x40 zephyr/arch/arch/arm/core/aarch32/cortex_m/libarch__arm__core__aarch32__cortex_m.a(vector_table.S.obj)
                0x0000000008000000                _vector_table
 *(SORT_BY_ALIGNMENT(.vectors))
                0x00000000080000b4                _vector_end = .
                0x0000000008000040                . = ALIGN (0x4)
 *(SORT_BY_ALIGNMENT(.gnu.linkonce.irq_vector_table*))
 .gnu.linkonce.irq_vector_table
                0x0000000008000040       0x74 zephyr/CMakeFiles/zephyr_final.dir/isr_tables.c.obj
                0x0000000008000040                _irq_vector_table
                0x00000000080000b4                _vector_end = .

text            0x00000000080000b4     0x9778
                0x00000000080000b4                __text_region_start = .
 *(SORT_BY_ALIGNMENT(.text))
 .text          0x00000000080000b4       0x14 /Users/dinordi/zephyr-sdk-0.16.1/arm-zephyr-eabi/bin/../lib/gcc/arm-zephyr-eabi/12.2.0/thumb/v6-m/nofp/libgcc.a(_thumb1_case_uqi.o)
                0x00000000080000b4                __gnu_thumb1_case_uqi
 .text          0x00000000080000c8       0x8c /Users/dinordi/zephyr-sdk-0.16.1/arm-zephyr-eabi/bin/../lib/gcc/arm-zephyr-eabi/12.2.0/thumb/v6-m/nofp/libgcc.a(_udivsi3.o)
                0x00000000080000c8                __udivsi3
                0x00000000080000c8                __aeabi_uidiv
                0x0000000008000140                __aeabi_uidivmod
 .text          0x0000000008000154       0xa8 /Users/dinordi/zephyr-sdk-0.16.1/arm-zephyr-eabi/bin/../lib/gcc/arm-zephyr-eabi/12.2.0/thumb/v6-m/nofp/libgcc.a(_divsi3.o)
                0x0000000008000154                __aeabi_idiv
                0x0000000008000154                __divsi3
                0x00000000080001e8                __aeabi_idivmod
 .text          0x00000000080001fc        0x4 /Users/dinordi/zephyr-sdk-0.16.1/arm-zephyr-eabi/bin/../lib/gcc/arm-zephyr-eabi/12.2.0/thumb/v6-m/nofp/libgcc.a(_dvmd_tls.o)
                0x00000000080001fc                __aeabi_ldiv0
                0x00000000080001fc                __aeabi_idiv0
 .text          0x0000000008000200       0x7c /Users/dinordi/zephyr-sdk-0.16.1/arm-zephyr-eabi/bin/../lib/gcc/arm-zephyr-eabi/12.2.0/thumb/v6-m/nofp/libgcc.a(_arm_cmpdf2.o)
                0x0000000008000200                __aeabi_cdrcmple
                0x0000000008000210                __aeabi_cdcmple
                0x0000000008000210                __aeabi_cdcmpeq
                0x0000000008000220                __aeabi_dcmpeq
                0x000000000800022c                __aeabi_dcmplt
                0x0000000008000240                __aeabi_dcmple
                0x0000000008000254                __aeabi_dcmpgt
                0x0000000008000268                __aeabi_dcmpge
 .text          0x000000000800027c       0x74 /Users/dinordi/zephyr-sdk-0.16.1/arm-zephyr-eabi/bin/../lib/gcc/arm-zephyr-eabi/12.2.0/thumb/v6-m/nofp/libgcc.a(_arm_cmpsf2.o)
                0x000000000800027c                __aeabi_cfrcmple
                0x0000000008000284                __aeabi_cfcmple
                0x0000000008000284                __aeabi_cfcmpeq
                0x0000000008000294                __aeabi_fcmpeq
                0x00000000080002a0                __aeabi_fcmplt
                0x00000000080002b4                __aeabi_fcmple
                0x00000000080002c8                __aeabi_fcmpgt
                0x00000000080002dc                __aeabi_fcmpge
 .text          0x00000000080002f0       0x3c /Users/dinordi/zephyr-sdk-0.16.1/arm-zephyr-eabi/bin/../lib/gcc/arm-zephyr-eabi/12.2.0/thumb/v6-m/nofp/libgcc.a(_clzsi2.o)
                0x00000000080002f0                __clzsi2
 .text          0x000000000800032c       0x40 /Users/dinordi/zephyr-sdk-0.16.1/arm-zephyr-eabi/bin/../lib/gcc/arm-zephyr-eabi/12.2.0/thumb/v6-m/nofp/libgcc.a(_ctzsi2.o)
                0x000000000800032c                __ctzsi2
 .text          0x000000000800036c       0x48 /Users/dinordi/zephyr-sdk-0.16.1/arm-zephyr-eabi/bin/../lib/gcc/arm-zephyr-eabi/12.2.0/thumb/v6-m/nofp/libgcc.a(_aeabi_ldivmod.o)
                0x000000000800036c                __aeabi_ldivmod
 .text          0x00000000080003b4       0x40 /Users/dinordi/zephyr-sdk-0.16.1/arm-zephyr-eabi/bin/../lib/gcc/arm-zephyr-eabi/12.2.0/thumb/v6-m/nofp/libgcc.a(_aeabi_uldivmod.o)
                0x00000000080003b4                __aeabi_uldivmod
 .text          0x00000000080003f4       0x34 /Users/dinordi/zephyr-sdk-0.16.1/arm-zephyr-eabi/bin/../lib/gcc/arm-zephyr-eabi/12.2.0/thumb/v6-m/nofp/libgcc.a(_popcountsi2.o)
                0x00000000080003f4                __popcountsi2
 .text          0x0000000008000428      0x2e8 /Users/dinordi/zephyr-sdk-0.16.1/arm-zephyr-eabi/bin/../lib/gcc/arm-zephyr-eabi/12.2.0/thumb/v6-m/nofp/libgcc.a(addsf3.o)
                0x0000000008000428                __aeabi_fadd
 .text          0x0000000008000710      0x1c4 /Users/dinordi/zephyr-sdk-0.16.1/arm-zephyr-eabi/bin/../lib/gcc/arm-zephyr-eabi/12.2.0/thumb/v6-m/nofp/libgcc.a(divsf3.o)
                0x0000000008000710                __aeabi_fdiv
 .text          0x00000000080008d4      0x1ec /Users/dinordi/zephyr-sdk-0.16.1/arm-zephyr-eabi/bin/../lib/gcc/arm-zephyr-eabi/12.2.0/thumb/v6-m/nofp/libgcc.a(mulsf3.o)
                0x00000000080008d4                __aeabi_fmul
 .text          0x0000000008000ac0      0x32c /Users/dinordi/zephyr-sdk-0.16.1/arm-zephyr-eabi/bin/../lib/gcc/arm-zephyr-eabi/12.2.0/thumb/v6-m/nofp/libgcc.a(subsf3.o)
                0x0000000008000ac0                __aeabi_fsub
 .text          0x0000000008000dec       0x3c /Users/dinordi/zephyr-sdk-0.16.1/arm-zephyr-eabi/bin/../lib/gcc/arm-zephyr-eabi/12.2.0/thumb/v6-m/nofp/libgcc.a(fixsfsi.o)
                0x0000000008000dec                __aeabi_f2iz
 .text          0x0000000008000e28       0x88 /Users/dinordi/zephyr-sdk-0.16.1/arm-zephyr-eabi/bin/../lib/gcc/arm-zephyr-eabi/12.2.0/thumb/v6-m/nofp/libgcc.a(floatsisf.o)
                0x0000000008000e28                __aeabi_i2f
 .text          0x0000000008000eb0       0x84 /Users/dinordi/zephyr-sdk-0.16.1/arm-zephyr-eabi/bin/../lib/gcc/arm-zephyr-eabi/12.2.0/thumb/v6-m/nofp/libgcc.a(eqdf2.o)
                0x0000000008000eb0                __eqdf2
                0x0000000008000eb0                __nedf2
 .text          0x0000000008000f34       0xec /Users/dinordi/zephyr-sdk-0.16.1/arm-zephyr-eabi/bin/../lib/gcc/arm-zephyr-eabi/12.2.0/thumb/v6-m/nofp/libgcc.a(gedf2.o)
                0x0000000008000f34                __gtdf2
                0x0000000008000f34                __gedf2
 .text          0x0000000008001020       0xf0 /Users/dinordi/zephyr-sdk-0.16.1/arm-zephyr-eabi/bin/../lib/gcc/arm-zephyr-eabi/12.2.0/thumb/v6-m/nofp/libgcc.a(ledf2.o)
                0x0000000008001020                __ltdf2
                0x0000000008001020                __ledf2
 .text          0x0000000008001110      0x454 /Users/dinordi/zephyr-sdk-0.16.1/arm-zephyr-eabi/bin/../lib/gcc/arm-zephyr-eabi/12.2.0/thumb/v6-m/nofp/libgcc.a(muldf3.o)
                0x0000000008001110                __aeabi_dmul
 .text          0x0000000008001564      0x628 /Users/dinordi/zephyr-sdk-0.16.1/arm-zephyr-eabi/bin/../lib/gcc/arm-zephyr-eabi/12.2.0/thumb/v6-m/nofp/libgcc.a(subdf3.o)
                0x0000000008001564                __aeabi_dsub
 .text          0x0000000008001b8c       0x64 /Users/dinordi/zephyr-sdk-0.16.1/arm-zephyr-eabi/bin/../lib/gcc/arm-zephyr-eabi/12.2.0/thumb/v6-m/nofp/libgcc.a(fixdfsi.o)
                0x0000000008001b8c                __aeabi_d2iz
 .text          0x0000000008001bf0       0x54 /Users/dinordi/zephyr-sdk-0.16.1/arm-zephyr-eabi/bin/../lib/gcc/arm-zephyr-eabi/12.2.0/thumb/v6-m/nofp/libgcc.a(floatsidf.o)
                0x0000000008001bf0                __aeabi_i2d
 .text          0x0000000008001c44       0x84 /Users/dinordi/zephyr-sdk-0.16.1/arm-zephyr-eabi/bin/../lib/gcc/arm-zephyr-eabi/12.2.0/thumb/v6-m/nofp/libgcc.a(extendsfdf2.o)
                0x0000000008001c44                __aeabi_f2d
 .text          0x0000000008001cc8       0x14 /Users/dinordi/zephyr-sdk-0.16.1/arm-zephyr-eabi/bin/../lib/gcc/arm-zephyr-eabi/12.2.0/thumb/v6-m/nofp/libgcc.a(_thumb1_case_uhi.o)
                0x0000000008001cc8                __gnu_thumb1_case_uhi
 .text          0x0000000008001cdc       0x18 /Users/dinordi/zephyr-sdk-0.16.1/arm-zephyr-eabi/bin/../lib/gcc/arm-zephyr-eabi/12.2.0/thumb/v6-m/nofp/libgcc.a(_lshrdi3.o)
                0x0000000008001cdc                __aeabi_llsr
                0x0000000008001cdc                __lshrdi3
 .text          0x0000000008001cf4       0x18 /Users/dinordi/zephyr-sdk-0.16.1/arm-zephyr-eabi/bin/../lib/gcc/arm-zephyr-eabi/12.2.0/thumb/v6-m/nofp/libgcc.a(_ashldi3.o)
                0x0000000008001cf4                __ashldi3
                0x0000000008001cf4                __aeabi_llsl
 .text          0x0000000008001d0c       0x18 /Users/dinordi/zephyr-sdk-0.16.1/arm-zephyr-eabi/bin/../lib/gcc/arm-zephyr-eabi/12.2.0/thumb/v6-m/nofp/libgcc.a(_clzdi2.o)
                0x0000000008001d0c                __clzdi2
 .text          0x0000000008001d24       0x44 /Users/dinordi/zephyr-sdk-0.16.1/arm-zephyr-eabi/bin/../lib/gcc/arm-zephyr-eabi/12.2.0/thumb/v6-m/nofp/libgcc.a(_muldi3.o)
                0x0000000008001d24                __aeabi_lmul
                0x0000000008001d24                __muldi3
 .text          0x0000000008001d68        0xe /Users/dinordi/zephyr-sdk-0.16.1/arm-zephyr-eabi/bin/../lib/gcc/arm-zephyr-eabi/12.2.0/thumb/v6-m/nofp/libgcc.a(_ffssi2.o)
                0x0000000008001d68                __ffssi2
 .text          0x0000000008001d76       0xde /Users/dinordi/zephyr-sdk-0.16.1/arm-zephyr-eabi/bin/../lib/gcc/arm-zephyr-eabi/12.2.0/thumb/v6-m/nofp/libgcc.a(_udivmoddi4.o)
                0x0000000008001d76                __udivmoddi4
 .text          0x0000000008001e54       0x30 /Users/dinordi/zephyr-sdk-0.16.1/arm-zephyr-eabi/bin/../lib/gcc/arm-zephyr-eabi/12.2.0/thumb/v6-m/nofp/libgcc.a(bpabi.o)
                0x0000000008001e54                __gnu_ldivmod_helper
 .text          0x0000000008001e84       0x4e /Users/dinordi/zephyr-sdk-0.16.1/arm-zephyr-eabi/bin/../lib/gcc/arm-zephyr-eabi/12.2.0/thumb/v6-m/nofp/libgcc.a(eqsf2.o)
                0x0000000008001e84                __nesf2
                0x0000000008001e84                __eqsf2
 .text          0x0000000008001ed2       0x9c /Users/dinordi/zephyr-sdk-0.16.1/arm-zephyr-eabi/bin/../lib/gcc/arm-zephyr-eabi/12.2.0/thumb/v6-m/nofp/libgcc.a(gesf2.o)
                0x0000000008001ed2                __gtsf2
                0x0000000008001ed2                __gesf2
 .text          0x0000000008001f6e       0xa0 /Users/dinordi/zephyr-sdk-0.16.1/arm-zephyr-eabi/bin/../lib/gcc/arm-zephyr-eabi/12.2.0/thumb/v6-m/nofp/libgcc.a(lesf2.o)
                0x0000000008001f6e                __lesf2
                0x0000000008001f6e                __ltsf2
 .text          0x000000000800200e      0x142 /Users/dinordi/zephyr-sdk-0.16.1/arm-zephyr-eabi/bin/../lib/gcc/arm-zephyr-eabi/12.2.0/thumb/v6-m/nofp/libgcc.a(_divdi3.o)
                0x000000000800200e                __divdi3
 .text          0x0000000008002150       0x14 /Users/dinordi/zephyr-sdk-0.16.1/arm-zephyr-eabi/bin/../lib/gcc/../../picolibc/arm-zephyr-eabi/lib/thumb/v6-m/nofp/libc.a(strcmp.S.o)
                0x0000000008002150                strcmp
 .text          0x0000000008002164        0xe /Users/dinordi/zephyr-sdk-0.16.1/arm-zephyr-eabi/bin/../lib/gcc/../../picolibc/arm-zephyr-eabi/lib/thumb/v6-m/nofp/libc.a(strlen.S.o)
                0x0000000008002164                strlen
 .text          0x0000000008002172       0x10 /Users/dinordi/zephyr-sdk-0.16.1/arm-zephyr-eabi/bin/../lib/gcc/../../picolibc/arm-zephyr-eabi/lib/thumb/v6-m/nofp/libc.a(strcpy.S.o)
                0x0000000008002172                strcpy
 *(SORT_BY_ALIGNMENT(.text.*))
 *fill*         0x0000000008002182        0x2 
 .text.writeEeprom
                0x0000000008002184       0x44 app/libapp.a(eeprom.c.obj)
                0x0000000008002184                writeEeprom
 .text.writeBigEeprom
                0x00000000080021c8       0x44 app/libapp.a(eeprom.c.obj)
                0x00000000080021c8                writeBigEeprom
 .text.readEeprom
                0x000000000800220c       0x48 app/libapp.a(eeprom.c.obj)
                0x000000000800220c                readEeprom
 .text.readBigEeprom
                0x0000000008002254       0x44 app/libapp.a(eeprom.c.obj)
                0x0000000008002254                readBigEeprom
 .text.returnStorageData
                0x0000000008002298       0x6c app/libapp.a(eeprom.c.obj)
                0x0000000008002298                returnStorageData
 .text.send_str
                0x0000000008002304       0x34 app/libapp.a(esp8266.c.obj)
                0x0000000008002304                send_str
 .text.sendMeasurement
                0x0000000008002338       0x98 app/libapp.a(esp8266.c.obj)
                0x0000000008002338                sendMeasurement
 .text.returnUsartStr
                0x00000000080023d0       0xd0 app/libapp.a(esp8266.c.obj)
                0x00000000080023d0                returnUsartStr
 .text.sendESP  0x00000000080024a0       0x28 app/libapp.a(esp8266.c.obj)
                0x00000000080024a0                sendESP
 .text.readUsart
                0x00000000080024c8       0x50 app/libapp.a(esp8266.c.obj)
                0x00000000080024c8                readUsart
 .text.timerInterrupt
                0x0000000008002518       0x10 app/libapp.a(main.c.obj)
                0x0000000008002518                timerInterrupt
 .text.sleepDevice
                0x0000000008002528       0x70 app/libapp.a(main.c.obj)
                0x0000000008002528                sleepDevice
 .text.sensor_channel_get.constprop.0.isra.0
                0x0000000008002598       0x18 app/libapp.a(main.c.obj)
 .text.upload_thread
                0x00000000080025b0      0x1c4 app/libapp.a(main.c.obj)
                0x00000000080025b0                upload_thread
 .text.eeprom_thread
                0x0000000008002774      0x140 app/libapp.a(main.c.obj)
                0x0000000008002774                eeprom_thread
 .text.wifi_connect
                0x00000000080028b4       0xe0 app/libapp.a(main.c.obj)
                0x00000000080028b4                wifi_connect
 .text.main     0x0000000008002994       0x64 app/libapp.a(main.c.obj)
                0x0000000008002994                main
 .text.parseTime
                0x00000000080029f8       0xfc app/libapp.a(rtc.c.obj)
                0x00000000080029f8                parseTime
 .text.getEpochTime
                0x0000000008002af4       0x4c app/libapp.a(rtc.c.obj)
                0x0000000008002af4                getEpochTime
 .text.char_out
                0x0000000008002b40       0x10 zephyr/libzephyr.a(printk.c.obj)
 .text.__printk_hook_install
                0x0000000008002b50        0xc zephyr/libzephyr.a(printk.c.obj)
                0x0000000008002b50                __printk_hook_install
 .text.vprintk  0x0000000008002b5c       0x30 zephyr/libzephyr.a(printk.c.obj)
                0x0000000008002b5c                vprintk
 .text.z_thread_entry
                0x0000000008002b8c       0x30 zephyr/libzephyr.a(thread_entry.c.obj)
                0x0000000008002b8c                z_thread_entry
 .text.stm32f0_init
                0x0000000008002bbc       0x14 zephyr/libzephyr.a(soc.c.obj)
 .text.z_arm_cpu_idle_init
                0x0000000008002bd0        0xc zephyr/arch/arch/arm/core/aarch32/libarch__arm__core__aarch32.a(cpu_idle.S.obj)
                0x0000000008002bd0                z_arm_cpu_idle_init
 .text.arch_cpu_idle
                0x0000000008002bdc       0x10 zephyr/arch/arch/arm/core/aarch32/libarch__arm__core__aarch32.a(cpu_idle.S.obj)
                0x0000000008002bdc                arch_cpu_idle
 .text.arch_irq_enable
                0x0000000008002bec       0x18 zephyr/arch/arch/arm/core/aarch32/libarch__arm__core__aarch32.a(irq_manage.c.obj)
                0x0000000008002bec                arch_irq_enable
 .text.z_arm_irq_priority_set
                0x0000000008002c04       0x54 zephyr/arch/arch/arm/core/aarch32/libarch__arm__core__aarch32.a(irq_manage.c.obj)
                0x0000000008002c04                z_arm_irq_priority_set
 .text.z_SysNmiOnReset
                0x0000000008002c58        0x4 zephyr/arch/arch/arm/core/aarch32/libarch__arm__core__aarch32.a(nmi_on_reset.S.obj)
                0x0000000008002c58                z_SysNmiOnReset
 .text.arch_swap
                0x0000000008002c5c       0x30 zephyr/arch/arch/arm/core/aarch32/libarch__arm__core__aarch32.a(swap.c.obj)
                0x0000000008002c5c                arch_swap
 .text.z_arm_pendsv
                0x0000000008002c8c       0x70 zephyr/arch/arch/arm/core/aarch32/libarch__arm__core__aarch32.a(swap_helper.S.obj)
                0x0000000008002c8c                z_arm_pendsv
 .text.z_arm_svc
                0x0000000008002cfc       0x24 zephyr/arch/arch/arm/core/aarch32/libarch__arm__core__aarch32.a(swap_helper.S.obj)
                0x0000000008002cfc                z_arm_svc
 .text.arch_new_thread
                0x0000000008002d20       0x2c zephyr/arch/arch/arm/core/aarch32/libarch__arm__core__aarch32.a(thread.c.obj)
                0x0000000008002d20                arch_new_thread
 .text.arch_switch_to_main_thread
                0x0000000008002d4c       0x28 zephyr/arch/arch/arm/core/aarch32/libarch__arm__core__aarch32.a(thread.c.obj)
                0x0000000008002d4c                arch_switch_to_main_thread
 .text._isr_wrapper
                0x0000000008002d74       0x28 zephyr/arch/arch/arm/core/aarch32/libarch__arm__core__aarch32.a(isr_wrapper.S.obj)
                0x0000000008002d74                _isr_wrapper
 .text.arch_tls_stack_setup
                0x0000000008002d9c       0x68 zephyr/arch/arch/arm/core/aarch32/libarch__arm__core__aarch32.a(tls.c.obj)
                0x0000000008002d9c                arch_tls_stack_setup
 .text._HandlerModeExit
                0x0000000008002e04       0x20 zephyr/arch/arch/arm/core/aarch32/cortex_m/libarch__arm__core__aarch32__cortex_m.a(exc_exit.S.obj)
                0x0000000008002e04                z_arm_exc_exit
                0x0000000008002e04                z_arm_int_exit
 .text.z_arm_fault
                0x0000000008002e24       0xa8 zephyr/arch/arch/arm/core/aarch32/cortex_m/libarch__arm__core__aarch32__cortex_m.a(fault.c.obj)
                0x0000000008002e24                z_arm_fault
 .text.__fault  0x0000000008002ecc       0x14 zephyr/arch/arch/arm/core/aarch32/cortex_m/libarch__arm__core__aarch32__cortex_m.a(fault_s.S.obj)
                0x0000000008002ecc                z_arm_exc_spurious
                0x0000000008002ecc                z_arm_hard_fault
 .text.z_arm_interrupt_init
                0x0000000008002ee0       0x30 zephyr/arch/arch/arm/core/aarch32/cortex_m/libarch__arm__core__aarch32__cortex_m.a(irq_init.c.obj)
                0x0000000008002ee0                z_arm_interrupt_init
 .text._reset_section
                0x0000000008002f10       0x28 zephyr/arch/arch/arm/core/aarch32/cortex_m/libarch__arm__core__aarch32__cortex_m.a(reset.S.obj)
                0x0000000008002f10                z_arm_reset
                0x0000000008002f10                __start
 .text.z_impl_k_thread_abort
                0x0000000008002f38       0x38 zephyr/arch/arch/arm/core/aarch32/cortex_m/libarch__arm__core__aarch32__cortex_m.a(thread_abort.c.obj)
                0x0000000008002f38                z_impl_k_thread_abort
 .text.z_impl_zephyr_fputc
                0x0000000008002f70       0x10 zephyr/lib/libc/picolibc/liblib__libc__picolibc.a(libc-hooks.c.obj)
                0x0000000008002f70                z_impl_zephyr_fputc
 .text.__stdout_hook_install
                0x0000000008002f80       0x18 zephyr/lib/libc/picolibc/liblib__libc__picolibc.a(libc-hooks.c.obj)
                0x0000000008002f80                __stdout_hook_install
 .text.malloc_prepare
                0x0000000008002f98       0x24 zephyr/lib/libc/common/liblib__libc__common.a(malloc.c.obj)
 .text.sys_mutex_unlock.constprop.0.isra.0
                0x0000000008002fbc       0x10 zephyr/lib/libc/common/liblib__libc__common.a(malloc.c.obj)
 .text.malloc   0x0000000008002fcc       0x40 zephyr/lib/libc/common/liblib__libc__common.a(malloc.c.obj)
                0x0000000008002fcc                malloc
 .text.free     0x000000000800300c       0x28 zephyr/lib/libc/common/liblib__libc__common.a(malloc.c.obj)
                0x000000000800300c                free
 .text.stm32_exti_isr
                0x0000000008003034       0x44 zephyr/drivers/interrupt_controller/libdrivers__interrupt_controller.a(intc_exti_stm32.c.obj)
 .text.stm32_exti_init
                0x0000000008003078       0x40 zephyr/drivers/interrupt_controller/libdrivers__interrupt_controller.a(intc_exti_stm32.c.obj)
 .text.stm32_exti_enable
                0x00000000080030b8       0x24 zephyr/drivers/interrupt_controller/libdrivers__interrupt_controller.a(intc_exti_stm32.c.obj)
                0x00000000080030b8                stm32_exti_enable
 .text.stm32_exti_disable
                0x00000000080030dc       0x18 zephyr/drivers/interrupt_controller/libdrivers__interrupt_controller.a(intc_exti_stm32.c.obj)
                0x00000000080030dc                stm32_exti_disable
 .text.stm32_exti_trigger
                0x00000000080030f4       0x54 zephyr/drivers/interrupt_controller/libdrivers__interrupt_controller.a(intc_exti_stm32.c.obj)
                0x00000000080030f4                stm32_exti_trigger
 .text.stm32_exti_set_callback
                0x0000000008003148       0x2c zephyr/drivers/interrupt_controller/libdrivers__interrupt_controller.a(intc_exti_stm32.c.obj)
                0x0000000008003148                stm32_exti_set_callback
 .text.stm32_exti_unset_callback
                0x0000000008003174       0x14 zephyr/drivers/interrupt_controller/libdrivers__interrupt_controller.a(intc_exti_stm32.c.obj)
                0x0000000008003174                stm32_exti_unset_callback
 .text.adc_stm32_disable
                0x0000000008003188       0x3c zephyr/drivers/adc/libdrivers__adc.a(adc_stm32.c.obj)
 .text.adc_stm32_channel_setup
                0x00000000080031c4       0xa4 zephyr/drivers/adc/libdrivers__adc.a(adc_stm32.c.obj)
 .text.adc_stm32_calib.isra.0
                0x0000000008003268       0x1c zephyr/drivers/adc/libdrivers__adc.a(adc_stm32.c.obj)
 .text.adc_context_start_sampling
                0x0000000008003284       0x28 zephyr/drivers/adc/libdrivers__adc.a(adc_stm32.c.obj)
 .text.adc_stm32_enable
                0x00000000080032ac       0x48 zephyr/drivers/adc/libdrivers__adc.a(adc_stm32.c.obj)
 .text.adc_stm32_read
                0x00000000080032f4      0x260 zephyr/drivers/adc/libdrivers__adc.a(adc_stm32.c.obj)
 .text.adc_stm32_isr
                0x0000000008003554      0x120 zephyr/drivers/adc/libdrivers__adc.a(adc_stm32.c.obj)
 .text.adc_stm32_init
                0x0000000008003674       0xb8 zephyr/drivers/adc/libdrivers__adc.a(adc_stm32.c.obj)
 .text.stm32_clock_control_on
                0x000000000800372c       0x24 zephyr/drivers/clock_control/libdrivers__clock_control.a(clock_stm32_ll_common.c.obj)
 .text.stm32_clock_control_off
                0x0000000008003750       0x24 zephyr/drivers/clock_control/libdrivers__clock_control.a(clock_stm32_ll_common.c.obj)
 .text.stm32_clock_control_get_status
                0x0000000008003774       0x30 zephyr/drivers/clock_control/libdrivers__clock_control.a(clock_stm32_ll_common.c.obj)
 .text.stm32_clock_control_get_subsys_rate
                0x00000000080037a4       0x60 zephyr/drivers/clock_control/libdrivers__clock_control.a(clock_stm32_ll_common.c.obj)
 .text.stm32_clock_control_init
                0x0000000008003804      0x130 zephyr/drivers/clock_control/libdrivers__clock_control.a(clock_stm32_ll_common.c.obj)
                0x0000000008003804                stm32_clock_control_init
 .text.stm32_clock_control_configure
                0x0000000008003934       0x58 zephyr/drivers/clock_control/libdrivers__clock_control.a(clock_stm32_ll_common.c.obj)
 .text.config_pll_sysclock
                0x000000000800398c       0x24 zephyr/drivers/clock_control/libdrivers__clock_control.a(clock_stm32f0_f3.c.obj)
                0x000000000800398c                config_pll_sysclock
 .text.get_pllout_frequency
                0x00000000080039b0        0x8 zephyr/drivers/clock_control/libdrivers__clock_control.a(clock_stm32f0_f3.c.obj)
                0x00000000080039b0                get_pllout_frequency
 .text.config_enable_default_clocks
                0x00000000080039b8       0x30 zephyr/drivers/clock_control/libdrivers__clock_control.a(clock_stm32f0_f3.c.obj)
                0x00000000080039b8                config_enable_default_clocks
 .text.uart_console_init
                0x00000000080039e8       0x2c zephyr/drivers/console/libdrivers__console.a(uart_console.c.obj)
 .text.console_out
                0x0000000008003a14       0x28 zephyr/drivers/console/libdrivers__console.a(uart_console.c.obj)
 .text.gpio_stm32_init
                0x0000000008003a3c       0x34 zephyr/drivers/gpio/libdrivers__gpio.a(gpio_stm32.c.obj)
 .text.gpio_stm32_pin_interrupt_configure
                0x0000000008003a70       0xc0 zephyr/drivers/gpio/libdrivers__gpio.a(gpio_stm32.c.obj)
 .text.msg_init
                0x0000000008003b30       0xb0 zephyr/drivers/i2c/libdrivers__i2c.a(i2c_ll_stm32_v2.c.obj)
 .text.stm32_i2c_combined_isr
                0x0000000008003be0       0xc0 zephyr/drivers/i2c/libdrivers__i2c.a(i2c_ll_stm32_v2.c.obj)
                0x0000000008003be0                stm32_i2c_combined_isr
 .text.stm32_i2c_configure_timing
                0x0000000008003ca0      0x150 zephyr/drivers/i2c/libdrivers__i2c.a(i2c_ll_stm32_v2.c.obj)
                0x0000000008003ca0                stm32_i2c_configure_timing
 .text.stm32_i2c_transaction
                0x0000000008003df0      0x164 zephyr/drivers/i2c/libdrivers__i2c.a(i2c_ll_stm32_v2.c.obj)
                0x0000000008003df0                stm32_i2c_transaction
 .text.i2c_stm32_runtime_configure
                0x0000000008003f54       0x70 zephyr/drivers/i2c/libdrivers__i2c.a(i2c_ll_stm32.c.obj)
                0x0000000008003f54                i2c_stm32_runtime_configure
 .text.i2c_stm32_init
                0x0000000008003fc4       0xe0 zephyr/drivers/i2c/libdrivers__i2c.a(i2c_ll_stm32.c.obj)
 .text.pinctrl_configure_pins
                0x00000000080040a4       0x8c zephyr/drivers/pinctrl/libdrivers__pinctrl.a(pinctrl_stm32.c.obj)
                0x00000000080040a4                pinctrl_configure_pins
 .text.bme280_channel_get
                0x0000000008004130       0x84 zephyr/drivers/sensor/bme280/libdrivers__sensor__bme280.a(bme280.c.obj)
 .text.bme280_sample_fetch
                0x00000000080041b4      0x270 zephyr/drivers/sensor/bme280/libdrivers__sensor__bme280.a(bme280.c.obj)
 .text.stm32_temp_channel_get
                0x0000000008004424      0x120 zephyr/drivers/sensor/stm32_temp/libdrivers__sensor__stm32_temp.a(stm32_temp.c.obj)
 .text.stm32_vref_channel_get
                0x0000000008004544       0xc8 zephyr/drivers/sensor/stm32_vref/libdrivers__sensor__stm32_vref.a(stm32_vref.c.obj)
 .text.uart_stm32_set_baudrate
                0x000000000800460c       0x40 zephyr/drivers/serial/libdrivers__serial.a(uart_stm32.c.obj)
 .text.uart_stm32_irq_err_disable
                0x000000000800464c       0x38 zephyr/drivers/serial/libdrivers__serial.a(uart_stm32.c.obj)
 .text.uart_stm32_parameters_set
                0x0000000008004684      0x140 zephyr/drivers/serial/libdrivers__serial.a(uart_stm32.c.obj)
 .text.uart_stm32_configure
                0x00000000080047c4       0xcc zephyr/drivers/serial/libdrivers__serial.a(uart_stm32.c.obj)
 .text.uart_stm32_init
                0x0000000008004890      0x170 zephyr/drivers/serial/libdrivers__serial.a(uart_stm32.c.obj)
 .text.uart_stm32_config_get
                0x0000000008004a00       0x94 zephyr/drivers/serial/libdrivers__serial.a(uart_stm32.c.obj)
 .text.elapsed  0x0000000008004a94       0x38 zephyr/drivers/timer/libdrivers__timer.a(cortex_m_systick.c.obj)
 .text.sys_clock_driver_init
                0x0000000008004acc       0x3c zephyr/drivers/timer/libdrivers__timer.a(cortex_m_systick.c.obj)
 .text.sys_clock_isr
                0x0000000008004b08       0x44 zephyr/drivers/timer/libdrivers__timer.a(cortex_m_systick.c.obj)
                0x0000000008004b08                sys_clock_isr
 .text.sys_clock_set_timeout
                0x0000000008004b4c       0xf0 zephyr/drivers/timer/libdrivers__timer.a(cortex_m_systick.c.obj)
                0x0000000008004b4c                sys_clock_set_timeout
 .text.sys_clock_elapsed
                0x0000000008004c3c       0x34 zephyr/drivers/timer/libdrivers__timer.a(cortex_m_systick.c.obj)
                0x0000000008004c3c                sys_clock_elapsed
 .text.sys_clock_cycle_get_32
                0x0000000008004c70       0x24 zephyr/drivers/timer/libdrivers__timer.a(cortex_m_systick.c.obj)
                0x0000000008004c70                sys_clock_cycle_get_32
 .text.rtc_stm32_get_time
                0x0000000008004c94       0xa4 zephyr/drivers/rtc/libdrivers__rtc.a(rtc_ll_stm32.c.obj)
 .text.rtc_stm32_set_time
                0x0000000008004d38      0x158 zephyr/drivers/rtc/libdrivers__rtc.a(rtc_ll_stm32.c.obj)
 .text.rtc_stm32_init
                0x0000000008004e90       0x88 zephyr/drivers/rtc/libdrivers__rtc.a(rtc_ll_stm32.c.obj)
 .text.HAL_RCC_GetSysClockFreq
                0x0000000008004f18       0x4c modules/stm32/stm32cube/lib..__modules__hal__stm32__stm32cube.a(stm32f0xx_hal_rcc.c.obj)
                0x0000000008004f18                HAL_RCC_GetSysClockFreq
 .text.LL_RTC_EnterInitMode
                0x0000000008004f64       0x54 modules/stm32/stm32cube/lib..__modules__hal__stm32__stm32cube.a(stm32f0xx_ll_rtc.c.obj)
                0x0000000008004f64                LL_RTC_EnterInitMode
 .text.LL_RTC_Init
                0x0000000008004fb8       0x50 modules/stm32/stm32cube/lib..__modules__hal__stm32__stm32cube.a(stm32f0xx_ll_rtc.c.obj)
                0x0000000008004fb8                LL_RTC_Init
 .text.LL_SetFlashLatency
                0x0000000008005008       0x38 modules/stm32/stm32cube/lib..__modules__hal__stm32__stm32cube.a(stm32f0xx_ll_utils.c.obj)
                0x0000000008005008                LL_SetFlashLatency
 .text.z_impl_k_busy_wait
                0x0000000008005040       0x38 zephyr/kernel/libkernel.a(busy_wait.c.obj)
                0x0000000008005040                z_impl_k_busy_wait
 .text.z_fatal_error
                0x0000000008005078       0x30 zephyr/kernel/libkernel.a(fatal.c.obj)
                0x0000000008005078                z_fatal_error
 .text.z_sys_init_run_level
                0x00000000080050a8       0x54 zephyr/kernel/libkernel.a(init.c.obj)
 .text.bg_thread_main
                0x00000000080050fc       0x34 zephyr/kernel/libkernel.a(init.c.obj)
 .text.z_bss_zero
                0x0000000008005130       0x18 zephyr/kernel/libkernel.a(init.c.obj)
                0x0000000008005130                z_bss_zero
 .text.z_init_cpu
                0x0000000008005148       0x74 zephyr/kernel/libkernel.a(init.c.obj)
                0x0000000008005148                z_init_cpu
 .text.z_cstart
                0x00000000080051bc       0xb0 zephyr/kernel/libkernel.a(init.c.obj)
                0x00000000080051bc                z_cstart
 .text.z_setup_new_thread
                0x000000000800526c       0x70 zephyr/kernel/libkernel.a(thread.c.obj)
                0x000000000800526c                z_setup_new_thread
 .text.z_init_static_threads
                0x00000000080052dc       0x90 zephyr/kernel/libkernel.a(thread.c.obj)
                0x00000000080052dc                z_init_static_threads
 .text.z_impl_k_msgq_put
                0x000000000800536c       0x9c zephyr/kernel/libkernel.a(msg_q.c.obj)
                0x000000000800536c                z_impl_k_msgq_put
 .text.z_impl_k_msgq_get
                0x0000000008005408       0xa8 zephyr/kernel/libkernel.a(msg_q.c.obj)
                0x0000000008005408                z_impl_k_msgq_get
 .text.z_impl_k_mutex_lock
                0x00000000080054b0       0xf0 zephyr/kernel/libkernel.a(mutex.c.obj)
                0x00000000080054b0                z_impl_k_mutex_lock
 .text.z_impl_k_mutex_unlock
                0x00000000080055a0       0x74 zephyr/kernel/libkernel.a(mutex.c.obj)
                0x00000000080055a0                z_impl_k_mutex_unlock
 .text.z_impl_k_sem_give
                0x0000000008005614       0x44 zephyr/kernel/libkernel.a(sem.c.obj)
                0x0000000008005614                z_impl_k_sem_give
 .text.z_impl_k_sem_take
                0x0000000008005658       0x4c zephyr/kernel/libkernel.a(sem.c.obj)
                0x0000000008005658                z_impl_k_sem_take
 .text.sliceable
                0x00000000080056a4       0x40 zephyr/kernel/libkernel.a(sched.c.obj)
 .text.slice_timeout
                0x00000000080056e4       0x20 zephyr/kernel/libkernel.a(sched.c.obj)
 .text.z_reset_time_slice
                0x0000000008005704       0x4c zephyr/kernel/libkernel.a(sched.c.obj)
                0x0000000008005704                z_reset_time_slice
 .text.update_cache
                0x0000000008005750       0x44 zephyr/kernel/libkernel.a(sched.c.obj)
 .text.move_thread_to_end_of_prio_q
                0x0000000008005794       0x78 zephyr/kernel/libkernel.a(sched.c.obj)
 .text.ready_thread
                0x000000000800580c       0x6c zephyr/kernel/libkernel.a(sched.c.obj)
 .text.unready_thread
                0x0000000008005878       0x2c zephyr/kernel/libkernel.a(sched.c.obj)
 .text.pend_locked
                0x00000000080058a4       0x2c zephyr/kernel/libkernel.a(sched.c.obj)
 .text.z_time_slice
                0x00000000080058d0       0x58 zephyr/kernel/libkernel.a(sched.c.obj)
                0x00000000080058d0                z_time_slice
 .text.z_pend_curr
                0x0000000008005928       0x30 zephyr/kernel/libkernel.a(sched.c.obj)
                0x0000000008005928                z_pend_curr
 .text.z_set_prio
                0x0000000008005958       0x8c zephyr/kernel/libkernel.a(sched.c.obj)
                0x0000000008005958                z_set_prio
 .text.z_reschedule
                0x00000000080059e4       0x2c zephyr/kernel/libkernel.a(sched.c.obj)
                0x00000000080059e4                z_reschedule
 .text.z_sched_start
                0x0000000008005a10       0x34 zephyr/kernel/libkernel.a(sched.c.obj)
                0x0000000008005a10                z_sched_start
 .text.z_impl_k_thread_suspend
                0x0000000008005a44       0x58 zephyr/kernel/libkernel.a(sched.c.obj)
                0x0000000008005a44                z_impl_k_thread_suspend
 .text.k_sched_lock
                0x0000000008005a9c       0x20 zephyr/kernel/libkernel.a(sched.c.obj)
                0x0000000008005a9c                k_sched_lock
 .text.k_sched_unlock
                0x0000000008005abc       0x2c zephyr/kernel/libkernel.a(sched.c.obj)
                0x0000000008005abc                k_sched_unlock
 .text.z_sched_init
                0x0000000008005ae8       0x14 zephyr/kernel/libkernel.a(sched.c.obj)
                0x0000000008005ae8                z_sched_init
 .text.z_impl_k_yield
                0x0000000008005afc       0x78 zephyr/kernel/libkernel.a(sched.c.obj)
                0x0000000008005afc                z_impl_k_yield
 .text.z_tick_sleep
                0x0000000008005b74       0x8c zephyr/kernel/libkernel.a(sched.c.obj)
 .text.z_impl_k_sleep
                0x0000000008005c00       0x30 zephyr/kernel/libkernel.a(sched.c.obj)
                0x0000000008005c00                z_impl_k_sleep
 .text.z_impl_z_current_get
                0x0000000008005c30        0xc zephyr/kernel/libkernel.a(sched.c.obj)
                0x0000000008005c30                z_impl_z_current_get
 .text.z_thread_abort
                0x0000000008005c3c       0xb8 zephyr/kernel/libkernel.a(sched.c.obj)
                0x0000000008005c3c                z_thread_abort
 .text.z_data_copy
                0x0000000008005cf4       0x34 zephyr/kernel/libkernel.a(xip.c.obj)
                0x0000000008005cf4                z_data_copy
 .text.elapsed  0x0000000008005d28       0x18 zephyr/kernel/libkernel.a(timeout.c.obj)
 .text.next_timeout
                0x0000000008005d40       0x44 zephyr/kernel/libkernel.a(timeout.c.obj)
 .text.remove_timeout
                0x0000000008005d84       0x38 zephyr/kernel/libkernel.a(timeout.c.obj)
 .text.z_add_timeout
                0x0000000008005dbc       0xdc zephyr/kernel/libkernel.a(timeout.c.obj)
                0x0000000008005dbc                z_add_timeout
 .text.sys_clock_announce
                0x0000000008005e98       0xdc zephyr/kernel/libkernel.a(timeout.c.obj)
                0x0000000008005e98                sys_clock_announce
 .text.sys_clock_tick_get
                0x0000000008005f74       0x2c zephyr/kernel/libkernel.a(timeout.c.obj)
                0x0000000008005f74                sys_clock_tick_get
 .text.z_timer_expiration_handler
                0x0000000008005fa0       0xe8 zephyr/kernel/libkernel.a(timer.c.obj)
                0x0000000008005fa0                z_timer_expiration_handler
 .text.z_impl_k_timer_start
                0x0000000008006088       0x5c zephyr/kernel/libkernel.a(timer.c.obj)
                0x0000000008006088                z_impl_k_timer_start
 .text.boot_banner
                0x00000000080060e4       0x10 zephyr/kernel/libkernel.a(banner.c.obj)
                0x00000000080060e4                boot_banner
 .text.statics_init
                0x00000000080060f4       0x24 zephyr/kernel/libkernel.a(kheap.c.obj)
 .text.asctime  0x0000000008006118       0x18 /Users/dinordi/zephyr-sdk-0.16.1/arm-zephyr-eabi/bin/../lib/gcc/../../picolibc/arm-zephyr-eabi/lib/thumb/v6-m/nofp/libc.a(libc_time_asctime.c.o)
                0x0000000008006118                asctime
 .text.asctime_r
                0x0000000008006130       0x50 /Users/dinordi/zephyr-sdk-0.16.1/arm-zephyr-eabi/bin/../lib/gcc/../../picolibc/arm-zephyr-eabi/lib/thumb/v6-m/nofp/libc.a(libc_time_asctime_r.c.o)
                0x0000000008006130                asctime_r
 .text.localtime
                0x0000000008006180       0x18 /Users/dinordi/zephyr-sdk-0.16.1/arm-zephyr-eabi/bin/../lib/gcc/../../picolibc/arm-zephyr-eabi/lib/thumb/v6-m/nofp/libc.a(libc_time_lcltime.c.o)
                0x0000000008006180                localtime
 .text.localtime_r
                0x0000000008006198      0x1f8 /Users/dinordi/zephyr-sdk-0.16.1/arm-zephyr-eabi/bin/../lib/gcc/../../picolibc/arm-zephyr-eabi/lib/thumb/v6-m/nofp/libc.a(libc_time_lcltime_r.c.o)
                0x0000000008006198                localtime_r
 .text.validate_structure
                0x0000000008006390      0x14c /Users/dinordi/zephyr-sdk-0.16.1/arm-zephyr-eabi/bin/../lib/gcc/../../picolibc/arm-zephyr-eabi/lib/thumb/v6-m/nofp/libc.a(libc_time_mktime.c.o)
 .text.mktime_utc
                0x00000000080064dc       0xc8 /Users/dinordi/zephyr-sdk-0.16.1/arm-zephyr-eabi/bin/../lib/gcc/../../picolibc/arm-zephyr-eabi/lib/thumb/v6-m/nofp/libc.a(libc_time_mktime.c.o)
 .text.mktime   0x00000000080065a4      0x1c8 /Users/dinordi/zephyr-sdk-0.16.1/arm-zephyr-eabi/bin/../lib/gcc/../../picolibc/arm-zephyr-eabi/lib/thumb/v6-m/nofp/libc.a(libc_time_mktime.c.o)
                0x00000000080065a4                mktime
 .text.iso_year_adjust
                0x000000000800676c       0xa4 /Users/dinordi/zephyr-sdk-0.16.1/arm-zephyr-eabi/bin/../lib/gcc/../../picolibc/arm-zephyr-eabi/lib/thumb/v6-m/nofp/libc.a(libc_time_strftime.c.o)
 .text.__strftime.isra.0
                0x0000000008006810      0x9dc /Users/dinordi/zephyr-sdk-0.16.1/arm-zephyr-eabi/bin/../lib/gcc/../../picolibc/arm-zephyr-eabi/lib/thumb/v6-m/nofp/libc.a(libc_time_strftime.c.o)
 .text.__tzcalc_limits
                0x00000000080071ec      0x178 /Users/dinordi/zephyr-sdk-0.16.1/arm-zephyr-eabi/bin/../lib/gcc/../../picolibc/arm-zephyr-eabi/lib/thumb/v6-m/nofp/libc.a(libc_time_tzcalc_limits.c.o)
                0x00000000080071ec                __tzcalc_limits
 .text._tzset_unlocked
                0x0000000008007364      0x430 /Users/dinordi/zephyr-sdk-0.16.1/arm-zephyr-eabi/bin/../lib/gcc/../../picolibc/arm-zephyr-eabi/lib/thumb/v6-m/nofp/libc.a(libc_time_tzset.c.o)
                0x0000000008007364                _tzset_unlocked
 .text.snprintf
                0x0000000008007794       0x5c /Users/dinordi/zephyr-sdk-0.16.1/arm-zephyr-eabi/bin/../lib/gcc/../../picolibc/arm-zephyr-eabi/lib/thumb/v6-m/nofp/libc.a(libc_tinystdio_snprintf.c.o)
                0x0000000008007794                snprintf
 .text.sprintf  0x00000000080077f0       0x50 /Users/dinordi/zephyr-sdk-0.16.1/arm-zephyr-eabi/bin/../lib/gcc/../../picolibc/arm-zephyr-eabi/lib/thumb/v6-m/nofp/libc.a(libc_tinystdio_sprintf.c.o)
                0x00000000080077f0                sprintf
 .text.sscanf   0x0000000008007840       0x3c /Users/dinordi/zephyr-sdk-0.16.1/arm-zephyr-eabi/bin/../lib/gcc/../../picolibc/arm-zephyr-eabi/lib/thumb/v6-m/nofp/libc.a(libc_tinystdio_sscanf.c.o)
                0x0000000008007840                sscanf
 .text.strtoul  0x000000000800787c      0x118 /Users/dinordi/zephyr-sdk-0.16.1/arm-zephyr-eabi/bin/../lib/gcc/../../picolibc/arm-zephyr-eabi/lib/thumb/v6-m/nofp/libc.a(libc_tinystdio_strtoul.c.o)
                0x000000000800787c                strtoul
 .text.__ultoa_invert
                0x0000000008007994       0x40 /Users/dinordi/zephyr-sdk-0.16.1/arm-zephyr-eabi/bin/../lib/gcc/../../picolibc/arm-zephyr-eabi/lib/thumb/v6-m/nofp/libc.a(libc_tinystdio_vfiprintf.c.o)
 .text.__i_vfprintf
                0x00000000080079d4      0x478 /Users/dinordi/zephyr-sdk-0.16.1/arm-zephyr-eabi/bin/../lib/gcc/../../picolibc/arm-zephyr-eabi/lib/thumb/v6-m/nofp/libc.a(libc_tinystdio_vfiprintf.c.o)
                0x00000000080079d4                __i_vfprintf
 .text.__i_vfscanf
                0x0000000008007e4c      0x430 /Users/dinordi/zephyr-sdk-0.16.1/arm-zephyr-eabi/bin/../lib/gcc/../../picolibc/arm-zephyr-eabi/lib/thumb/v6-m/nofp/libc.a(libc_tinystdio_vfiscanf.c.o)
                0x0000000008007e4c                __i_vfscanf
 .text._findenv
                0x000000000800827c       0x7c /Users/dinordi/zephyr-sdk-0.16.1/arm-zephyr-eabi/bin/../lib/gcc/../../picolibc/arm-zephyr-eabi/lib/thumb/v6-m/nofp/libc.a(libc_stdlib_getenv_r.c.o)
                0x000000000800827c                _findenv
 .text.__gettzinfo
                0x00000000080082f8        0x8 /Users/dinordi/zephyr-sdk-0.16.1/arm-zephyr-eabi/bin/../lib/gcc/../../picolibc/arm-zephyr-eabi/lib/thumb/v6-m/nofp/libc.a(libc_time_gettzinfo.c.o)
                0x00000000080082f8                __gettzinfo
 .text.gmtime_r
                0x0000000008008300      0x1b0 /Users/dinordi/zephyr-sdk-0.16.1/arm-zephyr-eabi/bin/../lib/gcc/../../picolibc/arm-zephyr-eabi/lib/thumb/v6-m/nofp/libc.a(libc_time_gmtime_r.c.o)
                0x0000000008008300                gmtime_r
 .text._OffsetAbsSyms
                0x00000000080084b0        0x2 zephyr/CMakeFiles/offsets.dir/./arch/arm/core/offsets/offsets.c.obj
                0x00000000080084b0                _OffsetAbsSyms
 .text.eeprom_read
                0x00000000080084b2        0xa app/libapp.a(eeprom.c.obj)
 .text.eeprom_write
                0x00000000080084bc        0xa app/libapp.a(eeprom.c.obj)
 .text.eeprom_24lc64_size
                0x00000000080084c6        0x6 app/libapp.a(eeprom_24lc64.c.obj)
 .text.eeprom_24lc64_read
                0x00000000080084cc       0x44 app/libapp.a(eeprom_24lc64.c.obj)
 .text.eeprom_24lc64_init
                0x0000000008008510        0xe app/libapp.a(eeprom_24lc64.c.obj)
 .text.eeprom_24lc64_write
                0x000000000800851e       0x40 app/libapp.a(eeprom_24lc64.c.obj)
 .text.k_sem_give
                0x000000000800855e        0x8 app/libapp.a(main.c.obj)
 .text.k_sem_take.constprop.0.isra.0
                0x0000000008008566        0x8 app/libapp.a(main.c.obj)
 .text.k_sleep.isra.0
                0x000000000800856e        0x8 app/libapp.a(main.c.obj)
 .text.arch_printk_char_out
                0x0000000008008576        0x4 zephyr/libzephyr.a(printk.c.obj)
                0x0000000008008576                arch_printk_char_out
 .text.printk   0x000000000800857a       0x16 zephyr/libzephyr.a(printk.c.obj)
                0x000000000800857a                printk
 .text.chunk_size
                0x0000000008008590        0xa zephyr/libzephyr.a(heap.c.obj)
 .text.free_list_add
                0x000000000800859a       0x4e zephyr/libzephyr.a(heap.c.obj)
 .text.free_list_remove_bidx
                0x00000000080085e8       0x36 zephyr/libzephyr.a(heap.c.obj)
 .text.free_list_remove
                0x000000000800861e       0x1c zephyr/libzephyr.a(heap.c.obj)
 .text.alloc_chunk
                0x000000000800863a       0x7e zephyr/libzephyr.a(heap.c.obj)
 .text.merge_chunks
                0x00000000080086b8       0x30 zephyr/libzephyr.a(heap.c.obj)
 .text.split_chunks
                0x00000000080086e8       0x34 zephyr/libzephyr.a(heap.c.obj)
 .text.free_chunk
                0x000000000800871c       0x60 zephyr/libzephyr.a(heap.c.obj)
 .text.sys_heap_free
                0x000000000800877c       0x20 zephyr/libzephyr.a(heap.c.obj)
                0x000000000800877c                sys_heap_free
 .text.sys_heap_alloc
                0x000000000800879c       0x56 zephyr/libzephyr.a(heap.c.obj)
                0x000000000800879c                sys_heap_alloc
 .text.sys_heap_aligned_alloc
                0x00000000080087f2       0xc8 zephyr/libzephyr.a(heap.c.obj)
                0x00000000080087f2                sys_heap_aligned_alloc
 .text.sys_heap_init
                0x00000000080088ba       0x74 zephyr/libzephyr.a(heap.c.obj)
                0x00000000080088ba                sys_heap_init
 .text._ConfigAbsSyms
                0x000000000800892e        0x2 zephyr/libzephyr.a(configs.c.obj)
                0x000000000800892e                _ConfigAbsSyms
 .text.relocate_vector_table
                0x0000000008008930        0x2 zephyr/libzephyr.a(soc.c.obj)
                0x0000000008008930                relocate_vector_table
 .text.st_stm32_common_config
                0x0000000008008932        0x4 zephyr/libzephyr.a(soc_config.c.obj)
 .text.z_arm_fatal_error
                0x0000000008008936        0x8 zephyr/arch/arch/arm/core/aarch32/libarch__arm__core__aarch32.a(fatal.c.obj)
                0x0000000008008936                z_arm_fatal_error
 .text.z_do_kernel_oops
                0x000000000800893e        0xc zephyr/arch/arch/arm/core/aarch32/libarch__arm__core__aarch32.a(fatal.c.obj)
                0x000000000800893e                z_do_kernel_oops
 .text.z_irq_spurious
                0x000000000800894a        0xc zephyr/arch/arch/arm/core/aarch32/libarch__arm__core__aarch32.a(irq_manage.c.obj)
                0x000000000800894a                z_irq_spurious
 .text.z_arm_nmi
                0x0000000008008956        0xc zephyr/arch/arch/arm/core/aarch32/libarch__arm__core__aarch32.a(nmi.c.obj)
                0x0000000008008956                z_arm_nmi
 .text.z_arm_prep_c
                0x0000000008008962       0x16 zephyr/arch/arch/arm/core/aarch32/libarch__arm__core__aarch32.a(prep_c.c.obj)
                0x0000000008008962                z_arm_prep_c
 .text.z_arm_fault_init
                0x0000000008008978        0x2 zephyr/arch/arch/arm/core/aarch32/cortex_m/libarch__arm__core__aarch32__cortex_m.a(fault.c.obj)
                0x0000000008008978                z_arm_fault_init
 .text.picolibc_put
                0x000000000800897a        0xa zephyr/lib/libc/picolibc/liblib__libc__picolibc.a(libc-hooks.c.obj)
 .text.__retarget_lock_acquire_recursive
                0x0000000008008984        0xe zephyr/lib/libc/picolibc/liblib__libc__picolibc.a(libc-hooks.c.obj)
                0x0000000008008984                __retarget_lock_acquire_recursive
 .text.__retarget_lock_release_recursive
                0x0000000008008992        0x8 zephyr/lib/libc/picolibc/liblib__libc__picolibc.a(libc-hooks.c.obj)
                0x0000000008008992                __retarget_lock_release_recursive
 .text.adc_stm32_cfg_func_0
                0x000000000800899a       0x14 zephyr/drivers/adc/libdrivers__adc.a(adc_stm32.c.obj)
 .text.adc_context_on_timer_expired
                0x00000000080089ae       0x22 zephyr/drivers/adc/libdrivers__adc.a(adc_stm32.c.obj)
 .text.gpio_stm32_port_get_raw
                0x00000000080089d0        0xc zephyr/drivers/gpio/libdrivers__gpio.a(gpio_stm32.c.obj)
 .text.gpio_stm32_port_set_masked_raw
                0x00000000080089dc       0x12 zephyr/drivers/gpio/libdrivers__gpio.a(gpio_stm32.c.obj)
 .text.gpio_stm32_port_set_bits_raw
                0x00000000080089ee        0xa zephyr/drivers/gpio/libdrivers__gpio.a(gpio_stm32.c.obj)
 .text.gpio_stm32_port_clear_bits_raw
                0x00000000080089f8        0xa zephyr/drivers/gpio/libdrivers__gpio.a(gpio_stm32.c.obj)
 .text.gpio_stm32_port_toggle_bits
                0x0000000008008a02        0xe zephyr/drivers/gpio/libdrivers__gpio.a(gpio_stm32.c.obj)
 .text.gpio_stm32_manage_callback
                0x0000000008008a10       0x58 zephyr/drivers/gpio/libdrivers__gpio.a(gpio_stm32.c.obj)
 .text.gpio_stm32_configure_raw.isra.0
                0x0000000008008a68       0xa2 zephyr/drivers/gpio/libdrivers__gpio.a(gpio_stm32.c.obj)
 .text.gpio_stm32_config
                0x0000000008008b0a       0x70 zephyr/drivers/gpio/libdrivers__gpio.a(gpio_stm32.c.obj)
 .text.gpio_stm32_isr
                0x0000000008008b7a       0x34 zephyr/drivers/gpio/libdrivers__gpio.a(gpio_stm32.c.obj)
 .text.gpio_stm32_configure
                0x0000000008008bae       0x2a zephyr/drivers/gpio/libdrivers__gpio.a(gpio_stm32.c.obj)
                0x0000000008008bae                gpio_stm32_configure
 .text.stm32_i2c_enable_transfer_interrupts.isra.0
                0x0000000008008bd8       0x24 zephyr/drivers/i2c/libdrivers__i2c.a(i2c_ll_stm32_v2.c.obj)
 .text.stm32_i2c_disable_transfer_interrupts.isra.0
                0x0000000008008bfc       0x34 zephyr/drivers/i2c/libdrivers__i2c.a(i2c_ll_stm32_v2.c.obj)
 .text.stm32_i2c_master_mode_end
                0x0000000008008c30       0x1e zephyr/drivers/i2c/libdrivers__i2c.a(i2c_ll_stm32_v2.c.obj)
 .text.i2c_stm32_irq_config_func_0
                0x0000000008008c4e       0x14 zephyr/drivers/i2c/libdrivers__i2c.a(i2c_ll_stm32.c.obj)
 .text.i2c_stm32_irq_config_func_1
                0x0000000008008c62       0x14 zephyr/drivers/i2c/libdrivers__i2c.a(i2c_ll_stm32.c.obj)
 .text.i2c_stm32_transfer
                0x0000000008008c76       0x9e zephyr/drivers/i2c/libdrivers__i2c.a(i2c_ll_stm32.c.obj)
 .text.pinctrl_lookup_state
                0x0000000008008d14       0x26 zephyr/drivers/pinctrl/libdrivers__pinctrl.a(common.c.obj)
                0x0000000008008d14                pinctrl_lookup_state
 .text.reset_stm32_status
                0x0000000008008d3a       0x20 zephyr/drivers/reset/libdrivers__reset.a(reset_stm32.c.obj)
 .text.reset_stm32_line_assert
                0x0000000008008d5a       0x1c zephyr/drivers/reset/libdrivers__reset.a(reset_stm32.c.obj)
 .text.reset_stm32_line_deassert
                0x0000000008008d76       0x1c zephyr/drivers/reset/libdrivers__reset.a(reset_stm32.c.obj)
 .text.reset_stm32_line_toggle
                0x0000000008008d92       0x16 zephyr/drivers/reset/libdrivers__reset.a(reset_stm32.c.obj)
 .text.bme280_reg_write.isra.0
                0x0000000008008da8        0xa zephyr/drivers/sensor/bme280/libdrivers__sensor__bme280.a(bme280.c.obj)
 .text.bme280_reg_read.isra.0
                0x0000000008008db2        0xa zephyr/drivers/sensor/bme280/libdrivers__sensor__bme280.a(bme280.c.obj)
 .text.bme280_wait_until_ready
                0x0000000008008dbc       0x34 zephyr/drivers/sensor/bme280/libdrivers__sensor__bme280.a(bme280.c.obj)
 .text.bme280_chip_init
                0x0000000008008df0      0x136 zephyr/drivers/sensor/bme280/libdrivers__sensor__bme280.a(bme280.c.obj)
 .text.bme280_bus_check_i2c
                0x0000000008008f26       0x16 zephyr/drivers/sensor/bme280/libdrivers__sensor__bme280.a(bme280_i2c.c.obj)
 .text.bme280_reg_read_i2c
                0x0000000008008f3c       0x34 zephyr/drivers/sensor/bme280/libdrivers__sensor__bme280.a(bme280_i2c.c.obj)
 .text.bme280_reg_write_i2c
                0x0000000008008f70       0x24 zephyr/drivers/sensor/bme280/libdrivers__sensor__bme280.a(bme280_i2c.c.obj)
 .text.stm32_temp_sample_fetch
                0x0000000008008f94       0x4e zephyr/drivers/sensor/stm32_temp/libdrivers__sensor__stm32_temp.a(stm32_temp.c.obj)
 .text.stm32_temp_init
                0x0000000008008fe2       0x46 zephyr/drivers/sensor/stm32_temp/libdrivers__sensor__stm32_temp.a(stm32_temp.c.obj)
 .text.stm32_vref_sample_fetch
                0x0000000008009028       0x4e zephyr/drivers/sensor/stm32_vref/libdrivers__sensor__stm32_vref.a(stm32_vref.c.obj)
 .text.stm32_vref_init
                0x0000000008009076       0x46 zephyr/drivers/sensor/stm32_vref/libdrivers__sensor__stm32_vref.a(stm32_vref.c.obj)
 .text.uart_stm32_err_check
                0x00000000080090bc       0x54 zephyr/drivers/serial/libdrivers__serial.a(uart_stm32.c.obj)
 .text.uart_stm32_irq_tx_enable
                0x0000000008009110       0x1c zephyr/drivers/serial/libdrivers__serial.a(uart_stm32.c.obj)
 .text.uart_stm32_irq_tx_disable
                0x000000000800912c       0x1c zephyr/drivers/serial/libdrivers__serial.a(uart_stm32.c.obj)
 .text.uart_stm32_irq_rx_enable
                0x0000000008009148       0x1c zephyr/drivers/serial/libdrivers__serial.a(uart_stm32.c.obj)
 .text.uart_stm32_irq_rx_disable
                0x0000000008009164       0x1c zephyr/drivers/serial/libdrivers__serial.a(uart_stm32.c.obj)
 .text.uart_stm32_irq_rx_ready
                0x0000000008009180        0xc zephyr/drivers/serial/libdrivers__serial.a(uart_stm32.c.obj)
 .text.uart_stm32_irq_err_enable
                0x000000000800918c       0x32 zephyr/drivers/serial/libdrivers__serial.a(uart_stm32.c.obj)
 .text.uart_stm32_irq_update
                0x00000000080091be        0x4 zephyr/drivers/serial/libdrivers__serial.a(uart_stm32.c.obj)
 .text.uart_stm32_irq_callback_set
                0x00000000080091c2        0x8 zephyr/drivers/serial/libdrivers__serial.a(uart_stm32.c.obj)
 .text.uart_stm32_isr
                0x00000000080091ca       0x10 zephyr/drivers/serial/libdrivers__serial.a(uart_stm32.c.obj)
 .text.uart_stm32_irq_config_func_0
                0x00000000080091da       0x14 zephyr/drivers/serial/libdrivers__serial.a(uart_stm32.c.obj)
 .text.uart_stm32_irq_config_func_1
                0x00000000080091ee       0x14 zephyr/drivers/serial/libdrivers__serial.a(uart_stm32.c.obj)
 .text.uart_stm32_irq_tx_complete
                0x0000000008009202        0xc zephyr/drivers/serial/libdrivers__serial.a(uart_stm32.c.obj)
 .text.uart_stm32_irq_tx_ready
                0x000000000800920e       0x14 zephyr/drivers/serial/libdrivers__serial.a(uart_stm32.c.obj)
 .text.uart_stm32_fifo_fill
                0x0000000008009222       0x56 zephyr/drivers/serial/libdrivers__serial.a(uart_stm32.c.obj)
 .text.uart_stm32_poll_out
                0x0000000008009278       0x38 zephyr/drivers/serial/libdrivers__serial.a(uart_stm32.c.obj)
 .text.uart_stm32_irq_is_pending
                0x00000000080092b0       0x24 zephyr/drivers/serial/libdrivers__serial.a(uart_stm32.c.obj)
 .text.uart_stm32_fifo_read
                0x00000000080092d4       0x48 zephyr/drivers/serial/libdrivers__serial.a(uart_stm32.c.obj)
 .text.uart_stm32_poll_in
                0x000000000800931c       0x26 zephyr/drivers/serial/libdrivers__serial.a(uart_stm32.c.obj)
 .text.z_device_state_init
                0x0000000008009342        0x2 zephyr/kernel/libkernel.a(device.c.obj)
                0x0000000008009342                z_device_state_init
 .text.z_device_is_ready
                0x0000000008009344       0x1a zephyr/kernel/libkernel.a(device.c.obj)
                0x0000000008009344                z_device_is_ready
 .text.arch_system_halt
                0x000000000800935e        0x8 zephyr/kernel/libkernel.a(fatal.c.obj)
                0x000000000800935e                arch_system_halt
 .text.k_sys_fatal_error_handler
                0x0000000008009366        0x6 zephyr/kernel/libkernel.a(fatal.c.obj)
                0x0000000008009366                k_sys_fatal_error_handler
 .text.z_early_memset
                0x000000000800936c        0x8 zephyr/kernel/libkernel.a(init.c.obj)
                0x000000000800936c                z_early_memset
 .text.z_early_memcpy
                0x0000000008009374        0x8 zephyr/kernel/libkernel.a(init.c.obj)
                0x0000000008009374                z_early_memcpy
 .text.idle     0x000000000800937c        0xe zephyr/kernel/libkernel.a(idle.c.obj)
                0x000000000800937c                idle
 .text.adjust_owner_prio.isra.0
                0x000000000800938a       0x16 zephyr/kernel/libkernel.a(mutex.c.obj)
 .text.z_impl_k_mutex_init
                0x00000000080093a0        0xe zephyr/kernel/libkernel.a(mutex.c.obj)
                0x00000000080093a0                z_impl_k_mutex_init
 .text.z_impl_k_sem_init
                0x00000000080093ae       0x1a zephyr/kernel/libkernel.a(sem.c.obj)
                0x00000000080093ae                z_impl_k_sem_init
 .text.sys_dlist_remove
                0x00000000080093c8       0x10 zephyr/kernel/libkernel.a(sched.c.obj)
 .text.unpend_thread_no_timeout
                0x00000000080093d8       0x16 zephyr/kernel/libkernel.a(sched.c.obj)
 .text.add_to_waitq_locked
                0x00000000080093ee       0x52 zephyr/kernel/libkernel.a(sched.c.obj)
 .text.z_ready_thread
                0x0000000008009440       0x18 zephyr/kernel/libkernel.a(sched.c.obj)
                0x0000000008009440                z_ready_thread
 .text.z_unpend_thread_no_timeout
                0x0000000008009458       0x1e zephyr/kernel/libkernel.a(sched.c.obj)
                0x0000000008009458                z_unpend_thread_no_timeout
 .text.z_sched_wake_thread
                0x0000000008009476       0x3e zephyr/kernel/libkernel.a(sched.c.obj)
                0x0000000008009476                z_sched_wake_thread
 .text.z_thread_timeout
                0x00000000080094b4        0xc zephyr/kernel/libkernel.a(sched.c.obj)
                0x00000000080094b4                z_thread_timeout
 .text.z_unpend1_no_timeout
                0x00000000080094c0       0x2a zephyr/kernel/libkernel.a(sched.c.obj)
                0x00000000080094c0                z_unpend1_no_timeout
 .text.z_unpend_first_thread
                0x00000000080094ea       0x32 zephyr/kernel/libkernel.a(sched.c.obj)
                0x00000000080094ea                z_unpend_first_thread
 .text.z_reschedule_irqlock
                0x000000000800951c       0x1c zephyr/kernel/libkernel.a(sched.c.obj)
                0x000000000800951c                z_reschedule_irqlock
 .text.z_reschedule_unlocked
                0x0000000008009538        0xe zephyr/kernel/libkernel.a(sched.c.obj)
 .text.z_impl_k_usleep
                0x0000000008009546       0x28 zephyr/kernel/libkernel.a(sched.c.obj)
                0x0000000008009546                z_impl_k_usleep
 .text.z_abort_timeout
                0x000000000800956e       0x26 zephyr/kernel/libkernel.a(timeout.c.obj)
                0x000000000800956e                z_abort_timeout
 .text.sys_clock_tick_get_32
                0x0000000008009594        0x8 zephyr/kernel/libkernel.a(timeout.c.obj)
                0x0000000008009594                sys_clock_tick_get_32
 .text.z_impl_k_uptime_ticks
                0x000000000800959c        0x8 zephyr/kernel/libkernel.a(timeout.c.obj)
                0x000000000800959c                z_impl_k_uptime_ticks
 .text.z_impl_k_timer_stop
                0x00000000080095a4       0x32 zephyr/kernel/libkernel.a(timer.c.obj)
                0x00000000080095a4                z_impl_k_timer_stop
 .text.z_impl_atomic_add
                0x00000000080095d6       0x1a zephyr/kernel/libkernel.a(atomic_c.c.obj)
                0x00000000080095d6                z_impl_atomic_add
 .text.z_impl_atomic_sub
                0x00000000080095f0       0x1a zephyr/kernel/libkernel.a(atomic_c.c.obj)
                0x00000000080095f0                z_impl_atomic_sub
 .text.z_impl_atomic_set
                0x000000000800960a       0x18 zephyr/kernel/libkernel.a(atomic_c.c.obj)
                0x000000000800960a                z_impl_atomic_set
 .text.k_heap_init
                0x0000000008009622       0x10 zephyr/kernel/libkernel.a(kheap.c.obj)
                0x0000000008009622                k_heap_init
 .text.memcpy   0x0000000008009632       0x12 /Users/dinordi/zephyr-sdk-0.16.1/arm-zephyr-eabi/bin/../lib/gcc/../../picolibc/arm-zephyr-eabi/lib/thumb/v6-m/nofp/libc.a(memcpy.c.o)
                0x0000000008009632                memcpy
                0x0000000008009632                __aeabi_memcpy
                0x0000000008009632                __aeabi_memcpy4
                0x0000000008009632                __aeabi_memcpy8
 .text.memset   0x0000000008009644       0x10 /Users/dinordi/zephyr-sdk-0.16.1/arm-zephyr-eabi/bin/../lib/gcc/../../picolibc/arm-zephyr-eabi/lib/thumb/v6-m/nofp/libc.a(memset.c.o)
                0x0000000008009644                memset
 .text.strnlen  0x0000000008009654       0x16 /Users/dinordi/zephyr-sdk-0.16.1/arm-zephyr-eabi/bin/../lib/gcc/../../picolibc/arm-zephyr-eabi/lib/thumb/v6-m/nofp/libc.a(libc_string_strnlen.c.o)
                0x0000000008009654                strnlen
 .text.isleap   0x000000000800966a       0x28 /Users/dinordi/zephyr-sdk-0.16.1/arm-zephyr-eabi/bin/../lib/gcc/../../picolibc/arm-zephyr-eabi/lib/thumb/v6-m/nofp/libc.a(libc_time_mktime.c.o)
 .text.strftime
                0x0000000008009692        0x8 /Users/dinordi/zephyr-sdk-0.16.1/arm-zephyr-eabi/bin/../lib/gcc/../../picolibc/arm-zephyr-eabi/lib/thumb/v6-m/nofp/libc.a(libc_time_strftime.c.o)
                0x0000000008009692                strftime
 .text.scanf_getc
                0x000000000800969a       0x14 /Users/dinordi/zephyr-sdk-0.16.1/arm-zephyr-eabi/bin/../lib/gcc/../../picolibc/arm-zephyr-eabi/lib/thumb/v6-m/nofp/libc.a(libc_tinystdio_vfiscanf.c.o)
 .text.putval   0x00000000080096ae       0x2a /Users/dinordi/zephyr-sdk-0.16.1/arm-zephyr-eabi/bin/../lib/gcc/../../picolibc/arm-zephyr-eabi/lib/thumb/v6-m/nofp/libc.a(libc_tinystdio_vfiscanf.c.o)
 .text.scanf_ungetc.isra.0
                0x00000000080096d8       0x14 /Users/dinordi/zephyr-sdk-0.16.1/arm-zephyr-eabi/bin/../lib/gcc/../../picolibc/arm-zephyr-eabi/lib/thumb/v6-m/nofp/libc.a(libc_tinystdio_vfiscanf.c.o)
 .text.skip_spaces
                0x00000000080096ec       0x2a /Users/dinordi/zephyr-sdk-0.16.1/arm-zephyr-eabi/bin/../lib/gcc/../../picolibc/arm-zephyr-eabi/lib/thumb/v6-m/nofp/libc.a(libc_tinystdio_vfiscanf.c.o)
 .text.div      0x0000000008009716       0x14 /Users/dinordi/zephyr-sdk-0.16.1/arm-zephyr-eabi/bin/../lib/gcc/../../picolibc/arm-zephyr-eabi/lib/thumb/v6-m/nofp/libc.a(libc_stdlib_div.c.o)
                0x0000000008009716                div
 .text.getenv   0x000000000800972a        0xa /Users/dinordi/zephyr-sdk-0.16.1/arm-zephyr-eabi/bin/../lib/gcc/../../picolibc/arm-zephyr-eabi/lib/thumb/v6-m/nofp/libc.a(libc_stdlib_getenv.c.o)
                0x000000000800972a                getenv
 .text.strchr   0x0000000008009734       0x1c /Users/dinordi/zephyr-sdk-0.16.1/arm-zephyr-eabi/bin/../lib/gcc/../../picolibc/arm-zephyr-eabi/lib/thumb/v6-m/nofp/libc.a(libc_string_strchr.c.o)
                0x0000000008009734                strchr
 .text.strncmp  0x0000000008009750       0x22 /Users/dinordi/zephyr-sdk-0.16.1/arm-zephyr-eabi/bin/../lib/gcc/../../picolibc/arm-zephyr-eabi/lib/thumb/v6-m/nofp/libc.a(libc_string_strncmp.c.o)
                0x0000000008009750                strncmp
 .text.fgetc    0x0000000008009772       0x3c /Users/dinordi/zephyr-sdk-0.16.1/arm-zephyr-eabi/bin/../lib/gcc/../../picolibc/arm-zephyr-eabi/lib/thumb/v6-m/nofp/libc.a(libc_tinystdio_fgetc.c.o)
                0x0000000008009772                getc
                0x0000000008009772                fgetc
 .text.__file_str_get
                0x00000000080097ae       0x16 /Users/dinordi/zephyr-sdk-0.16.1/arm-zephyr-eabi/bin/../lib/gcc/../../picolibc/arm-zephyr-eabi/lib/thumb/v6-m/nofp/libc.a(libc_tinystdio_filestrget.c.o)
                0x00000000080097ae                __file_str_get
 .text.__file_str_put
                0x00000000080097c4       0x10 /Users/dinordi/zephyr-sdk-0.16.1/arm-zephyr-eabi/bin/../lib/gcc/../../picolibc/arm-zephyr-eabi/lib/thumb/v6-m/nofp/libc.a(libc_tinystdio_filestrput.c.o)
                0x00000000080097c4                __file_str_put
 .text.ungetc   0x00000000080097d4       0x32 /Users/dinordi/zephyr-sdk-0.16.1/arm-zephyr-eabi/bin/../lib/gcc/../../picolibc/arm-zephyr-eabi/lib/thumb/v6-m/nofp/libc.a(libc_tinystdio_ungetc.c.o)
                0x00000000080097d4                ungetc
 .text.__picolibc_non_atomic_exchange_ungetc
                0x0000000008009806        0x8 /Users/dinordi/zephyr-sdk-0.16.1/arm-zephyr-eabi/bin/../lib/gcc/../../picolibc/arm-zephyr-eabi/lib/thumb/v6-m/nofp/libc.a(libc_tinystdio_exchange.c.o)
                0x0000000008009806                __atomic_exchange_ungetc
                0x0000000008009806                __picolibc_non_atomic_exchange_ungetc
 .text.__picolibc_non_atomic_compare_exchange_ungetc
                0x000000000800980e       0x12 /Users/dinordi/zephyr-sdk-0.16.1/arm-zephyr-eabi/bin/../lib/gcc/../../picolibc/arm-zephyr-eabi/lib/thumb/v6-m/nofp/libc.a(libc_tinystdio_compare_exchange.c.o)
                0x000000000800980e                __picolibc_non_atomic_compare_exchange_ungetc
                0x000000000800980e                __atomic_compare_exchange_ungetc
 *(SORT_BY_ALIGNMENT(.TEXT.*))
 .TEXT.__aeabi_read_tp
                0x0000000008009820        0xc zephyr/arch/arch/arm/core/aarch32/cortex_m/libarch__arm__core__aarch32__cortex_m.a(__aeabi_read_tp.S.obj)
                0x0000000008009820                __aeabi_read_tp
 *(SORT_BY_ALIGNMENT(.gnu.linkonce.t.*))
 *(SORT_BY_ALIGNMENT(.glue_7t))
 .glue_7t       0x000000000800982c        0x0 linker stubs
 *(SORT_BY_ALIGNMENT(.glue_7))
 .glue_7        0x000000000800982c        0x0 linker stubs
 *(SORT_BY_ALIGNMENT(.vfp11_veneer))
 .vfp11_veneer  0x000000000800982c        0x0 linker stubs
 *(SORT_BY_ALIGNMENT(.v4_bx))
 .v4_bx         0x000000000800982c        0x0 linker stubs
                0x000000000800982c                . = ALIGN (0x4)
                0x000000000800982c                __text_region_end = .

.ARM.exidx      0x000000000800982c        0x8
                0x000000000800982c                __exidx_start = .
 *(SORT_BY_ALIGNMENT(.ARM.exidx*) SORT_BY_ALIGNMENT(gnu.linkonce.armexidx.*))
 .ARM.exidx     0x000000000800982c        0x8 /Users/dinordi/zephyr-sdk-0.16.1/arm-zephyr-eabi/bin/../lib/gcc/arm-zephyr-eabi/12.2.0/thumb/v6-m/nofp/libgcc.a(_udivmoddi4.o)
 .ARM.exidx     0x0000000008009834        0x0 /Users/dinordi/zephyr-sdk-0.16.1/arm-zephyr-eabi/bin/../lib/gcc/arm-zephyr-eabi/12.2.0/thumb/v6-m/nofp/libgcc.a(_divdi3.o)
                                          0x8 (size before relaxing)
                0x0000000008009834                __exidx_end = .
                0x0000000008009834                __rodata_region_start = .

initlevel       0x0000000008009834       0xb8
                0x0000000008009834                __init_start = .
                0x0000000008009834                __init_EARLY_start = .
 *(SORT_BY_NAME(SORT_BY_ALIGNMENT(.z_init_EARLY?_*)))
 *(SORT_BY_NAME(SORT_BY_ALIGNMENT(.z_init_EARLY??_*)))
                0x0000000008009834                __init_PRE_KERNEL_1_start = .
 *(SORT_BY_NAME(SORT_BY_ALIGNMENT(.z_init_PRE_KERNEL_1?_*)))
 .z_init_PRE_KERNEL_10_0_
                0x0000000008009834        0x8 zephyr/libzephyr.a(soc.c.obj)
 .z_init_PRE_KERNEL_11_00009_
                0x000000000800983c        0x8 zephyr/drivers/clock_control/libdrivers__clock_control.a(clock_stm32_ll_common.c.obj)
 .z_init_PRE_KERNEL_11_0_
                0x0000000008009844        0x8 zephyr/libzephyr.a(soc_config.c.obj)
 *(SORT_BY_NAME(SORT_BY_ALIGNMENT(.z_init_PRE_KERNEL_1??_*)))
 .z_init_PRE_KERNEL_130_0_
                0x000000000800984c        0x8 zephyr/kernel/libkernel.a(kheap.c.obj)
 .z_init_PRE_KERNEL_135_00037_
                0x0000000008009854        0x8 zephyr/drivers/reset/libdrivers__reset.a(reset_stm32.c.obj)
 .z_init_PRE_KERNEL_140_00024_
                0x000000000800985c        0x8 zephyr/drivers/gpio/libdrivers__gpio.a(gpio_stm32.c.obj)
 .z_init_PRE_KERNEL_140_00027_
                0x0000000008009864        0x8 zephyr/drivers/gpio/libdrivers__gpio.a(gpio_stm32.c.obj)
 .z_init_PRE_KERNEL_140_00033_
                0x000000000800986c        0x8 zephyr/drivers/interrupt_controller/libdrivers__interrupt_controller.a(intc_exti_stm32.c.obj)
 .z_init_PRE_KERNEL_140_00047_
                0x0000000008009874        0x8 zephyr/drivers/gpio/libdrivers__gpio.a(gpio_stm32.c.obj)
 .z_init_PRE_KERNEL_155_00038_
                0x000000000800987c        0x8 zephyr/drivers/serial/libdrivers__serial.a(uart_stm32.c.obj)
 .z_init_PRE_KERNEL_155_00041_
                0x0000000008009884        0x8 zephyr/drivers/serial/libdrivers__serial.a(uart_stm32.c.obj)
 .z_init_PRE_KERNEL_160_0_
                0x000000000800988c        0x8 zephyr/drivers/console/libdrivers__console.a(uart_console.c.obj)
                0x0000000008009894                __init_PRE_KERNEL_2_start = .
 *(SORT_BY_NAME(SORT_BY_ALIGNMENT(.z_init_PRE_KERNEL_2?_*)))
 .z_init_PRE_KERNEL_20_0_
                0x0000000008009894        0x8 zephyr/drivers/timer/libdrivers__timer.a(cortex_m_systick.c.obj)
 *(SORT_BY_NAME(SORT_BY_ALIGNMENT(.z_init_PRE_KERNEL_2??_*)))
                0x000000000800989c                __init_POST_KERNEL_start = .
 *(SORT_BY_NAME(SORT_BY_ALIGNMENT(.z_init_POST_KERNEL?_*)))
 *(SORT_BY_NAME(SORT_BY_ALIGNMENT(.z_init_POST_KERNEL??_*)))
 .z_init_POST_KERNEL40_0_
                0x000000000800989c        0x8 zephyr/lib/libc/common/liblib__libc__common.a(malloc.c.obj)
 .z_init_POST_KERNEL50_00012_
                0x00000000080098a4        0x8 zephyr/drivers/adc/libdrivers__adc.a(adc_stm32.c.obj)
 .z_init_POST_KERNEL50_00032_
                0x00000000080098ac        0x8 zephyr/drivers/i2c/libdrivers__i2c.a(i2c_ll_stm32.c.obj)
 .z_init_POST_KERNEL50_00034_
                0x00000000080098b4        0x8 zephyr/drivers/rtc/libdrivers__rtc.a(rtc_ll_stm32.c.obj)
 .z_init_POST_KERNEL50_00060_
                0x00000000080098bc        0x8 zephyr/drivers/i2c/libdrivers__i2c.a(i2c_ll_stm32.c.obj)
 .z_init_POST_KERNEL51_00062_
                0x00000000080098c4        0x8 app/libapp.a(eeprom_24lc64.c.obj)
 .z_init_POST_KERNEL51_00063_
                0x00000000080098cc        0x8 app/libapp.a(eeprom_24lc64.c.obj)
 .z_init_POST_KERNEL90_00013_
                0x00000000080098d4        0x8 zephyr/drivers/sensor/stm32_temp/libdrivers__sensor__stm32_temp.a(stm32_temp.c.obj)
 .z_init_POST_KERNEL90_00016_
                0x00000000080098dc        0x8 zephyr/drivers/sensor/stm32_vref/libdrivers__sensor__stm32_vref.a(stm32_vref.c.obj)
 .z_init_POST_KERNEL90_00061_
                0x00000000080098e4        0x8 zephyr/drivers/sensor/bme280/libdrivers__sensor__bme280.a(bme280.c.obj)
                0x00000000080098ec                __init_APPLICATION_start = .
 *(SORT_BY_NAME(SORT_BY_ALIGNMENT(.z_init_APPLICATION?_*)))
 *(SORT_BY_NAME(SORT_BY_ALIGNMENT(.z_init_APPLICATION??_*)))
                0x00000000080098ec                __init_SMP_start = .
 *(SORT_BY_NAME(SORT_BY_ALIGNMENT(.z_init_SMP?_*)))
 *(SORT_BY_NAME(SORT_BY_ALIGNMENT(.z_init_SMP??_*)))
                0x00000000080098ec                __init_end = .

device_area     0x00000000080098ec      0x154
                0x00000000080098ec                _device_list_start = .
 *(SORT_BY_NAME(SORT_BY_ALIGNMENT(._device.static.*_?_*)))
 ._device.static.1_1_
                0x00000000080098ec       0x14 zephyr/drivers/clock_control/libdrivers__clock_control.a(clock_stm32_ll_common.c.obj)
                0x00000000080098ec                __device_dts_ord_9
 *(SORT_BY_NAME(SORT_BY_ALIGNMENT(._device.static.*_??_*)))
 ._device.static.1_35_
                0x0000000008009900       0x14 zephyr/drivers/reset/libdrivers__reset.a(reset_stm32.c.obj)
                0x0000000008009900                __device_dts_ord_37
 ._device.static.1_40_
                0x0000000008009914       0x14 zephyr/drivers/interrupt_controller/libdrivers__interrupt_controller.a(intc_exti_stm32.c.obj)
                0x0000000008009914                __device_dts_ord_33
 ._device.static.1_40_
                0x0000000008009928       0x3c zephyr/drivers/gpio/libdrivers__gpio.a(gpio_stm32.c.obj)
                0x0000000008009928                __device_dts_ord_24
                0x000000000800993c                __device_dts_ord_47
                0x0000000008009950                __device_dts_ord_27
 ._device.static.1_55_
                0x0000000008009964       0x28 zephyr/drivers/serial/libdrivers__serial.a(uart_stm32.c.obj)
                0x0000000008009964                __device_dts_ord_38
                0x0000000008009978                __device_dts_ord_41
 ._device.static.3_50_
                0x000000000800998c       0x14 zephyr/drivers/adc/libdrivers__adc.a(adc_stm32.c.obj)
                0x000000000800998c                __device_dts_ord_12
 ._device.static.3_50_
                0x00000000080099a0       0x28 zephyr/drivers/i2c/libdrivers__i2c.a(i2c_ll_stm32.c.obj)
                0x00000000080099a0                __device_dts_ord_32
                0x00000000080099b4                __device_dts_ord_60
 ._device.static.3_50_
                0x00000000080099c8       0x14 zephyr/drivers/rtc/libdrivers__rtc.a(rtc_ll_stm32.c.obj)
                0x00000000080099c8                __device_dts_ord_34
 ._device.static.3_51_
                0x00000000080099dc       0x28 app/libapp.a(eeprom_24lc64.c.obj)
                0x00000000080099dc                __device_dts_ord_63
                0x00000000080099f0                __device_dts_ord_62
 ._device.static.3_90_
                0x0000000008009a04       0x14 zephyr/drivers/sensor/bme280/libdrivers__sensor__bme280.a(bme280.c.obj)
                0x0000000008009a04                __device_dts_ord_61
 ._device.static.3_90_
                0x0000000008009a18       0x14 zephyr/drivers/sensor/stm32_temp/libdrivers__sensor__stm32_temp.a(stm32_temp.c.obj)
                0x0000000008009a18                __device_dts_ord_13
 ._device.static.3_90_
                0x0000000008009a2c       0x14 zephyr/drivers/sensor/stm32_vref/libdrivers__sensor__stm32_vref.a(stm32_vref.c.obj)
                0x0000000008009a2c                __device_dts_ord_16
                0x0000000008009a40                _device_list_end = .

sw_isr_table    0x0000000008009a40       0xe8
                0x0000000008009a40                . = ALIGN (0x4)
 *(SORT_BY_ALIGNMENT(.gnu.linkonce.sw_isr_table*))
 .gnu.linkonce.sw_isr_table
                0x0000000008009a40       0xe8 zephyr/CMakeFiles/zephyr_final.dir/isr_tables.c.obj
                0x0000000008009a40                _sw_isr_table

initlevel_error
                0x0000000008009834        0x0
 *(SORT_BY_NAME(SORT_BY_ALIGNMENT(.z_init_[_A-Z0-9]*)))
                0x0000000000000001                ASSERT ((SIZEOF (initlevel_error) == 0x0), Undefined initialization levels used.)

app_shmem_regions
                0x0000000008009b28        0x0
                0x0000000008009b28                __app_shmem_regions_start = .
 *(SORT_BY_NAME(SORT_BY_ALIGNMENT(.app_regions.*)))
                0x0000000008009b28                __app_shmem_regions_end = .

k_p4wq_initparam_area
                0x0000000008009b28        0x0
                0x0000000008009b28                _k_p4wq_initparam_list_start = .
 *(SORT_BY_NAME(SORT_BY_ALIGNMENT(._k_p4wq_initparam.static.*)))
                0x0000000008009b28                _k_p4wq_initparam_list_end = .

_static_thread_data_area
                0x0000000008009b28       0xb0
                0x0000000008009b28                __static_thread_data_list_start = .
 *(SORT_BY_NAME(SORT_BY_ALIGNMENT(.__static_thread_data.static.*)))
 .__static_thread_data.static._k_thread_data_eeprom_thread_id_
                0x0000000008009b28       0x2c app/libapp.a(main.c.obj)
                0x0000000008009b28                _k_thread_data_eeprom_thread_id
 .__static_thread_data.static._k_thread_data_upload_thread_id_
                0x0000000008009b54       0x2c app/libapp.a(main.c.obj)
                0x0000000008009b54                _k_thread_data_upload_thread_id
 .__static_thread_data.static._k_thread_data_waiting_thread_id_
                0x0000000008009b80       0x2c app/libapp.a(main.c.obj)
                0x0000000008009b80                _k_thread_data_waiting_thread_id
 .__static_thread_data.static._k_thread_data_wifi_connect_id_
                0x0000000008009bac       0x2c app/libapp.a(main.c.obj)
                0x0000000008009bac                _k_thread_data_wifi_connect_id
                0x0000000008009bd8                __static_thread_data_list_end = .

device_deps     0x0000000008009bd8        0x0
                0x0000000008009bd8                __device_deps_start = .
 *(SORT_BY_NAME(SORT_BY_ALIGNMENT(.__device_deps_pass2*)))
                0x0000000008009bd8                __device_deps_end = .

ztest           0x0000000008009bd8        0x0
                0x0000000008009bd8                _ztest_expected_result_entry_list_start = .
 *(SORT_BY_NAME(SORT_BY_ALIGNMENT(._ztest_expected_result_entry.static.*)))
                0x0000000008009bd8                _ztest_expected_result_entry_list_end = .
                0x0000000008009bd8                _ztest_suite_node_list_start = .
 *(SORT_BY_NAME(SORT_BY_ALIGNMENT(._ztest_suite_node.static.*)))
                0x0000000008009bd8                _ztest_suite_node_list_end = .
                0x0000000008009bd8                _ztest_unit_test_list_start = .
 *(SORT_BY_NAME(SORT_BY_ALIGNMENT(._ztest_unit_test.static.*)))
                0x0000000008009bd8                _ztest_unit_test_list_end = .
                0x0000000008009bd8                _ztest_test_rule_list_start = .
 *(SORT_BY_NAME(SORT_BY_ALIGNMENT(._ztest_test_rule.static.*)))
                0x0000000008009bd8                _ztest_test_rule_list_end = .

bt_l2cap_fixed_chan_area
                0x0000000008009bd8        0x0
                0x0000000008009bd8                _bt_l2cap_fixed_chan_list_start = .
 *(SORT_BY_NAME(SORT_BY_ALIGNMENT(._bt_l2cap_fixed_chan.static.*)))
                0x0000000008009bd8                _bt_l2cap_fixed_chan_list_end = .

bt_gatt_service_static_area
                0x0000000008009bd8        0x0
                0x0000000008009bd8                _bt_gatt_service_static_list_start = .
 *(SORT_BY_NAME(SORT_BY_ALIGNMENT(._bt_gatt_service_static.static.*)))
                0x0000000008009bd8                _bt_gatt_service_static_list_end = .

log_strings_area
                0x0000000008009bd8        0x0
                0x0000000008009bd8                _log_strings_list_start = .
 *(SORT_BY_NAME(SORT_BY_ALIGNMENT(._log_strings.static.*)))
                0x0000000008009bd8                _log_strings_list_end = .

log_const_area  0x0000000008009bd8       0x60
                0x0000000008009bd8                _log_const_list_start = .
 *(SORT_BY_NAME(SORT_BY_ALIGNMENT(._log_const.static.*)))
 ._log_const.static.log_const_BME280_
                0x0000000008009bd8        0x8 zephyr/drivers/sensor/bme280/libdrivers__sensor__bme280.a(bme280.c.obj)
                0x0000000008009bd8                log_const_BME280
 ._log_const.static.log_const_adc_stm32_
                0x0000000008009be0        0x8 zephyr/drivers/adc/libdrivers__adc.a(adc_stm32.c.obj)
                0x0000000008009be0                log_const_adc_stm32
 ._log_const.static.log_const_cbprintf_package_
                0x0000000008009be8        0x8 zephyr/libzephyr.a(cbprintf_packaged.c.obj)
                0x0000000008009be8                log_const_cbprintf_package
 ._log_const.static.log_const_eeprom_24lc64_
                0x0000000008009bf0        0x8 app/libapp.a(eeprom_24lc64.c.obj)
                0x0000000008009bf0                log_const_eeprom_24lc64
 ._log_const.static.log_const_i2c_
                0x0000000008009bf8        0x8 zephyr/drivers/i2c/libdrivers__i2c.a(i2c_common.c.obj)
                0x0000000008009bf8                log_const_i2c
 ._log_const.static.log_const_i2c_ll_stm32_
                0x0000000008009c00        0x8 zephyr/drivers/i2c/libdrivers__i2c.a(i2c_ll_stm32.c.obj)
                0x0000000008009c00                log_const_i2c_ll_stm32
 ._log_const.static.log_const_i2c_ll_stm32_v2_
                0x0000000008009c08        0x8 zephyr/drivers/i2c/libdrivers__i2c.a(i2c_ll_stm32_v2.c.obj)
                0x0000000008009c08                log_const_i2c_ll_stm32_v2
 ._log_const.static.log_const_os_
                0x0000000008009c10        0x8 zephyr/kernel/libkernel.a(init.c.obj)
                0x0000000008009c10                log_const_os
 ._log_const.static.log_const_rtc_stm32_
                0x0000000008009c18        0x8 zephyr/drivers/rtc/libdrivers__rtc.a(rtc_ll_stm32.c.obj)
                0x0000000008009c18                log_const_rtc_stm32
 ._log_const.static.log_const_stm32_temp_
                0x0000000008009c20        0x8 zephyr/drivers/sensor/stm32_temp/libdrivers__sensor__stm32_temp.a(stm32_temp.c.obj)
                0x0000000008009c20                log_const_stm32_temp
 ._log_const.static.log_const_stm32_vref_
                0x0000000008009c28        0x8 zephyr/drivers/sensor/stm32_vref/libdrivers__sensor__stm32_vref.a(stm32_vref.c.obj)
                0x0000000008009c28                log_const_stm32_vref
 ._log_const.static.log_const_uart_stm32_
                0x0000000008009c30        0x8 zephyr/drivers/serial/libdrivers__serial.a(uart_stm32.c.obj)
                0x0000000008009c30                log_const_uart_stm32
                0x0000000008009c38                _log_const_list_end = .

log_backend_area
                0x0000000008009c38        0x0
                0x0000000008009c38                _log_backend_list_start = .
 *(SORT_BY_NAME(SORT_BY_ALIGNMENT(._log_backend.static.*)))
                0x0000000008009c38                _log_backend_list_end = .

log_link_area   0x0000000008009c38        0x0
                0x0000000008009c38                _log_link_list_start = .
 *(SORT_BY_NAME(SORT_BY_ALIGNMENT(._log_link.static.*)))
                0x0000000008009c38                _log_link_list_end = .

tracing_backend_area
                0x0000000008009c38        0x0
                0x0000000008009c38                _tracing_backend_list_start = .
 *(SORT_BY_NAME(SORT_BY_ALIGNMENT(._tracing_backend.static.*)))
                0x0000000008009c38                _tracing_backend_list_end = .

zephyr_dbg_info
 *(SORT_BY_ALIGNMENT(.dbg_thread_info))

symbol_to_keep  0x0000000008009c38        0x0
                0x0000000008009c38                __symbol_to_keep_start = .
 *(SORT_BY_NAME(SORT_BY_ALIGNMENT(.symbol_to_keep*)))
                0x0000000008009c38                __symbol_to_keep_end = .

shell_area      0x0000000008009c38        0x0
                0x0000000008009c38                _shell_list_start = .
 *(SORT_BY_NAME(SORT_BY_ALIGNMENT(._shell.static.*)))
                0x0000000008009c38                _shell_list_end = .

shell_root_cmds_area
                0x0000000008009c38        0x0
                0x0000000008009c38                _shell_root_cmds_list_start = .
 *(SORT_BY_NAME(SORT_BY_ALIGNMENT(._shell_root_cmds.static.*)))
                0x0000000008009c38                _shell_root_cmds_list_end = .

shell_subcmds_area
                0x0000000008009c38        0x0
                0x0000000008009c38                _shell_subcmds_list_start = .
 *(SORT_BY_NAME(SORT_BY_ALIGNMENT(._shell_subcmds.static.*)))
                0x0000000008009c38                _shell_subcmds_list_end = .

shell_dynamic_subcmds_area
                0x0000000008009c38        0x0
                0x0000000008009c38                _shell_dynamic_subcmds_list_start = .
 *(SORT_BY_NAME(SORT_BY_ALIGNMENT(._shell_dynamic_subcmds.static.*)))
                0x0000000008009c38                _shell_dynamic_subcmds_list_end = .

cfb_font_area   0x0000000008009c38        0x0
                0x0000000008009c38                _cfb_font_list_start = .
 *(SORT_BY_NAME(SORT_BY_ALIGNMENT(._cfb_font.static.*)))
                0x0000000008009c38                _cfb_font_list_end = .

tdata           0x0000000008009c38        0x0
 *(SORT_BY_ALIGNMENT(.tdata) SORT_BY_ALIGNMENT(.tdata.*) SORT_BY_ALIGNMENT(.gnu.linkonce.td.*))

tbss            0x0000000008009c38       0x46
 *(SORT_BY_ALIGNMENT(.tbss) SORT_BY_ALIGNMENT(.tbss.*) SORT_BY_ALIGNMENT(.gnu.linkonce.tb.*) SORT_BY_ALIGNMENT(.tcommon))
 .tbss.z_tls_current
                0x0000000008009c38        0x4 zephyr/libzephyr.a(thread_entry.c.obj)
                0x0000000008009c38                z_tls_current
 .tbss.errno    0x0000000008009c3c        0x4 /Users/dinordi/zephyr-sdk-0.16.1/arm-zephyr-eabi/bin/../lib/gcc/../../picolibc/arm-zephyr-eabi/lib/thumb/v6-m/nofp/libc.a(libc_errno_errno.c.o)
                0x0000000008009c3c                errno
 .tbss._localtime_buf
                0x0000000008009c40       0x24 /Users/dinordi/zephyr-sdk-0.16.1/arm-zephyr-eabi/bin/../lib/gcc/../../picolibc/arm-zephyr-eabi/lib/thumb/v6-m/nofp/libc.a(libc_time_lcltime_buf.c.o)
                0x0000000008009c40                _localtime_buf
 .tbss._asctime_buf
                0x0000000008009c64       0x1a /Users/dinordi/zephyr-sdk-0.16.1/arm-zephyr-eabi/bin/../lib/gcc/../../picolibc/arm-zephyr-eabi/lib/thumb/v6-m/nofp/libc.a(libc_time_asctime.c.o)
                0x0000000008009c38                PROVIDE (__tdata_start = LOADADDR (tdata))
                0x0000000000000000                PROVIDE (__tdata_size = SIZEOF (tdata))
                [!provide]                        PROVIDE (__tdata_end = (__tdata_start + __tdata_size))
                0x0000000000000001                PROVIDE (__tdata_align = ALIGNOF (tdata))
                [!provide]                        PROVIDE (__tbss_start = ADDR (tbss))
                0x0000000000000046                PROVIDE (__tbss_size = SIZEOF (tbss))
                [!provide]                        PROVIDE (__tbss_end = (__tbss_start + __tbss_size))
                0x0000000000000004                PROVIDE (__tbss_align = ALIGNOF (tbss))
                [!provide]                        PROVIDE (__tls_start = __tdata_start)
                [!provide]                        PROVIDE (__tls_end = __tbss_end)
                [!provide]                        PROVIDE (__tls_size = (__tbss_end - __tdata_start))

rodata          0x0000000008009c38      0xe80
 *(SORT_BY_ALIGNMENT(.rodata))
 .rodata        0x0000000008009c38       0x4c app/libapp.a(rtc.c.obj)
 *(SORT_BY_ALIGNMENT(.rodata.*))
 .rodata.eeprom_24lc64_config1
                0x0000000008009c84        0xc app/libapp.a(eeprom_24lc64.c.obj)
 .rodata.eeprom_24lc64_config0
                0x0000000008009c90        0xc app/libapp.a(eeprom_24lc64.c.obj)
 .rodata.eeprom_24lc64_api
                0x0000000008009c9c        0xc app/libapp.a(eeprom_24lc64.c.obj)
 .rodata.CSWTCH.21
                0x0000000008009ca8       0x10 app/libapp.a(esp8266.c.obj)
 .rodata.CSWTCH.20
                0x0000000008009cb8       0x10 app/libapp.a(esp8266.c.obj)
 .rodata.adc_stm32_cfg_0
                0x0000000008009cc8       0x40 zephyr/drivers/adc/libdrivers__adc.a(adc_stm32.c.obj)
 .rodata.pclken_0
                0x0000000008009d08        0x8 zephyr/drivers/adc/libdrivers__adc.a(adc_stm32.c.obj)
 .rodata.__pinctrl_dev_config__device_dts_ord_12
                0x0000000008009d10        0x8 zephyr/drivers/adc/libdrivers__adc.a(adc_stm32.c.obj)
 .rodata.__pinctrl_states__device_dts_ord_12
                0x0000000008009d18        0x8 zephyr/drivers/adc/libdrivers__adc.a(adc_stm32.c.obj)
 .rodata.__pinctrl_state_pins_0__device_dts_ord_12
                0x0000000008009d20        0x8 zephyr/drivers/adc/libdrivers__adc.a(adc_stm32.c.obj)
 .rodata.api_stm32_driver_api
                0x0000000008009d28        0xc zephyr/drivers/adc/libdrivers__adc.a(adc_stm32.c.obj)
 .rodata.gpio_stm32_cfg_c
                0x0000000008009d34       0x14 zephyr/drivers/gpio/libdrivers__gpio.a(gpio_stm32.c.obj)
 .rodata.gpio_stm32_cfg_b
                0x0000000008009d48       0x14 zephyr/drivers/gpio/libdrivers__gpio.a(gpio_stm32.c.obj)
 .rodata.gpio_stm32_cfg_a
                0x0000000008009d5c       0x14 zephyr/drivers/gpio/libdrivers__gpio.a(gpio_stm32.c.obj)
 .rodata.gpio_stm32_driver
                0x0000000008009d70       0x24 zephyr/drivers/gpio/libdrivers__gpio.a(gpio_stm32.c.obj)
 .rodata.i2c_stm32_cfg_1
                0x0000000008009d94       0x20 zephyr/drivers/i2c/libdrivers__i2c.a(i2c_ll_stm32.c.obj)
 .rodata.pclken_1
                0x0000000008009db4        0x8 zephyr/drivers/i2c/libdrivers__i2c.a(i2c_ll_stm32.c.obj)
 .rodata.__pinctrl_dev_config__device_dts_ord_32
                0x0000000008009dbc        0x8 zephyr/drivers/i2c/libdrivers__i2c.a(i2c_ll_stm32.c.obj)
 .rodata.__pinctrl_states__device_dts_ord_32
                0x0000000008009dc4        0x8 zephyr/drivers/i2c/libdrivers__i2c.a(i2c_ll_stm32.c.obj)
 .rodata.__pinctrl_state_pins_0__device_dts_ord_32
                0x0000000008009dcc       0x10 zephyr/drivers/i2c/libdrivers__i2c.a(i2c_ll_stm32.c.obj)
 .rodata.i2c_timings_1
                0x0000000008009ddc        0x0 zephyr/drivers/i2c/libdrivers__i2c.a(i2c_ll_stm32.c.obj)
 .rodata.i2c_stm32_cfg_0
                0x0000000008009ddc       0x20 zephyr/drivers/i2c/libdrivers__i2c.a(i2c_ll_stm32.c.obj)
 .rodata.pclken_0
                0x0000000008009dfc       0x10 zephyr/drivers/i2c/libdrivers__i2c.a(i2c_ll_stm32.c.obj)
 .rodata.__pinctrl_dev_config__device_dts_ord_60
                0x0000000008009e0c        0x8 zephyr/drivers/i2c/libdrivers__i2c.a(i2c_ll_stm32.c.obj)
 .rodata.__pinctrl_states__device_dts_ord_60
                0x0000000008009e14        0x8 zephyr/drivers/i2c/libdrivers__i2c.a(i2c_ll_stm32.c.obj)
 .rodata.__pinctrl_state_pins_0__device_dts_ord_60