Archive member included to satisfy reference by file (symbol)

..\app\libapp.a(eeprom_24lc64.c.obj)
                              (--whole-archive)
..\app\libapp.a(main.c.obj)   (--whole-archive)
libzephyr.a(cbprintf_packaged.c.obj)
                              (--whole-archive)
libzephyr.a(dec.c.obj)        (--whole-archive)
libzephyr.a(fdtable.c.obj)    (--whole-archive)
libzephyr.a(hex.c.obj)        (--whole-archive)
libzephyr.a(printk.c.obj)     (--whole-archive)
libzephyr.a(rb.c.obj)         (--whole-archive)
libzephyr.a(sem.c.obj)        (--whole-archive)
libzephyr.a(thread_entry.c.obj)
                              (--whole-archive)
libzephyr.a(timeutil.c.obj)   (--whole-archive)
libzephyr.a(heap.c.obj)       (--whole-archive)
libzephyr.a(heap-validate.c.obj)
                              (--whole-archive)
libzephyr.a(bitarray.c.obj)   (--whole-archive)
libzephyr.a(multi_heap.c.obj)
                              (--whole-archive)
libzephyr.a(cbprintf_complete.c.obj)
                              (--whole-archive)
libzephyr.a(cbprintf.c.obj)   (--whole-archive)
libzephyr.a(assert.c.obj)     (--whole-archive)
libzephyr.a(configs.c.obj)    (--whole-archive)
libzephyr.a(soc.c.obj)        (--whole-archive)
libzephyr.a(stm32cube_hal.c.obj)
                              (--whole-archive)
libzephyr.a(soc_config.c.obj)
                              (--whole-archive)
libzephyr.a(tracing_none.c.obj)
                              (--whole-archive)
arch\common\libarch__common.a(sw_isr_common.c.obj)
                              (--whole-archive)
arch\arch\arm\core\aarch32\libarch__arm__core__aarch32.a(cpu_idle.S.obj)
                              (--whole-archive)
arch\arch\arm\core\aarch32\libarch__arm__core__aarch32.a(fatal.c.obj)
                              (--whole-archive)
arch\arch\arm\core\aarch32\libarch__arm__core__aarch32.a(irq_manage.c.obj)
                              (--whole-archive)
arch\arch\arm\core\aarch32\libarch__arm__core__aarch32.a(nmi.c.obj)
                              (--whole-archive)
arch\arch\arm\core\aarch32\libarch__arm__core__aarch32.a(nmi_on_reset.S.obj)
                              (--whole-archive)
arch\arch\arm\core\aarch32\libarch__arm__core__aarch32.a(prep_c.c.obj)
                              (--whole-archive)
arch\arch\arm\core\aarch32\libarch__arm__core__aarch32.a(swap.c.obj)
                              (--whole-archive)
arch\arch\arm\core\aarch32\libarch__arm__core__aarch32.a(swap_helper.S.obj)
                              (--whole-archive)
arch\arch\arm\core\aarch32\libarch__arm__core__aarch32.a(thread.c.obj)
                              (--whole-archive)
arch\arch\arm\core\aarch32\libarch__arm__core__aarch32.a(isr_wrapper.S.obj)
                              (--whole-archive)
arch\arch\arm\core\aarch32\cortex_m\libarch__arm__core__aarch32__cortex_m.a(exc_exit.S.obj)
                              (--whole-archive)
arch\arch\arm\core\aarch32\cortex_m\libarch__arm__core__aarch32__cortex_m.a(fault.c.obj)
                              (--whole-archive)
arch\arch\arm\core\aarch32\cortex_m\libarch__arm__core__aarch32__cortex_m.a(fault_s.S.obj)
                              (--whole-archive)
arch\arch\arm\core\aarch32\cortex_m\libarch__arm__core__aarch32__cortex_m.a(fpu.c.obj)
                              (--whole-archive)
arch\arch\arm\core\aarch32\cortex_m\libarch__arm__core__aarch32__cortex_m.a(irq_init.c.obj)
                              (--whole-archive)
arch\arch\arm\core\aarch32\cortex_m\libarch__arm__core__aarch32__cortex_m.a(reset.S.obj)
                              (--whole-archive)
arch\arch\arm\core\aarch32\cortex_m\libarch__arm__core__aarch32__cortex_m.a(scb.c.obj)
                              (--whole-archive)
arch\arch\arm\core\aarch32\cortex_m\libarch__arm__core__aarch32__cortex_m.a(thread_abort.c.obj)
                              (--whole-archive)
arch\arch\arm\core\aarch32\cortex_m\libarch__arm__core__aarch32__cortex_m.a(vector_table.S.obj)
                              (--whole-archive)
lib\libc\minimal\liblib__libc__minimal.a(atoi.c.obj)
                              (--whole-archive)
lib\libc\minimal\liblib__libc__minimal.a(strtol.c.obj)
                              (--whole-archive)
lib\libc\minimal\liblib__libc__minimal.a(strtoul.c.obj)
                              (--whole-archive)
lib\libc\minimal\liblib__libc__minimal.a(strtoll.c.obj)
                              (--whole-archive)
lib\libc\minimal\liblib__libc__minimal.a(strtoull.c.obj)
                              (--whole-archive)
lib\libc\minimal\liblib__libc__minimal.a(bsearch.c.obj)
                              (--whole-archive)
lib\libc\minimal\liblib__libc__minimal.a(exit.c.obj)
                              (--whole-archive)
lib\libc\minimal\liblib__libc__minimal.a(qsort.c.obj)
                              (--whole-archive)
lib\libc\minimal\liblib__libc__minimal.a(strerror.c.obj)
                              (--whole-archive)
[...]
Memory Configuration

Name             Origin             Length             Attributes
FLASH            0x0000000008000000 0x0000000000010000 xr
RAM              0x0000000020000000 0x0000000000002000 xw
IDT_LIST         0x00000000fffff7ff 0x0000000000000800 xw
*default*        0x0000000000000000 0xffffffffffffffff

Linker script and memory map

LOAD CMakeFiles/zephyr_final.dir/misc/empty_file.c.obj
LOAD CMakeFiles/zephyr_final.dir/isr_tables.c.obj
LOAD CMakeFiles\offsets.dir\arch\arm\core\offsets\offsets.c.obj
LOAD ..\app\libapp.a
LOAD libzephyr.a
LOAD arch\common\libarch__common.a
LOAD arch\arch\arm\core\aarch32\libarch__arm__core__aarch32.a
LOAD arch\arch\arm\core\aarch32\cortex_m\libarch__arm__core__aarch32__cortex_m.a
LOAD lib\libc\minimal\liblib__libc__minimal.a
LOAD lib\libc\common\liblib__libc__common.a
LOAD drivers\interrupt_controller\libdrivers__interrupt_controller.a
LOAD drivers\adc\libdrivers__adc.a
LOAD drivers\clock_control\libdrivers__clock_control.a
LOAD drivers\console\libdrivers__console.a
LOAD drivers\gpio\libdrivers__gpio.a
LOAD drivers\i2c\libdrivers__i2c.a
LOAD drivers\pinctrl\libdrivers__pinctrl.a
LOAD drivers\reset\libdrivers__reset.a
LOAD drivers\sensor\bme280\libdrivers__sensor__bme280.a
LOAD drivers\sensor\stm32_temp\libdrivers__sensor__stm32_temp.a
LOAD drivers\sensor\stm32_vref\libdrivers__sensor__stm32_vref.a
LOAD drivers\serial\libdrivers__serial.a
LOAD drivers\timer\libdrivers__timer.a
LOAD ..\modules\stm32\stm32cube\lib..__modules__hal__stm32__stm32cube.a
LOAD kernel\libkernel.a
LOAD c:/users/luukv/zephyr-sdk-0.16.1/arm-zephyr-eabi/bin/../lib/gcc/arm-zephyr-eabi/12.2.0/thumb/v6-m/nofp\libgcc.a
LOAD arch\common\libisr_tables.a
                0x0000000000000004                _region_min_align = 0x4

.rel.plt        0x0000000008000000        0x0
 *(SORT_BY_ALIGNMENT(.rel.plt))
                [!provide]                        PROVIDE (__rel_iplt_start = .)
 *(SORT_BY_ALIGNMENT(.rel.iplt))
 .rel.iplt      0x0000000008000000        0x0 CMakeFiles/zephyr_final.dir/isr_tables.c.obj
                [!provide]                        PROVIDE (__rel_iplt_end = .)

.rela.plt       0x0000000000000000        0x0
 *(SORT_BY_ALIGNMENT(.rela.plt))
                [!provide]                        PROVIDE (__rela_iplt_start = .)
 *(SORT_BY_ALIGNMENT(.rela.iplt))
                [!provide]                        PROVIDE (__rela_iplt_end = .)

.rel.dyn
 *(SORT_BY_ALIGNMENT(.rel.*))

.rela.dyn
 *(SORT_BY_ALIGNMENT(.rela.*))

/DISCARD/
 *(SORT_BY_ALIGNMENT(.plt))

/DISCARD/
 *(SORT_BY_ALIGNMENT(.iplt))
                0x0000000008000000                __rom_region_start = 0x8000000

rom_start       0x0000000008000000       0xb4
                0x0000000008000000                __rom_start_address = .
                0x0000000008000000                . = (. + (0x0 - (. - __rom_start_address)))
                0x0000000008000000                . = ALIGN (0x4)
                0x0000000008000000                _vector_start = .
 *(SORT_BY_ALIGNMENT(.exc_vector_table))
 *(SORT_BY_ALIGNMENT(.exc_vector_table.*))
 .exc_vector_table._vector_table_section
                0x0000000008000000       0x40 arch\arch\arm\core\aarch32\cortex_m\libarch__arm__core__aarch32__cortex_m.a(vector_table.S.obj)
                0x0000000008000000                _vector_table
 *(SORT_BY_ALIGNMENT(.vectors))
                0x00000000080000b4                _vector_end = .
                0x0000000008000040                . = ALIGN (0x4)
 *(SORT_BY_ALIGNMENT(.gnu.linkonce.irq_vector_table*))
 .gnu.linkonce.irq_vector_table
                0x0000000008000040       0x74 CMakeFiles/zephyr_final.dir/isr_tables.c.obj
                0x0000000008000040                _irq_vector_table
                0x00000000080000b4                _vector_end = .

text            0x00000000080000b4     0x6730
                0x00000000080000b4                __text_region_start = .
 *(SORT_BY_ALIGNMENT(.text))
 .text          0x00000000080000b4       0x14 c:/users/luukv/zephyr-sdk-0.16.1/arm-zephyr-eabi/bin/../lib/gcc/arm-zephyr-eabi/12.2.0/thumb/v6-m/nofp\libgcc.a(_thumb1_case_uqi.o)
                0x00000000080000b4                __gnu_thumb1_case_uqi
 .text          0x00000000080000c8       0x14 c:/users/luukv/zephyr-sdk-0.16.1/arm-zephyr-eabi/bin/../lib/gcc/arm-zephyr-eabi/12.2.0/thumb/v6-m/nofp\libgcc.a(_thumb1_case_shi.o)
                0x00000000080000c8                __gnu_thumb1_case_shi
 .text          0x00000000080000dc       0x8c c:/users/luukv/zephyr-sdk-0.16.1/arm-zephyr-eabi/bin/../lib/gcc/arm-zephyr-eabi/12.2.0/thumb/v6-m/nofp\libgcc.a(_udivsi3.o)
                0x00000000080000dc                __aeabi_uidiv
                0x00000000080000dc                __udivsi3
                0x0000000008000154                __aeabi_uidivmod
 .text          0x0000000008000168       0xa8 c:/users/luukv/zephyr-sdk-0.16.1/arm-zephyr-eabi/bin/../lib/gcc/arm-zephyr-eabi/12.2.0/thumb/v6-m/nofp\libgcc.a(_divsi3.o)
                0x0000000008000168                __divsi3
                0x0000000008000168                __aeabi_idiv
                0x00000000080001fc                __aeabi_idivmod
 .text          0x0000000008000210        0x4 c:/users/luukv/zephyr-sdk-0.16.1/arm-zephyr-eabi/bin/../lib/gcc/arm-zephyr-eabi/12.2.0/thumb/v6-m/nofp\libgcc.a(_dvmd_tls.o)
                0x0000000008000210                __aeabi_idiv0
                0x0000000008000210                __aeabi_ldiv0
 .text          0x0000000008000214       0x7c c:/users/luukv/zephyr-sdk-0.16.1/arm-zephyr-eabi/bin/../lib/gcc/arm-zephyr-eabi/12.2.0/thumb/v6-m/nofp\libgcc.a(_arm_cmpdf2.o)
                0x0000000008000214                __aeabi_cdrcmple
                0x0000000008000224                __aeabi_cdcmple
                0x0000000008000224                __aeabi_cdcmpeq
                0x0000000008000234                __aeabi_dcmpeq
                0x0000000008000240                __aeabi_dcmplt
                0x0000000008000254                __aeabi_dcmple
                0x0000000008000268                __aeabi_dcmpgt
                0x000000000800027c                __aeabi_dcmpge
 .text          0x0000000008000290       0x74 c:/users/luukv/zephyr-sdk-0.16.1/arm-zephyr-eabi/bin/../lib/gcc/arm-zephyr-eabi/12.2.0/thumb/v6-m/nofp\libgcc.a(_arm_cmpsf2.o)
                0x0000000008000290                __aeabi_cfrcmple
                0x0000000008000298                __aeabi_cfcmpeq
                0x0000000008000298                __aeabi_cfcmple
                0x00000000080002a8                __aeabi_fcmpeq
                0x00000000080002b4                __aeabi_fcmplt
                0x00000000080002c8                __aeabi_fcmple
                0x00000000080002dc                __aeabi_fcmpgt
                0x00000000080002f0                __aeabi_fcmpge
 .text          0x0000000008000304       0x3c c:/users/luukv/zephyr-sdk-0.16.1/arm-zephyr-eabi/bin/../lib/gcc/arm-zephyr-eabi/12.2.0/thumb/v6-m/nofp\libgcc.a(_clzsi2.o)
                0x0000000008000304                __clzsi2
 .text          0x0000000008000340       0x40 c:/users/luukv/zephyr-sdk-0.16.1/arm-zephyr-eabi/bin/../lib/gcc/arm-zephyr-eabi/12.2.0/thumb/v6-m/nofp\libgcc.a(_ctzsi2.o)
                0x0000000008000340                __ctzsi2
 .text          0x0000000008000380       0x48 c:/users/luukv/zephyr-sdk-0.16.1/arm-zephyr-eabi/bin/../lib/gcc/arm-zephyr-eabi/12.2.0/thumb/v6-m/nofp\libgcc.a(_aeabi_ldivmod.o)
                0x0000000008000380                __aeabi_ldivmod
 .text          0x00000000080003c8       0x40 c:/users/luukv/zephyr-sdk-0.16.1/arm-zephyr-eabi/bin/../lib/gcc/arm-zephyr-eabi/12.2.0/thumb/v6-m/nofp\libgcc.a(_aeabi_uldivmod.o)
                0x00000000080003c8                __aeabi_uldivmod
 .text          0x0000000008000408       0x34 c:/users/luukv/zephyr-sdk-0.16.1/arm-zephyr-eabi/bin/../lib/gcc/arm-zephyr-eabi/12.2.0/thumb/v6-m/nofp\libgcc.a(_popcountsi2.o)
                0x0000000008000408                __popcountsi2
 .text          0x000000000800043c      0x2e8 c:/users/luukv/zephyr-sdk-0.16.1/arm-zephyr-eabi/bin/../lib/gcc/arm-zephyr-eabi/12.2.0/thumb/v6-m/nofp\libgcc.a(addsf3.o)
                0x000000000800043c                __aeabi_fadd
 .text          0x0000000008000724      0x1c4 c:/users/luukv/zephyr-sdk-0.16.1/arm-zephyr-eabi/bin/../lib/gcc/arm-zephyr-eabi/12.2.0/thumb/v6-m/nofp\libgcc.a(divsf3.o)
                0x0000000008000724                __aeabi_fdiv
 .text          0x00000000080008e8      0x1ec c:/users/luukv/zephyr-sdk-0.16.1/arm-zephyr-eabi/bin/../lib/gcc/arm-zephyr-eabi/12.2.0/thumb/v6-m/nofp\libgcc.a(mulsf3.o)
                0x00000000080008e8                __aeabi_fmul
 .text          0x0000000008000ad4      0x32c c:/users/luukv/zephyr-sdk-0.16.1/arm-zephyr-eabi/bin/../lib/gcc/arm-zephyr-eabi/12.2.0/thumb/v6-m/nofp\libgcc.a(subsf3.o)
                0x0000000008000ad4                __aeabi_fsub
 .text          0x0000000008000e00       0x3c c:/users/luukv/zephyr-sdk-0.16.1/arm-zephyr-eabi/bin/../lib/gcc/arm-zephyr-eabi/12.2.0/thumb/v6-m/nofp\libgcc.a(fixsfsi.o)
                0x0000000008000e00                __aeabi_f2iz
 .text          0x0000000008000e3c       0x88 c:/users/luukv/zephyr-sdk-0.16.1/arm-zephyr-eabi/bin/../lib/gcc/arm-zephyr-eabi/12.2.0/thumb/v6-m/nofp\libgcc.a(floatsisf.o)
                0x0000000008000e3c                __aeabi_i2f
 .text          0x0000000008000ec4       0x84 c:/users/luukv/zephyr-sdk-0.16.1/arm-zephyr-eabi/bin/../lib/gcc/arm-zephyr-eabi/12.2.0/thumb/v6-m/nofp\libgcc.a(eqdf2.o)
                0x0000000008000ec4                __nedf2
                0x0000000008000ec4                __eqdf2
 .text          0x0000000008000f48       0xec c:/users/luukv/zephyr-sdk-0.16.1/arm-zephyr-eabi/bin/../lib/gcc/arm-zephyr-eabi/12.2.0/thumb/v6-m/nofp\libgcc.a(gedf2.o)
                0x0000000008000f48                __gedf2
                0x0000000008000f48                __gtdf2
 .text          0x0000000008001034       0xf0 c:/users/luukv/zephyr-sdk-0.16.1/arm-zephyr-eabi/bin/../lib/gcc/arm-zephyr-eabi/12.2.0/thumb/v6-m/nofp\libgcc.a(ledf2.o)
                0x0000000008001034                __ledf2
                0x0000000008001034                __ltdf2
 .text          0x0000000008001124      0x454 c:/users/luukv/zephyr-sdk-0.16.1/arm-zephyr-eabi/bin/../lib/gcc/arm-zephyr-eabi/12.2.0/thumb/v6-m/nofp\libgcc.a(muldf3.o)
                0x0000000008001124                __aeabi_dmul
 .text          0x0000000008001578      0x628 c:/users/luukv/zephyr-sdk-0.16.1/arm-zephyr-eabi/bin/../lib/gcc/arm-zephyr-eabi/12.2.0/thumb/v6-m/nofp\libgcc.a(subdf3.o)
                0x0000000008001578                __aeabi_dsub
 .text          0x0000000008001ba0       0x64 c:/users/luukv/zephyr-sdk-0.16.1/arm-zephyr-eabi/bin/../lib/gcc/arm-zephyr-eabi/12.2.0/thumb/v6-m/nofp\libgcc.a(fixdfsi.o)
                0x0000000008001ba0                __aeabi_d2iz
 .text          0x0000000008001c04       0x54 c:/users/luukv/zephyr-sdk-0.16.1/arm-zephyr-eabi/bin/../lib/gcc/arm-zephyr-eabi/12.2.0/thumb/v6-m/nofp\libgcc.a(floatsidf.o)
                0x0000000008001c04                __aeabi_i2d
 .text          0x0000000008001c58       0x84 c:/users/luukv/zephyr-sdk-0.16.1/arm-zephyr-eabi/bin/../lib/gcc/arm-zephyr-eabi/12.2.0/thumb/v6-m/nofp\libgcc.a(extendsfdf2.o)
                0x0000000008001c58                __aeabi_f2d
 .text          0x0000000008001cdc       0x18 c:/users/luukv/zephyr-sdk-0.16.1/arm-zephyr-eabi/bin/../lib/gcc/arm-zephyr-eabi/12.2.0/thumb/v6-m/nofp\libgcc.a(_lshrdi3.o)
                0x0000000008001cdc                __lshrdi3
                0x0000000008001cdc                __aeabi_llsr
 .text          0x0000000008001cf4       0x18 c:/users/luukv/zephyr-sdk-0.16.1/arm-zephyr-eabi/bin/../lib/gcc/arm-zephyr-eabi/12.2.0/thumb/v6-m/nofp\libgcc.a(_ashldi3.o)
                0x0000000008001cf4                __aeabi_llsl
                0x0000000008001cf4                __ashldi3
 .text          0x0000000008001d0c       0x18 c:/users/luukv/zephyr-sdk-0.16.1/arm-zephyr-eabi/bin/../lib/gcc/arm-zephyr-eabi/12.2.0/thumb/v6-m/nofp\libgcc.a(_clzdi2.o)
                0x0000000008001d0c                __clzdi2
 .text          0x0000000008001d24       0x44 c:/users/luukv/zephyr-sdk-0.16.1/arm-zephyr-eabi/bin/../lib/gcc/arm-zephyr-eabi/12.2.0/thumb/v6-m/nofp\libgcc.a(_muldi3.o)
                0x0000000008001d24                __muldi3
                0x0000000008001d24                __aeabi_lmul
 .text          0x0000000008001d68        0xe c:/users/luukv/zephyr-sdk-0.16.1/arm-zephyr-eabi/bin/../lib/gcc/arm-zephyr-eabi/12.2.0/thumb/v6-m/nofp\libgcc.a(_ffssi2.o)
                0x0000000008001d68                __ffssi2
 .text          0x0000000008001d76       0xde c:/users/luukv/zephyr-sdk-0.16.1/arm-zephyr-eabi/bin/../lib/gcc/arm-zephyr-eabi/12.2.0/thumb/v6-m/nofp\libgcc.a(_udivmoddi4.o)
                0x0000000008001d76                __udivmoddi4
 .text          0x0000000008001e54       0x30 c:/users/luukv/zephyr-sdk-0.16.1/arm-zephyr-eabi/bin/../lib/gcc/arm-zephyr-eabi/12.2.0/thumb/v6-m/nofp\libgcc.a(bpabi.o)
                0x0000000008001e54                __gnu_ldivmod_helper
 .text          0x0000000008001e84       0x4e c:/users/luukv/zephyr-sdk-0.16.1/arm-zephyr-eabi/bin/../lib/gcc/arm-zephyr-eabi/12.2.0/thumb/v6-m/nofp\libgcc.a(eqsf2.o)
                0x0000000008001e84                __eqsf2
                0x0000000008001e84                __nesf2
 .text          0x0000000008001ed2       0x9c c:/users/luukv/zephyr-sdk-0.16.1/arm-zephyr-eabi/bin/../lib/gcc/arm-zephyr-eabi/12.2.0/thumb/v6-m/nofp\libgcc.a(gesf2.o)
                0x0000000008001ed2                __gesf2
                0x0000000008001ed2                __gtsf2
 .text          0x0000000008001f6e       0xa0 c:/users/luukv/zephyr-sdk-0.16.1/arm-zephyr-eabi/bin/../lib/gcc/arm-zephyr-eabi/12.2.0/thumb/v6-m/nofp\libgcc.a(lesf2.o)
                0x0000000008001f6e                __ltsf2
                0x0000000008001f6e                __lesf2
 .text          0x000000000800200e      0x142 c:/users/luukv/zephyr-sdk-0.16.1/arm-zephyr-eabi/bin/../lib/gcc/arm-zephyr-eabi/12.2.0/thumb/v6-m/nofp\libgcc.a(_divdi3.o)
                0x000000000800200e                __divdi3
 *(SORT_BY_ALIGNMENT(.text.*))
 .text.sensor_channel_get.constprop.0.isra.0
                0x0000000008002150       0x18 ..\app\libapp.a(main.c.obj)
 .text.main     0x0000000008002168      0x148 ..\app\libapp.a(main.c.obj)
                0x0000000008002168                main
 .text.char_out
                0x00000000080022b0       0x10 libzephyr.a(printk.c.obj)
 .text.__printk_hook_install
                0x00000000080022c0        0xc libzephyr.a(printk.c.obj)
                0x00000000080022c0                __printk_hook_install
 .text.vprintk  0x00000000080022cc       0x18 libzephyr.a(printk.c.obj)
                0x00000000080022cc                vprintk
 .text.z_cbvprintf_impl
                0x00000000080022e4      0x728 libzephyr.a(cbprintf_complete.c.obj)
                0x00000000080022e4                z_cbvprintf_impl
 .text.stm32f0_init
                0x0000000008002a0c       0x14 libzephyr.a(soc.c.obj)
 .text.z_arm_cpu_idle_init
                0x0000000008002a20        0xc arch\arch\arm\core\aarch32\libarch__arm__core__aarch32.a(cpu_idle.S.obj)
                0x0000000008002a20                z_arm_cpu_idle_init
 .text.arch_cpu_idle
                0x0000000008002a2c       0x10 arch\arch\arm\core\aarch32\libarch__arm__core__aarch32.a(cpu_idle.S.obj)
                0x0000000008002a2c                arch_cpu_idle
 .text.arch_irq_enable
                0x0000000008002a3c       0x18 arch\arch\arm\core\aarch32\libarch__arm__core__aarch32.a(irq_manage.c.obj)
                0x0000000008002a3c                arch_irq_enable
 .text.z_arm_irq_priority_set
                0x0000000008002a54       0x54 arch\arch\arm\core\aarch32\libarch__arm__core__aarch32.a(irq_manage.c.obj)
                0x0000000008002a54                z_arm_irq_priority_set
 .text.z_SysNmiOnReset
                0x0000000008002aa8        0x4 arch\arch\arm\core\aarch32\libarch__arm__core__aarch32.a(nmi_on_reset.S.obj)
                0x0000000008002aa8                z_SysNmiOnReset
 .text.arch_swap
                0x0000000008002aac       0x30 arch\arch\arm\core\aarch32\libarch__arm__core__aarch32.a(swap.c.obj)
                0x0000000008002aac                arch_swap
 .text.z_arm_pendsv
                0x0000000008002adc       0x60 arch\arch\arm\core\aarch32\libarch__arm__core__aarch32.a(swap_helper.S.obj)
                0x0000000008002adc                z_arm_pendsv
 .text.z_arm_svc
                0x0000000008002b3c       0x24 arch\arch\arm\core\aarch32\libarch__arm__core__aarch32.a(swap_helper.S.obj)
                0x0000000008002b3c                z_arm_svc
 .text.arch_new_thread
                0x0000000008002b60       0x2c arch\arch\arm\core\aarch32\libarch__arm__core__aarch32.a(thread.c.obj)
                0x0000000008002b60                arch_new_thread
 .text.arch_switch_to_main_thread
                0x0000000008002b8c       0x20 arch\arch\arm\core\aarch32\libarch__arm__core__aarch32.a(thread.c.obj)
                0x0000000008002b8c                arch_switch_to_main_thread
 .text._isr_wrapper
                0x0000000008002bac       0x28 arch\arch\arm\core\aarch32\libarch__arm__core__aarch32.a(isr_wrapper.S.obj)
                0x0000000008002bac                _isr_wrapper
 .text._HandlerModeExit
                0x0000000008002bd4       0x20 arch\arch\arm\core\aarch32\cortex_m\libarch__arm__core__aarch32__cortex_m.a(exc_exit.S.obj)
                0x0000000008002bd4                z_arm_int_exit
                0x0000000008002bd4                z_arm_exc_exit
 .text.z_arm_fault
                0x0000000008002bf4       0xa8 arch\arch\arm\core\aarch32\cortex_m\libarch__arm__core__aarch32__cortex_m.a(fault.c.obj)
                0x0000000008002bf4                z_arm_fault
 .text.__fault  0x0000000008002c9c       0x14 arch\arch\arm\core\aarch32\cortex_m\libarch__arm__core__aarch32__cortex_m.a(fault_s.S.obj)
                0x0000000008002c9c                z_arm_hard_fault
                0x0000000008002c9c                z_arm_exc_spurious
 .text.z_arm_interrupt_init
                0x0000000008002cb0       0x30 arch\arch\arm\core\aarch32\cortex_m\libarch__arm__core__aarch32__cortex_m.a(irq_init.c.obj)
                0x0000000008002cb0                z_arm_interrupt_init
 .text._reset_section
                0x0000000008002ce0       0x28 arch\arch\arm\core\aarch32\cortex_m\libarch__arm__core__aarch32__cortex_m.a(reset.S.obj)
                0x0000000008002ce0                __start
                0x0000000008002ce0                z_arm_reset
 .text.z_impl_k_thread_abort
                0x0000000008002d08       0x38 arch\arch\arm\core\aarch32\cortex_m\libarch__arm__core__aarch32__cortex_m.a(thread_abort.c.obj)
                0x0000000008002d08                z_impl_k_thread_abort
 .text.__stdout_hook_install
                0x0000000008002d40        0xc lib\libc\minimal\liblib__libc__minimal.a(stdout_console.c.obj)
                0x0000000008002d40                __stdout_hook_install
 .text.stm32_exti_isr
                0x0000000008002d4c       0x44 drivers\interrupt_controller\libdrivers__interrupt_controller.a(intc_exti_stm32.c.obj)
 .text.stm32_exti_init
                0x0000000008002d90       0x44 drivers\interrupt_controller\libdrivers__interrupt_controller.a(intc_exti_stm32.c.obj)
 .text.stm32_exti_enable
                0x0000000008002dd4       0x24 drivers\interrupt_controller\libdrivers__interrupt_controller.a(intc_exti_stm32.c.obj)
                0x0000000008002dd4                stm32_exti_enable
 .text.stm32_exti_disable
                0x0000000008002df8       0x18 drivers\interrupt_controller\libdrivers__interrupt_controller.a(intc_exti_stm32.c.obj)
                0x0000000008002df8                stm32_exti_disable
 .text.stm32_exti_trigger
                0x0000000008002e10       0x54 drivers\interrupt_controller\libdrivers__interrupt_controller.a(intc_exti_stm32.c.obj)
                0x0000000008002e10                stm32_exti_trigger
 .text.stm32_exti_set_callback
                0x0000000008002e64       0x2c drivers\interrupt_controller\libdrivers__interrupt_controller.a(intc_exti_stm32.c.obj)
                0x0000000008002e64                stm32_exti_set_callback
 .text.stm32_exti_unset_callback
                0x0000000008002e90       0x14 drivers\interrupt_controller\libdrivers__interrupt_controller.a(intc_exti_stm32.c.obj)
                0x0000000008002e90                stm32_exti_unset_callback
 .text.adc_stm32_disable
                0x0000000008002ea4       0x3c drivers\adc\libdrivers__adc.a(adc_stm32.c.obj)
 .text.adc_stm32_channel_setup
                0x0000000008002ee0       0xa4 drivers\adc\libdrivers__adc.a(adc_stm32.c.obj)
 .text.adc_stm32_calib.isra.0
                0x0000000008002f84       0x1c drivers\adc\libdrivers__adc.a(adc_stm32.c.obj)
 .text.adc_context_start_sampling
                0x0000000008002fa0       0x28 drivers\adc\libdrivers__adc.a(adc_stm32.c.obj)
 .text.adc_stm32_enable
                0x0000000008002fc8       0x48 drivers\adc\libdrivers__adc.a(adc_stm32.c.obj)
 .text.adc_stm32_read
                0x0000000008003010      0x260 drivers\adc\libdrivers__adc.a(adc_stm32.c.obj)
 .text.adc_stm32_isr
                0x0000000008003270      0x120 drivers\adc\libdrivers__adc.a(adc_stm32.c.obj)
 .text.adc_stm32_init
                0x0000000008003390       0xb8 drivers\adc\libdrivers__adc.a(adc_stm32.c.obj)
 .text.stm32_clock_control_on
                0x0000000008003448       0x24 drivers\clock_control\libdrivers__clock_control.a(clock_stm32_ll_common.c.obj)
 .text.stm32_clock_control_off
                0x000000000800346c       0x24 drivers\clock_control\libdrivers__clock_control.a(clock_stm32_ll_common.c.obj)
 .text.stm32_clock_control_get_status
                0x0000000008003490       0x2c drivers\clock_control\libdrivers__clock_control.a(clock_stm32_ll_common.c.obj)
 .text.stm32_clock_control_get_subsys_rate
                0x00000000080034bc       0x54 drivers\clock_control\libdrivers__clock_control.a(clock_stm32_ll_common.c.obj)
 .text.stm32_clock_control_init
                0x0000000008003510       0xf4 drivers\clock_control\libdrivers__clock_control.a(clock_stm32_ll_common.c.obj)
                0x0000000008003510                stm32_clock_control_init
 .text.stm32_clock_control_configure
                0x0000000008003604       0x54 drivers\clock_control\libdrivers__clock_control.a(clock_stm32_ll_common.c.obj)
 .text.config_pll_sysclock
                0x0000000008003658       0x24 drivers\clock_control\libdrivers__clock_control.a(clock_stm32f0_f3.c.obj)
                0x0000000008003658                config_pll_sysclock
 .text.get_pllout_frequency
                0x000000000800367c        0x8 drivers\clock_control\libdrivers__clock_control.a(clock_stm32f0_f3.c.obj)
                0x000000000800367c                get_pllout_frequency
 .text.config_enable_default_clocks
                0x0000000008003684       0x30 drivers\clock_control\libdrivers__clock_control.a(clock_stm32f0_f3.c.obj)
                0x0000000008003684                config_enable_default_clocks
 .text.uart_console_init
                0x00000000080036b4       0x2c drivers\console\libdrivers__console.a(uart_console.c.obj)
 .text.console_out
                0x00000000080036e0       0x28 drivers\console\libdrivers__console.a(uart_console.c.obj)
 .text.gpio_stm32_init
                0x0000000008003708       0x34 drivers\gpio\libdrivers__gpio.a(gpio_stm32.c.obj)
 .text.gpio_stm32_pin_interrupt_configure
                0x000000000800373c       0xc0 drivers\gpio\libdrivers__gpio.a(gpio_stm32.c.obj)
 .text.msg_init
                0x00000000080037fc       0xb0 drivers\i2c\libdrivers__i2c.a(i2c_ll_stm32_v2.c.obj)
 .text.stm32_i2c_combined_isr
                0x00000000080038ac       0xc0 drivers\i2c\libdrivers__i2c.a(i2c_ll_stm32_v2.c.obj)
                0x00000000080038ac                stm32_i2c_combined_isr
 .text.stm32_i2c_configure_timing
                0x000000000800396c      0x150 drivers\i2c\libdrivers__i2c.a(i2c_ll_stm32_v2.c.obj)
                0x000000000800396c                stm32_i2c_configure_timing
 .text.stm32_i2c_transaction
                0x0000000008003abc      0x164 drivers\i2c\libdrivers__i2c.a(i2c_ll_stm32_v2.c.obj)
                0x0000000008003abc                stm32_i2c_transaction
 .text.i2c_stm32_runtime_configure
                0x0000000008003c20       0x70 drivers\i2c\libdrivers__i2c.a(i2c_ll_stm32.c.obj)
                0x0000000008003c20                i2c_stm32_runtime_configure
 .text.i2c_stm32_init
                0x0000000008003c90       0xe0 drivers\i2c\libdrivers__i2c.a(i2c_ll_stm32.c.obj)
 .text.pinctrl_configure_pins
                0x0000000008003d70       0x8c drivers\pinctrl\libdrivers__pinctrl.a(pinctrl_stm32.c.obj)
                0x0000000008003d70                pinctrl_configure_pins
 .text.bme280_channel_get
                0x0000000008003dfc       0x84 drivers\sensor\bme280\libdrivers__sensor__bme280.a(bme280.c.obj)
 .text.bme280_sample_fetch
                0x0000000008003e80      0x270 drivers\sensor\bme280\libdrivers__sensor__bme280.a(bme280.c.obj)
 .text.stm32_temp_channel_get
                0x00000000080040f0      0x120 drivers\sensor\stm32_temp\libdrivers__sensor__stm32_temp.a(stm32_temp.c.obj)
 .text.stm32_vref_channel_get
                0x0000000008004210       0xc8 drivers\sensor\stm32_vref\libdrivers__sensor__stm32_vref.a(stm32_vref.c.obj)
 .text.uart_stm32_set_baudrate
                0x00000000080042d8       0x40 drivers\serial\libdrivers__serial.a(uart_stm32.c.obj)
 .text.uart_stm32_irq_err_disable
                0x0000000008004318       0x38 drivers\serial\libdrivers__serial.a(uart_stm32.c.obj)
 .text.uart_stm32_parameters_set
                0x0000000008004350      0x140 drivers\serial\libdrivers__serial.a(uart_stm32.c.obj)
 .text.uart_stm32_configure
                0x0000000008004490       0xcc drivers\serial\libdrivers__serial.a(uart_stm32.c.obj)
 .text.uart_stm32_init
                0x000000000800455c      0x170 drivers\serial\libdrivers__serial.a(uart_stm32.c.obj)
 .text.uart_stm32_config_get
                0x00000000080046cc       0x94 drivers\serial\libdrivers__serial.a(uart_stm32.c.obj)
 .text.elapsed  0x0000000008004760       0x38 drivers\timer\libdrivers__timer.a(cortex_m_systick.c.obj)
 .text.sys_clock_driver_init
                0x0000000008004798       0x3c drivers\timer\libdrivers__timer.a(cortex_m_systick.c.obj)
 .text.sys_clock_isr
                0x00000000080047d4       0x44 drivers\timer\libdrivers__timer.a(cortex_m_systick.c.obj)
                0x00000000080047d4                sys_clock_isr
 .text.sys_clock_set_timeout
                0x0000000008004818       0xf0 drivers\timer\libdrivers__timer.a(cortex_m_systick.c.obj)
                0x0000000008004818                sys_clock_set_timeout
 .text.sys_clock_elapsed
                0x0000000008004908       0x34 drivers\timer\libdrivers__timer.a(cortex_m_systick.c.obj)
                0x0000000008004908                sys_clock_elapsed
 .text.sys_clock_cycle_get_32
                0x000000000800493c       0x24 drivers\timer\libdrivers__timer.a(cortex_m_systick.c.obj)
                0x000000000800493c                sys_clock_cycle_get_32
 .text.HAL_RCC_GetSysClockFreq
                0x0000000008004960       0x4c ..\modules\stm32\stm32cube\lib..__modules__hal__stm32__stm32cube.a(stm32f0xx_hal_rcc.c.obj)
                0x0000000008004960                HAL_RCC_GetSysClockFreq
 .text.LL_SetFlashLatency
                0x00000000080049ac       0x38 ..\modules\stm32\stm32cube\lib..__modules__hal__stm32__stm32cube.a(stm32f0xx_ll_utils.c.obj)
                0x00000000080049ac                LL_SetFlashLatency
 .text.z_impl_k_busy_wait
                0x00000000080049e4       0x38 kernel\libkernel.a(busy_wait.c.obj)
                0x00000000080049e4                z_impl_k_busy_wait
 .text.z_sys_init_run_level
                0x0000000008004a1c       0x54 kernel\libkernel.a(init.c.obj)
 .text.bg_thread_main
                0x0000000008004a70       0x34 kernel\libkernel.a(init.c.obj)
 .text.z_bss_zero
                0x0000000008004aa4       0x18 kernel\libkernel.a(init.c.obj)
                0x0000000008004aa4                z_bss_zero
 .text.z_init_cpu
                0x0000000008004abc       0x74 kernel\libkernel.a(init.c.obj)
                0x0000000008004abc                z_init_cpu
 .text.z_cstart
                0x0000000008004b30       0xb0 kernel\libkernel.a(init.c.obj)
                0x0000000008004b30                z_cstart
 .text.z_setup_new_thread
                0x0000000008004be0       0x54 kernel\libkernel.a(thread.c.obj)
                0x0000000008004be0                z_setup_new_thread
 .text.z_init_static_threads
                0x0000000008004c34       0x90 kernel\libkernel.a(thread.c.obj)
                0x0000000008004c34                z_init_static_threads
 .text.z_impl_k_mutex_lock
                0x0000000008004cc4       0xf0 kernel\libkernel.a(mutex.c.obj)
                0x0000000008004cc4                z_impl_k_mutex_lock
 .text.z_impl_k_mutex_unlock
                0x0000000008004db4       0x74 kernel\libkernel.a(mutex.c.obj)
                0x0000000008004db4                z_impl_k_mutex_unlock
 .text.z_impl_k_sem_give
                0x0000000008004e28       0x44 kernel\libkernel.a(sem.c.obj)
                0x0000000008004e28                z_impl_k_sem_give
 .text.z_impl_k_sem_take
                0x0000000008004e6c       0x4c kernel\libkernel.a(sem.c.obj)
                0x0000000008004e6c                z_impl_k_sem_take
 .text.sliceable
                0x0000000008004eb8       0x40 kernel\libkernel.a(sched.c.obj)
 .text.slice_timeout
                0x0000000008004ef8       0x20 kernel\libkernel.a(sched.c.obj)
 .text.z_reset_time_slice
                0x0000000008004f18       0x4c kernel\libkernel.a(sched.c.obj)
                0x0000000008004f18                z_reset_time_slice
 .text.update_cache
                0x0000000008004f64       0x44 kernel\libkernel.a(sched.c.obj)
 .text.move_thread_to_end_of_prio_q
                0x0000000008004fa8       0x78 kernel\libkernel.a(sched.c.obj)
 .text.ready_thread
                0x0000000008005020       0x6c kernel\libkernel.a(sched.c.obj)
 .text.unready_thread
                0x000000000800508c       0x2c kernel\libkernel.a(sched.c.obj)
 .text.pend_locked
                0x00000000080050b8       0x2c kernel\libkernel.a(sched.c.obj)
 .text.z_time_slice
                0x00000000080050e4       0x58 kernel\libkernel.a(sched.c.obj)
                0x00000000080050e4                z_time_slice
 .text.z_pend_curr
                0x000000000800513c       0x30 kernel\libkernel.a(sched.c.obj)
                0x000000000800513c                z_pend_curr
 .text.z_set_prio
                0x000000000800516c       0x8c kernel\libkernel.a(sched.c.obj)
                0x000000000800516c                z_set_prio
 .text.z_reschedule
                0x00000000080051f8       0x2c kernel\libkernel.a(sched.c.obj)
                0x00000000080051f8                z_reschedule
 .text.z_sched_start
                0x0000000008005224       0x34 kernel\libkernel.a(sched.c.obj)
                0x0000000008005224                z_sched_start
 .text.z_impl_k_thread_suspend
                0x0000000008005258       0x58 kernel\libkernel.a(sched.c.obj)
                0x0000000008005258                z_impl_k_thread_suspend
 .text.k_sched_lock
                0x00000000080052b0       0x20 kernel\libkernel.a(sched.c.obj)
                0x00000000080052b0                k_sched_lock
 .text.k_sched_unlock
                0x00000000080052d0       0x2c kernel\libkernel.a(sched.c.obj)
                0x00000000080052d0                k_sched_unlock
 .text.z_sched_init
                0x00000000080052fc       0x14 kernel\libkernel.a(sched.c.obj)
                0x00000000080052fc                z_sched_init
 .text.z_impl_k_yield
                0x0000000008005310       0x78 kernel\libkernel.a(sched.c.obj)
                0x0000000008005310                z_impl_k_yield
 .text.z_tick_sleep
                0x0000000008005388       0x8c kernel\libkernel.a(sched.c.obj)
 .text.z_impl_k_sleep
                0x0000000008005414       0x30 kernel\libkernel.a(sched.c.obj)
                0x0000000008005414                z_impl_k_sleep
 .text.z_impl_z_current_get
                0x0000000008005444        0xc kernel\libkernel.a(sched.c.obj)
                0x0000000008005444                z_impl_z_current_get
 .text.z_thread_abort
                0x0000000008005450       0xb8 kernel\libkernel.a(sched.c.obj)
                0x0000000008005450                z_thread_abort
 .text.z_data_copy
                0x0000000008005508       0x34 kernel\libkernel.a(xip.c.obj)
                0x0000000008005508                z_data_copy
 .text.elapsed  0x000000000800553c       0x18 kernel\libkernel.a(timeout.c.obj)
 .text.next_timeout
                0x0000000008005554       0x44 kernel\libkernel.a(timeout.c.obj)
 .text.remove_timeout
                0x0000000008005598       0x38 kernel\libkernel.a(timeout.c.obj)
 .text.z_add_timeout
                0x00000000080055d0       0xdc kernel\libkernel.a(timeout.c.obj)
                0x00000000080055d0                z_add_timeout
 .text.sys_clock_announce
                0x00000000080056ac       0xdc kernel\libkernel.a(timeout.c.obj)
                0x00000000080056ac                sys_clock_announce
 .text.sys_clock_tick_get
                0x0000000008005788       0x2c kernel\libkernel.a(timeout.c.obj)
                0x0000000008005788                sys_clock_tick_get
 .text.z_timer_expiration_handler
                0x00000000080057b4       0xe8 kernel\libkernel.a(timer.c.obj)
                0x00000000080057b4                z_timer_expiration_handler
 .text.z_impl_k_timer_start
                0x000000000800589c       0x5c kernel\libkernel.a(timer.c.obj)
                0x000000000800589c                z_impl_k_timer_start
 .text.boot_banner
                0x00000000080058f8       0x10 kernel\libkernel.a(banner.c.obj)
                0x00000000080058f8                boot_banner
 .text._OffsetAbsSyms
                0x0000000008005908        0x2 CMakeFiles\offsets.dir\arch\arm\core\offsets\offsets.c.obj
                0x0000000008005908                _OffsetAbsSyms
 .text.eeprom_24lc64_size
                0x000000000800590a        0x6 ..\app\libapp.a(eeprom_24lc64.c.obj)
 .text.eeprom_24lc64_read
                0x0000000008005910       0x44 ..\app\libapp.a(eeprom_24lc64.c.obj)
 .text.eeprom_24lc64_init
                0x0000000008005954        0xe ..\app\libapp.a(eeprom_24lc64.c.obj)
 .text.eeprom_24lc64_write
                0x0000000008005962       0x40 ..\app\libapp.a(eeprom_24lc64.c.obj)
 .text.arch_printk_char_out
                0x00000000080059a2        0x4 libzephyr.a(printk.c.obj)
                0x00000000080059a2                arch_printk_char_out
 .text.printk   0x00000000080059a6       0x16 libzephyr.a(printk.c.obj)
                0x00000000080059a6                printk
 .text.z_thread_entry
                0x00000000080059bc       0x14 libzephyr.a(thread_entry.c.obj)
                0x00000000080059bc                z_thread_entry
 .text.encode_uint
                0x00000000080059d0       0x9a libzephyr.a(cbprintf_complete.c.obj)
 .text.outs     0x0000000008005a6a       0x2c libzephyr.a(cbprintf_complete.c.obj)
 .text._ConfigAbsSyms
                0x0000000008005a96        0x2 libzephyr.a(configs.c.obj)
                0x0000000008005a96                _ConfigAbsSyms
 .text.relocate_vector_table
                0x0000000008005a98        0x2 libzephyr.a(soc.c.obj)
                0x0000000008005a98                relocate_vector_table
 .text.st_stm32_common_config
                0x0000000008005a9a        0x4 libzephyr.a(soc_config.c.obj)
 .text.z_arm_fatal_error
                0x0000000008005a9e        0x8 arch\arch\arm\core\aarch32\libarch__arm__core__aarch32.a(fatal.c.obj)
                0x0000000008005a9e                z_arm_fatal_error
 .text.z_do_kernel_oops
                0x0000000008005aa6        0xc arch\arch\arm\core\aarch32\libarch__arm__core__aarch32.a(fatal.c.obj)
                0x0000000008005aa6                z_do_kernel_oops
 .text.z_irq_spurious
                0x0000000008005ab2        0xc arch\arch\arm\core\aarch32\libarch__arm__core__aarch32.a(irq_manage.c.obj)
                0x0000000008005ab2                z_irq_spurious
 .text.z_arm_nmi
                0x0000000008005abe        0xc arch\arch\arm\core\aarch32\libarch__arm__core__aarch32.a(nmi.c.obj)
                0x0000000008005abe                z_arm_nmi
 .text.z_arm_prep_c
                0x0000000008005aca       0x16 arch\arch\arm\core\aarch32\libarch__arm__core__aarch32.a(prep_c.c.obj)
                0x0000000008005aca                z_arm_prep_c
 .text.z_arm_fault_init
                0x0000000008005ae0        0x2 arch\arch\arm\core\aarch32\cortex_m\libarch__arm__core__aarch32__cortex_m.a(fault.c.obj)
                0x0000000008005ae0                z_arm_fault_init
 .text.strlen   0x0000000008005ae2       0x10 lib\libc\minimal\liblib__libc__minimal.a(string.c.obj)
                0x0000000008005ae2                strlen
 .text.memcpy   0x0000000008005af2       0x12 lib\libc\minimal\liblib__libc__minimal.a(string.c.obj)
                0x0000000008005af2                memcpy
 .text.memset   0x0000000008005b04       0x12 lib\libc\minimal\liblib__libc__minimal.a(string.c.obj)
                0x0000000008005b04                memset
 .text._stdout_hook_default
                0x0000000008005b16        0x6 lib\libc\minimal\liblib__libc__minimal.a(stdout_console.c.obj)
 .text.strnlen  0x0000000008005b1c       0x14 lib\libc\common\liblib__libc__common.a(strnlen.c.obj)
                0x0000000008005b1c                strnlen
 .text.adc_stm32_cfg_func_0
                0x0000000008005b30       0x14 drivers\adc\libdrivers__adc.a(adc_stm32.c.obj)
 .text.adc_context_on_timer_expired
                0x0000000008005b44       0x22 drivers\adc\libdrivers__adc.a(adc_stm32.c.obj)
 .text.gpio_stm32_port_get_raw
                0x0000000008005b66        0xc drivers\gpio\libdrivers__gpio.a(gpio_stm32.c.obj)
 .text.gpio_stm32_port_set_masked_raw
                0x0000000008005b72       0x12 drivers\gpio\libdrivers__gpio.a(gpio_stm32.c.obj)
 .text.gpio_stm32_port_set_bits_raw
                0x0000000008005b84        0xa drivers\gpio\libdrivers__gpio.a(gpio_stm32.c.obj)
 .text.gpio_stm32_port_clear_bits_raw
                0x0000000008005b8e        0xa drivers\gpio\libdrivers__gpio.a(gpio_stm32.c.obj)
 .text.gpio_stm32_port_toggle_bits
                0x0000000008005b98        0xe drivers\gpio\libdrivers__gpio.a(gpio_stm32.c.obj)
 .text.gpio_stm32_manage_callback
                0x0000000008005ba6       0x58 drivers\gpio\libdrivers__gpio.a(gpio_stm32.c.obj)
 .text.gpio_stm32_configure_raw.isra.0
                0x0000000008005bfe       0xa2 drivers\gpio\libdrivers__gpio.a(gpio_stm32.c.obj)
 .text.gpio_stm32_config
                0x0000000008005ca0       0x70 drivers\gpio\libdrivers__gpio.a(gpio_stm32.c.obj)
 .text.gpio_stm32_isr
                0x0000000008005d10       0x34 drivers\gpio\libdrivers__gpio.a(gpio_stm32.c.obj)
 .text.gpio_stm32_configure
                0x0000000008005d44       0x2a drivers\gpio\libdrivers__gpio.a(gpio_stm32.c.obj)
                0x0000000008005d44                gpio_stm32_configure
 .text.stm32_i2c_enable_transfer_interrupts.isra.0
                0x0000000008005d6e       0x24 drivers\i2c\libdrivers__i2c.a(i2c_ll_stm32_v2.c.obj)
 .text.stm32_i2c_disable_transfer_interrupts.isra.0
                0x0000000008005d92       0x34 drivers\i2c\libdrivers__i2c.a(i2c_ll_stm32_v2.c.obj)
 .text.stm32_i2c_master_mode_end
                0x0000000008005dc6       0x1e drivers\i2c\libdrivers__i2c.a(i2c_ll_stm32_v2.c.obj)
 .text.i2c_stm32_irq_config_func_0
                0x0000000008005de4       0x14 drivers\i2c\libdrivers__i2c.a(i2c_ll_stm32.c.obj)
 .text.i2c_stm32_irq_config_func_1
                0x0000000008005df8       0x14 drivers\i2c\libdrivers__i2c.a(i2c_ll_stm32.c.obj)
 .text.i2c_stm32_transfer
                0x0000000008005e0c       0x9e drivers\i2c\libdrivers__i2c.a(i2c_ll_stm32.c.obj)
 .text.pinctrl_lookup_state
                0x0000000008005eaa       0x26 drivers\pinctrl\libdrivers__pinctrl.a(common.c.obj)
                0x0000000008005eaa                pinctrl_lookup_state
 .text.reset_stm32_status
                0x0000000008005ed0       0x20 drivers\reset\libdrivers__reset.a(reset_stm32.c.obj)
 .text.reset_stm32_line_assert
                0x0000000008005ef0       0x1c drivers\reset\libdrivers__reset.a(reset_stm32.c.obj)
 .text.reset_stm32_line_deassert
                0x0000000008005f0c       0x1c drivers\reset\libdrivers__reset.a(reset_stm32.c.obj)
 .text.reset_stm32_line_toggle
                0x0000000008005f28       0x16 drivers\reset\libdrivers__reset.a(reset_stm32.c.obj)
 .text.bme280_reg_write.isra.0
                0x0000000008005f3e        0xa drivers\sensor\bme280\libdrivers__sensor__bme280.a(bme280.c.obj)
 .text.bme280_reg_read.isra.0
                0x0000000008005f48        0xa drivers\sensor\bme280\libdrivers__sensor__bme280.a(bme280.c.obj)
 .text.bme280_wait_until_ready
                0x0000000008005f52       0x34 drivers\sensor\bme280\libdrivers__sensor__bme280.a(bme280.c.obj)
 .text.bme280_chip_init
                0x0000000008005f86      0x136 drivers\sensor\bme280\libdrivers__sensor__bme280.a(bme280.c.obj)
 .text.bme280_bus_check_i2c
                0x00000000080060bc       0x16 drivers\sensor\bme280\libdrivers__sensor__bme280.a(bme280_i2c.c.obj)
 .text.bme280_reg_read_i2c
                0x00000000080060d2       0x34 drivers\sensor\bme280\libdrivers__sensor__bme280.a(bme280_i2c.c.obj)
 .text.bme280_reg_write_i2c
                0x0000000008006106       0x24 drivers\sensor\bme280\libdrivers__sensor__bme280.a(bme280_i2c.c.obj)
 .text.stm32_temp_sample_fetch
                0x000000000800612a       0x4e drivers\sensor\stm32_temp\libdrivers__sensor__stm32_temp.a(stm32_temp.c.obj)
 .text.stm32_temp_init
                0x0000000008006178       0x46 drivers\sensor\stm32_temp\libdrivers__sensor__stm32_temp.a(stm32_temp.c.obj)
 .text.stm32_vref_sample_fetch
                0x00000000080061be       0x4e drivers\sensor\stm32_vref\libdrivers__sensor__stm32_vref.a(stm32_vref.c.obj)
 .text.stm32_vref_init
                0x000000000800620c       0x46 drivers\sensor\stm32_vref\libdrivers__sensor__stm32_vref.a(stm32_vref.c.obj)
 .text.uart_stm32_err_check
                0x0000000008006252       0x54 drivers\serial\libdrivers__serial.a(uart_stm32.c.obj)
 .text.uart_stm32_irq_tx_enable
                0x00000000080062a6       0x1c drivers\serial\libdrivers__serial.a(uart_stm32.c.obj)
 .text.uart_stm32_irq_tx_disable
                0x00000000080062c2       0x1c drivers\serial\libdrivers__serial.a(uart_stm32.c.obj)
 .text.uart_stm32_irq_rx_enable
                0x00000000080062de       0x1c drivers\serial\libdrivers__serial.a(uart_stm32.c.obj)
 .text.uart_stm32_irq_rx_disable
                0x00000000080062fa       0x1c drivers\serial\libdrivers__serial.a(uart_stm32.c.obj)
 .text.uart_stm32_irq_rx_ready
                0x0000000008006316        0xc drivers\serial\libdrivers__serial.a(uart_stm32.c.obj)
 .text.uart_stm32_irq_err_enable
                0x0000000008006322       0x32 drivers\serial\libdrivers__serial.a(uart_stm32.c.obj)
 .text.uart_stm32_irq_update
                0x0000000008006354        0x4 drivers\serial\libdrivers__serial.a(uart_stm32.c.obj)
 .text.uart_stm32_irq_callback_set
                0x0000000008006358        0x8 drivers\serial\libdrivers__serial.a(uart_stm32.c.obj)
 .text.uart_stm32_isr
                0x0000000008006360       0x10 drivers\serial\libdrivers__serial.a(uart_stm32.c.obj)
 .text.uart_stm32_irq_config_func_0
                0x0000000008006370       0x14 drivers\serial\libdrivers__serial.a(uart_stm32.c.obj)
 .text.uart_stm32_irq_config_func_1
                0x0000000008006384       0x14 drivers\serial\libdrivers__serial.a(uart_stm32.c.obj)
 .text.uart_stm32_irq_tx_complete
                0x0000000008006398        0xc drivers\serial\libdrivers__serial.a(uart_stm32.c.obj)
 .text.uart_stm32_irq_tx_ready
                0x00000000080063a4       0x14 drivers\serial\libdrivers__serial.a(uart_stm32.c.obj)
 .text.uart_stm32_fifo_fill
                0x00000000080063b8       0x56 drivers\serial\libdrivers__serial.a(uart_stm32.c.obj)
 .text.uart_stm32_poll_out
                0x000000000800640e       0x38 drivers\serial\libdrivers__serial.a(uart_stm32.c.obj)
 .text.uart_stm32_irq_is_pending
                0x0000000008006446       0x24 drivers\serial\libdrivers__serial.a(uart_stm32.c.obj)
 .text.uart_stm32_fifo_read
                0x000000000800646a       0x48 drivers\serial\libdrivers__serial.a(uart_stm32.c.obj)
 .text.uart_stm32_poll_in
                0x00000000080064b2       0x26 drivers\serial\libdrivers__serial.a(uart_stm32.c.obj)
 .text.z_device_state_init
                0x00000000080064d8        0x2 kernel\libkernel.a(device.c.obj)
                0x00000000080064d8                z_device_state_init
 .text.z_device_is_ready
                0x00000000080064da       0x1a kernel\libkernel.a(device.c.obj)
                0x00000000080064da                z_device_is_ready
 .text.arch_system_halt
                0x00000000080064f4        0x8 kernel\libkernel.a(fatal.c.obj)
                0x00000000080064f4                arch_system_halt
 .text.k_sys_fatal_error_handler
                0x00000000080064fc        0x6 kernel\libkernel.a(fatal.c.obj)
                0x00000000080064fc                k_sys_fatal_error_handler
 .text.z_fatal_error
                0x0000000008006502       0x2c kernel\libkernel.a(fatal.c.obj)
                0x0000000008006502                z_fatal_error
 .text.z_early_memset
                0x000000000800652e        0x8 kernel\libkernel.a(init.c.obj)
                0x000000000800652e                z_early_memset
 .text.z_early_memcpy
                0x0000000008006536        0x8 kernel\libkernel.a(init.c.obj)
                0x0000000008006536                z_early_memcpy
 .text.idle     0x000000000800653e        0xe kernel\libkernel.a(idle.c.obj)
                0x000000000800653e                idle
 .text.adjust_owner_prio.isra.0
                0x000000000800654c       0x16 kernel\libkernel.a(mutex.c.obj)
 .text.z_impl_k_mutex_init
                0x0000000008006562        0xe kernel\libkernel.a(mutex.c.obj)
                0x0000000008006562                z_impl_k_mutex_init
 .text.z_impl_k_sem_init
                0x0000000008006570       0x1a kernel\libkernel.a(sem.c.obj)
                0x0000000008006570                z_impl_k_sem_init
 .text.sys_dlist_remove
                0x000000000800658a       0x10 kernel\libkernel.a(sched.c.obj)
 .text.unpend_thread_no_timeout
                0x000000000800659a       0x16 kernel\libkernel.a(sched.c.obj)
 .text.add_to_waitq_locked
                0x00000000080065b0       0x52 kernel\libkernel.a(sched.c.obj)
 .text.z_ready_thread
                0x0000000008006602       0x18 kernel\libkernel.a(sched.c.obj)
                0x0000000008006602                z_ready_thread
 .text.z_unpend_thread_no_timeout
                0x000000000800661a       0x1e kernel\libkernel.a(sched.c.obj)
                0x000000000800661a                z_unpend_thread_no_timeout
 .text.z_sched_wake_thread
                0x0000000008006638       0x3e kernel\libkernel.a(sched.c.obj)
                0x0000000008006638                z_sched_wake_thread
 .text.z_thread_timeout
                0x0000000008006676        0xc kernel\libkernel.a(sched.c.obj)
                0x0000000008006676                z_thread_timeout
 .text.z_unpend1_no_timeout
                0x0000000008006682       0x2a kernel\libkernel.a(sched.c.obj)
                0x0000000008006682                z_unpend1_no_timeout
 .text.z_unpend_first_thread
                0x00000000080066ac       0x32 kernel\libkernel.a(sched.c.obj)
                0x00000000080066ac                z_unpend_first_thread
 .text.z_reschedule_irqlock
                0x00000000080066de       0x1c kernel\libkernel.a(sched.c.obj)
                0x00000000080066de                z_reschedule_irqlock
 .text.z_reschedule_unlocked
                0x00000000080066fa        0xe kernel\libkernel.a(sched.c.obj)
 .text.z_impl_k_usleep
                0x0000000008006708       0x28 kernel\libkernel.a(sched.c.obj)
                0x0000000008006708                z_impl_k_usleep
 .text.z_abort_timeout
                0x0000000008006730       0x26 kernel\libkernel.a(timeout.c.obj)
                0x0000000008006730                z_abort_timeout
 .text.sys_clock_tick_get_32
                0x0000000008006756        0x8 kernel\libkernel.a(timeout.c.obj)
                0x0000000008006756                sys_clock_tick_get_32
 .text.z_impl_k_uptime_ticks
                0x000000000800675e        0x8 kernel\libkernel.a(timeout.c.obj)
                0x000000000800675e                z_impl_k_uptime_ticks
 .text.z_impl_k_timer_stop
                0x0000000008006766       0x32 kernel\libkernel.a(timer.c.obj)
                0x0000000008006766                z_impl_k_timer_stop
 .text.z_impl_atomic_add
                0x0000000008006798       0x1a kernel\libkernel.a(atomic_c.c.obj)
                0x0000000008006798                z_impl_atomic_add
 .text.z_impl_atomic_sub
                0x00000000080067b2       0x1a kernel\libkernel.a(atomic_c.c.obj)
                0x00000000080067b2                z_impl_atomic_sub
 .text.z_impl_atomic_set
                0x00000000080067cc       0x18 kernel\libkernel.a(atomic_c.c.obj)
                0x00000000080067cc                z_impl_atomic_set
 *(SORT_BY_ALIGNMENT(.TEXT.*))
 *(SORT_BY_ALIGNMENT(.gnu.linkonce.t.*))
 *(SORT_BY_ALIGNMENT(.glue_7t))
 .glue_7t       0x00000000080067e4        0x0 linker stubs
 *(SORT_BY_ALIGNMENT(.glue_7))
 .glue_7        0x00000000080067e4        0x0 linker stubs
 *(SORT_BY_ALIGNMENT(.vfp11_veneer))
 .vfp11_veneer  0x00000000080067e4        0x0 linker stubs
 *(SORT_BY_ALIGNMENT(.v4_bx))
 .v4_bx         0x00000000080067e4        0x0 linker stubs
                0x00000000080067e4                . = ALIGN (0x4)
                0x00000000080067e4                __text_region_end = .

.ARM.exidx      0x00000000080067e4        0x8
                0x00000000080067e4                __exidx_start = .
 *(SORT_BY_ALIGNMENT(.ARM.exidx*) SORT_BY_ALIGNMENT(gnu.linkonce.armexidx.*))
 .ARM.exidx     0x00000000080067e4        0x8 c:/users/luukv/zephyr-sdk-0.16.1/arm-zephyr-eabi/bin/../lib/gcc/arm-zephyr-eabi/12.2.0/thumb/v6-m/nofp\libgcc.a(_udivmoddi4.o)
 .ARM.exidx     0x00000000080067ec        0x0 c:/users/luukv/zephyr-sdk-0.16.1/arm-zephyr-eabi/bin/../lib/gcc/arm-zephyr-eabi/12.2.0/thumb/v6-m/nofp\libgcc.a(_divdi3.o)
                                          0x8 (size before relaxing)
                0x00000000080067ec                __exidx_end = .
                0x00000000080067ec                __rodata_region_start = .

initlevel       0x00000000080067ec       0xa0
                0x00000000080067ec                __init_start = .
                0x00000000080067ec                __init_EARLY_start = .
 *(SORT_BY_NAME(SORT_BY_ALIGNMENT(.z_init_EARLY?_*)))
 *(SORT_BY_NAME(SORT_BY_ALIGNMENT(.z_init_EARLY??_*)))
                0x00000000080067ec                __init_PRE_KERNEL_1_start = .
 *(SORT_BY_NAME(SORT_BY_ALIGNMENT(.z_init_PRE_KERNEL_1?_*)))
 .z_init_PRE_KERNEL_10_0_
                0x00000000080067ec        0x8 libzephyr.a(soc.c.obj)
 .z_init_PRE_KERNEL_11_00009_
                0x00000000080067f4        0x8 drivers\clock_control\libdrivers__clock_control.a(clock_stm32_ll_common.c.obj)
 .z_init_PRE_KERNEL_11_0_
                0x00000000080067fc        0x8 libzephyr.a(soc_config.c.obj)
 *(SORT_BY_NAME(SORT_BY_ALIGNMENT(.z_init_PRE_KERNEL_1??_*)))
 .z_init_PRE_KERNEL_135_00037_
                0x0000000008006804        0x8 drivers\reset\libdrivers__reset.a(reset_stm32.c.obj)
 .z_init_PRE_KERNEL_140_00024_
                0x000000000800680c        0x8 drivers\gpio\libdrivers__gpio.a(gpio_stm32.c.obj)
 .z_init_PRE_KERNEL_140_00027_
                0x0000000008006814        0x8 drivers\gpio\libdrivers__gpio.a(gpio_stm32.c.obj)
 .z_init_PRE_KERNEL_140_00033_
                0x000000000800681c        0x8 drivers\interrupt_controller\libdrivers__interrupt_controller.a(intc_exti_stm32.c.obj)
 .z_init_PRE_KERNEL_140_00047_
                0x0000000008006824        0x8 drivers\gpio\libdrivers__gpio.a(gpio_stm32.c.obj)
 .z_init_PRE_KERNEL_155_00038_
                0x000000000800682c        0x8 drivers\serial\libdrivers__serial.a(uart_stm32.c.obj)
 .z_init_PRE_KERNEL_155_00041_
                0x0000000008006834        0x8 drivers\serial\libdrivers__serial.a(uart_stm32.c.obj)
 .z_init_PRE_KERNEL_160_0_
                0x000000000800683c        0x8 drivers\console\libdrivers__console.a(uart_console.c.obj)
                0x0000000008006844                __init_PRE_KERNEL_2_start = .
 *(SORT_BY_NAME(SORT_BY_ALIGNMENT(.z_init_PRE_KERNEL_2?_*)))
 .z_init_PRE_KERNEL_20_0_
                0x0000000008006844        0x8 drivers\timer\libdrivers__timer.a(cortex_m_systick.c.obj)
 *(SORT_BY_NAME(SORT_BY_ALIGNMENT(.z_init_PRE_KERNEL_2??_*)))
                0x000000000800684c                __init_POST_KERNEL_start = .
 *(SORT_BY_NAME(SORT_BY_ALIGNMENT(.z_init_POST_KERNEL?_*)))
 *(SORT_BY_NAME(SORT_BY_ALIGNMENT(.z_init_POST_KERNEL??_*)))
 .z_init_POST_KERNEL50_00012_
                0x000000000800684c        0x8 drivers\adc\libdrivers__adc.a(adc_stm32.c.obj)
 .z_init_POST_KERNEL50_00032_
                0x0000000008006854        0x8 drivers\i2c\libdrivers__i2c.a(i2c_ll_stm32.c.obj)
 .z_init_POST_KERNEL50_00060_
                0x000000000800685c        0x8 drivers\i2c\libdrivers__i2c.a(i2c_ll_stm32.c.obj)
 .z_init_POST_KERNEL51_00062_
                0x0000000008006864        0x8 ..\app\libapp.a(eeprom_24lc64.c.obj)
 .z_init_POST_KERNEL51_00063_
                0x000000000800686c        0x8 ..\app\libapp.a(eeprom_24lc64.c.obj)
 .z_init_POST_KERNEL90_00013_
                0x0000000008006874        0x8 drivers\sensor\stm32_temp\libdrivers__sensor__stm32_temp.a(stm32_temp.c.obj)
 .z_init_POST_KERNEL90_00016_
                0x000000000800687c        0x8 drivers\sensor\stm32_vref\libdrivers__sensor__stm32_vref.a(stm32_vref.c.obj)
 .z_init_POST_KERNEL90_00061_
                0x0000000008006884        0x8 drivers\sensor\bme280\libdrivers__sensor__bme280.a(bme280.c.obj)
                0x000000000800688c                __init_APPLICATION_start = .
 *(SORT_BY_NAME(SORT_BY_ALIGNMENT(.z_init_APPLICATION?_*)))
 *(SORT_BY_NAME(SORT_BY_ALIGNMENT(.z_init_APPLICATION??_*)))
                0x000000000800688c                __init_SMP_start = .
 *(SORT_BY_NAME(SORT_BY_ALIGNMENT(.z_init_SMP?_*)))
 *(SORT_BY_NAME(SORT_BY_ALIGNMENT(.z_init_SMP??_*)))
                0x000000000800688c                __init_end = .

device_area     0x000000000800688c      0x140
                0x000000000800688c                _device_list_start = .
 *(SORT_BY_NAME(SORT_BY_ALIGNMENT(._device.static.*_?_*)))
 ._device.static.1_1_
                0x000000000800688c       0x14 drivers\clock_control\libdrivers__clock_control.a(clock_stm32_ll_common.c.obj)
                0x000000000800688c                __device_dts_ord_9
 *(SORT_BY_NAME(SORT_BY_ALIGNMENT(._device.static.*_??_*)))
 ._device.static.1_35_
                0x00000000080068a0       0x14 drivers\reset\libdrivers__reset.a(reset_stm32.c.obj)
                0x00000000080068a0                __device_dts_ord_37
 ._device.static.1_40_
                0x00000000080068b4       0x14 drivers\interrupt_controller\libdrivers__interrupt_controller.a(intc_exti_stm32.c.obj)
                0x00000000080068b4                __device_dts_ord_33
 ._device.static.1_40_
                0x00000000080068c8       0x3c drivers\gpio\libdrivers__gpio.a(gpio_stm32.c.obj)
                0x00000000080068c8                __device_dts_ord_24
                0x00000000080068dc                __device_dts_ord_47
                0x00000000080068f0                __device_dts_ord_27
 ._device.static.1_55_
                0x0000000008006904       0x28 drivers\serial\libdrivers__serial.a(uart_stm32.c.obj)
                0x0000000008006904                __device_dts_ord_38
                0x0000000008006918                __device_dts_ord_41
 ._device.static.3_50_
                0x000000000800692c       0x14 drivers\adc\libdrivers__adc.a(adc_stm32.c.obj)
                0x000000000800692c                __device_dts_ord_12
 ._device.static.3_50_
                0x0000000008006940       0x28 drivers\i2c\libdrivers__i2c.a(i2c_ll_stm32.c.obj)
                0x0000000008006940                __device_dts_ord_32
                0x0000000008006954                __device_dts_ord_60
 ._device.static.3_51_
                0x0000000008006968       0x28 ..\app\libapp.a(eeprom_24lc64.c.obj)
                0x0000000008006968                __device_dts_ord_63
                0x000000000800697c                __device_dts_ord_62
 ._device.static.3_90_
                0x0000000008006990       0x14 drivers\sensor\bme280\libdrivers__sensor__bme280.a(bme280.c.obj)
                0x0000000008006990                __device_dts_ord_61
 ._device.static.3_90_
                0x00000000080069a4       0x14 drivers\sensor\stm32_temp\libdrivers__sensor__stm32_temp.a(stm32_temp.c.obj)
                0x00000000080069a4                __device_dts_ord_13
 ._device.static.3_90_
                0x00000000080069b8       0x14 drivers\sensor\stm32_vref\libdrivers__sensor__stm32_vref.a(stm32_vref.c.obj)
                0x00000000080069b8                __device_dts_ord_16
                0x00000000080069cc                _device_list_end = .

sw_isr_table    0x00000000080069cc       0xe8
                0x00000000080069cc                . = ALIGN (0x4)
 *(SORT_BY_ALIGNMENT(.gnu.linkonce.sw_isr_table*))
 .gnu.linkonce.sw_isr_table
                0x00000000080069cc       0xe8 CMakeFiles/zephyr_final.dir/isr_tables.c.obj
                0x00000000080069cc                _sw_isr_table

initlevel_error
                0x00000000080067ec        0x0
 *(SORT_BY_NAME(SORT_BY_ALIGNMENT(.z_init_[_A-Z0-9]*)))
                0x0000000000000001                ASSERT ((SIZEOF (initlevel_error) == 0x0), Undefined initialization levels used.)

app_shmem_regions
                0x0000000008006ab4        0x0
                0x0000000008006ab4                __app_shmem_regions_start = .
 *(SORT_BY_NAME(SORT_BY_ALIGNMENT(.app_regions.*)))
                0x0000000008006ab4                __app_shmem_regions_end = .

k_p4wq_initparam_area
                0x0000000008006ab4        0x0
                0x0000000008006ab4                _k_p4wq_initparam_list_start = .
 *(SORT_BY_NAME(SORT_BY_ALIGNMENT(._k_p4wq_initparam.static.*)))
                0x0000000008006ab4                _k_p4wq_initparam_list_end = .

_static_thread_data_area
                0x0000000008006ab4        0x0
                0x0000000008006ab4                __static_thread_data_list_start = .
 *(SORT_BY_NAME(SORT_BY_ALIGNMENT(.__static_thread_data.static.*)))
                0x0000000008006ab4                __static_thread_data_list_end = .

device_deps     0x0000000008006ab4        0x0
                0x0000000008006ab4                __device_deps_start = .
 *(SORT_BY_NAME(SORT_BY_ALIGNMENT(.__device_deps_pass2*)))
                0x0000000008006ab4                __device_deps_end = .

ztest           0x0000000008006ab4        0x0
                0x0000000008006ab4                _ztest_expected_result_entry_list_start = .
 *(SORT_BY_NAME(SORT_BY_ALIGNMENT(._ztest_expected_result_entry.static.*)))
                0x0000000008006ab4                _ztest_expected_result_entry_list_end = .
                0x0000000008006ab4                _ztest_suite_node_list_start = .
 *(SORT_BY_NAME(SORT_BY_ALIGNMENT(._ztest_suite_node.static.*)))
                0x0000000008006ab4                _ztest_suite_node_list_end = .
                0x0000000008006ab4                _ztest_unit_test_list_start = .
 *(SORT_BY_NAME(SORT_BY_ALIGNMENT(._ztest_unit_test.static.*)))
                0x0000000008006ab4                _ztest_unit_test_list_end = .
                0x0000000008006ab4                _ztest_test_rule_list_start = .
 *(SORT_BY_NAME(SORT_BY_ALIGNMENT(._ztest_test_rule.static.*)))
                0x0000000008006ab4                _ztest_test_rule_list_end = .

bt_l2cap_fixed_chan_area
                0x0000000008006ab4        0x0
                0x0000000008006ab4                _bt_l2cap_fixed_chan_list_start = .
 *(SORT_BY_NAME(SORT_BY_ALIGNMENT(._bt_l2cap_fixed_chan.static.*)))
                0x0000000008006ab4                _bt_l2cap_fixed_chan_list_end = .

bt_gatt_service_static_area
                0x0000000008006ab4        0x0
                0x0000000008006ab4                _bt_gatt_service_static_list_start = .
 *(SORT_BY_NAME(SORT_BY_ALIGNMENT(._bt_gatt_service_static.static.*)))
                0x0000000008006ab4                _bt_gatt_service_static_list_end = .

log_strings_area
                0x0000000008006ab4        0x0
                0x0000000008006ab4                _log_strings_list_start = .
 *(SORT_BY_NAME(SORT_BY_ALIGNMENT(._log_strings.static.*)))
                0x0000000008006ab4                _log_strings_list_end = .

log_const_area  0x0000000008006ab4       0x58
                0x0000000008006ab4                _log_const_list_start = .
 *(SORT_BY_NAME(SORT_BY_ALIGNMENT(._log_const.static.*)))
 ._log_const.static.log_const_BME280_
                0x0000000008006ab4        0x8 drivers\sensor\bme280\libdrivers__sensor__bme280.a(bme280.c.obj)
                0x0000000008006ab4                log_const_BME280
 ._log_const.static.log_const_adc_stm32_
                0x0000000008006abc        0x8 drivers\adc\libdrivers__adc.a(adc_stm32.c.obj)
                0x0000000008006abc                log_const_adc_stm32
 ._log_const.static.log_const_cbprintf_package_
                0x0000000008006ac4        0x8 libzephyr.a(cbprintf_packaged.c.obj)
                0x0000000008006ac4                log_const_cbprintf_package
 ._log_const.static.log_const_eeprom_24lc64_
                0x0000000008006acc        0x8 ..\app\libapp.a(eeprom_24lc64.c.obj)
                0x0000000008006acc                log_const_eeprom_24lc64
 ._log_const.static.log_const_i2c_
                0x0000000008006ad4        0x8 drivers\i2c\libdrivers__i2c.a(i2c_common.c.obj)
                0x0000000008006ad4                log_const_i2c
 ._log_const.static.log_const_i2c_ll_stm32_
                0x0000000008006adc        0x8 drivers\i2c\libdrivers__i2c.a(i2c_ll_stm32.c.obj)
                0x0000000008006adc                log_const_i2c_ll_stm32
 ._log_const.static.log_const_i2c_ll_stm32_v2_
                0x0000000008006ae4        0x8 drivers\i2c\libdrivers__i2c.a(i2c_ll_stm32_v2.c.obj)
                0x0000000008006ae4                log_const_i2c_ll_stm32_v2
 ._log_const.static.log_const_os_
                0x0000000008006aec        0x8 kernel\libkernel.a(init.c.obj)
                0x0000000008006aec                log_const_os
 ._log_const.static.log_const_stm32_temp_
                0x0000000008006af4        0x8 drivers\sensor\stm32_temp\libdrivers__sensor__stm32_temp.a(stm32_temp.c.obj)
                0x0000000008006af4                log_const_stm32_temp
 ._log_const.static.log_const_stm32_vref_
                0x0000000008006afc        0x8 drivers\sensor\stm32_vref\libdrivers__sensor__stm32_vref.a(stm32_vref.c.obj)
                0x0000000008006afc                log_const_stm32_vref
 ._log_const.static.log_const_uart_stm32_
                0x0000000008006b04        0x8 drivers\serial\libdrivers__serial.a(uart_stm32.c.obj)
                0x0000000008006b04                log_const_uart_stm32
                0x0000000008006b0c                _log_const_list_end = .

log_backend_area
                0x0000000008006b0c        0x0
                0x0000000008006b0c                _log_backend_list_start = .
 *(SORT_BY_NAME(SORT_BY_ALIGNMENT(._log_backend.static.*)))
                0x0000000008006b0c                _log_backend_list_end = .

log_link_area   0x0000000008006b0c        0x0
                0x0000000008006b0c                _log_link_list_start = .
 *(SORT_BY_NAME(SORT_BY_ALIGNMENT(._log_link.static.*)))
                0x0000000008006b0c                _log_link_list_end = .

tracing_backend_area
                0x0000000008006b0c        0x0
                0x0000000008006b0c                _tracing_backend_list_start = .
 *(SORT_BY_NAME(SORT_BY_ALIGNMENT(._tracing_backend.static.*)))
                0x0000000008006b0c                _tracing_backend_list_end = .

zephyr_dbg_info
 *(SORT_BY_ALIGNMENT(.dbg_thread_info))

symbol_to_keep  0x0000000008006b0c        0x0
                0x0000000008006b0c                __symbol_to_keep_start = .
 *(SORT_BY_NAME(SORT_BY_ALIGNMENT(.symbol_to_keep*)))
                0x0000000008006b0c                __symbol_to_keep_end = .

shell_area      0x0000000008006b0c        0x0
                0x0000000008006b0c                _shell_list_start = .
 *(SORT_BY_NAME(SORT_BY_ALIGNMENT(._shell.static.*)))
                0x0000000008006b0c                _shell_list_end = .

shell_root_cmds_area
                0x0000000008006b0c        0x0
                0x0000000008006b0c                _shell_root_cmds_list_start = .
 *(SORT_BY_NAME(SORT_BY_ALIGNMENT(._shell_root_cmds.static.*)))
                0x0000000008006b0c                _shell_root_cmds_list_end = .

shell_subcmds_area
                0x0000000008006b0c        0x0
                0x0000000008006b0c                _shell_subcmds_list_start = .
 *(SORT_BY_NAME(SORT_BY_ALIGNMENT(._shell_subcmds.static.*)))
                0x0000000008006b0c                _shell_subcmds_list_end = .

shell_dynamic_subcmds_area
                0x0000000008006b0c        0x0
                0x0000000008006b0c                _shell_dynamic_subcmds_list_start = .
 *(SORT_BY_NAME(SORT_BY_ALIGNMENT(._shell_dynamic_subcmds.static.*)))
                0x0000000008006b0c                _shell_dynamic_subcmds_list_end = .

cfb_font_area   0x0000000008006b0c        0x0
                0x0000000008006b0c                _cfb_font_list_start = .
 *(SORT_BY_NAME(SORT_BY_ALIGNMENT(._cfb_font.static.*)))
                0x0000000008006b0c                _cfb_font_list_end = .

rodata          0x0000000008006b0c      0x5b8
 *(SORT_BY_ALIGNMENT(.rodata))
 *(SORT_BY_ALIGNMENT(.rodata.*))
 .rodata.eeprom_24lc64_config1
                0x0000000008006b0c        0xc ..\app\libapp.a(eeprom_24lc64.c.obj)
 .rodata.eeprom_24lc64_config0
                0x0000000008006b18        0xc ..\app\libapp.a(eeprom_24lc64.c.obj)
 .rodata.eeprom_24lc64_api
                0x0000000008006b24        0xc ..\app\libapp.a(eeprom_24lc64.c.obj)
 .rodata.adc_stm32_cfg_0
                0x0000000008006b30       0x40 drivers\adc\libdrivers__adc.a(adc_stm32.c.obj)
 .rodata.pclken_0
                0x0000000008006b70        0x8 drivers\adc\libdrivers__adc.a(adc_stm32.c.obj)
 .rodata.__pinctrl_dev_config__device_dts_ord_12
                0x0000000008006b78        0x8 drivers\adc\libdrivers__adc.a(adc_stm32.c.obj)
 .rodata.__pinctrl_states__device_dts_ord_12
                0x0000000008006b80        0x8 drivers\adc\libdrivers__adc.a(adc_stm32.c.obj)
 .rodata.__pinctrl_state_pins_0__device_dts_ord_12
                0x0000000008006b88        0x8 drivers\adc\libdrivers__adc.a(adc_stm32.c.obj)
 .rodata.api_stm32_driver_api
                0x0000000008006b90        0xc drivers\adc\libdrivers__adc.a(adc_stm32.c.obj)
 .rodata.gpio_stm32_cfg_c
                0x0000000008006b9c       0x14 drivers\gpio\libdrivers__gpio.a(gpio_stm32.c.obj)
 .rodata.gpio_stm32_cfg_b
                0x0000000008006bb0       0x14 drivers\gpio\libdrivers__gpio.a(gpio_stm32.c.obj)
 .rodata.gpio_stm32_cfg_a
                0x0000000008006bc4       0x14 drivers\gpio\libdrivers__gpio.a(gpio_stm32.c.obj)
 .rodata.gpio_stm32_driver
                0x0000000008006bd8       0x24 drivers\gpio\libdrivers__gpio.a(gpio_stm32.c.obj)
 .rodata.i2c_stm32_cfg_1
                0x0000000008006bfc       0x20 drivers\i2c\libdrivers__i2c.a(i2c_ll_stm32.c.obj)
 .rodata.pclken_1
                0x0000000008006c1c        0x8 drivers\i2c\libdrivers__i2c.a(i2c_ll_stm32.c.obj)
 .rodata.__pinctrl_dev_config__device_dts_ord_32
                0x0000000008006c24        0x8 drivers\i2c\libdrivers__i2c.a(i2c_ll_stm32.c.obj)
 .rodata.__pinctrl_states__device_dts_ord_32
                0x0000000008006c2c        0x8 drivers\i2c\libdrivers__i2c.a(i2c_ll_stm32.c.obj)
 .rodata.__pinctrl_state_pins_0__device_dts_ord_32
                0x0000000008006c34       0x10 drivers\i2c\libdrivers__i2c.a(i2c_ll_stm32.c.obj)
 .rodata.i2c_timings_1
                0x0000000008006c44        0x0 drivers\i2c\libdrivers__i2c.a(i2c_ll_stm32.c.obj)
 .rodata.i2c_stm32_cfg_0
                0x0000000008006c44       0x20 drivers\i2c\libdrivers__i2c.a(i2c_ll_stm32.c.obj)
 .rodata.pclken_0
                0x0000000008006c64       0x10 drivers\i2c\libdrivers__i2c.a(i2c_ll_stm32.c.obj)
 .rodata.__pinctrl_dev_config__device_dts_ord_60
                0x0000000008006c74        0x8 drivers\i2c\libdrivers__i2c.a(i2c_ll_stm32.c.obj)
 .rodata.__pinctrl_states__device_dts_ord_60
                0x0000000008006c7c        0x8 drivers\i2c\libdrivers__i2c.a(i2c_ll_stm32.c.obj)
 .rodata.__pinctrl_state_pins_0__device_dts_ord_60
                0x0000000008006c84       0x10 drivers\i2c\libdrivers__i2c.a(i2c_ll_stm32.c.obj)
 .rodata.i2c_timings_0
                0x0000000008006c94       0x24 drivers\i2c\libdrivers__i2c.a(i2c_ll_stm32.c.obj)
 .rodata.api_funcs
                0x0000000008006cb8       0x18 drivers\i2c\libdrivers__i2c.a(i2c_ll_stm32.c.obj)
 .rodata.gpio_ports
                0x0000000008006cd0       0x2c drivers\pinctrl\libdrivers__pinctrl.a(pinctrl_stm32.c.obj)
 .rodata.reset_stm32_config
                0x0000000008006cfc        0x4 drivers\reset\libdrivers__reset.a(reset_stm32.c.obj)
 .rodata.reset_stm32_driver_api
                0x0000000008006d00       0x10 drivers\reset\libdrivers__reset.a(reset_stm32.c.obj)
 .rodata.bme280_config_0
                0x0000000008006d10        0xc drivers\sensor\bme280\libdrivers__sensor__bme280.a(bme280.c.obj)
 .rodata.bme280_api_funcs
                0x0000000008006d1c       0x1c drivers\sensor\bme280\libdrivers__sensor__bme280.a(bme280.c.obj)
 .rodata.bme280_bus_io_i2c
                0x0000000008006d38        0xc drivers\sensor\bme280\libdrivers__sensor__bme280.a(bme280_i2c.c.obj)
                0x0000000008006d38                bme280_bus_io_i2c
 .rodata.stm32_temp_dev_config
                0x0000000008006d44       0x18 drivers\sensor\stm32_temp\libdrivers__sensor__stm32_temp.a(stm32_temp.c.obj)
 .rodata.stm32_temp_driver_api
                0x0000000008006d5c       0x1c drivers\sensor\stm32_temp\libdrivers__sensor__stm32_temp.a(stm32_temp.c.obj)
 .rodata.stm32_vref_dev_config
                0x0000000008006d78        0x8 drivers\sensor\stm32_vref\libdrivers__sensor__stm32_vref.a(stm32_vref.c.obj)
 .rodata.stm32_vref_driver_api
                0x0000000008006d80       0x1c drivers\sensor\stm32_vref\libdrivers__sensor__stm32_vref.a(stm32_vref.c.obj)
 .rodata.uart_stm32_cfg_1
                0x0000000008006d9c       0x24 drivers\serial\libdrivers__serial.a(uart_stm32.c.obj)
 .rodata.pclken_1
                0x0000000008006dc0        0x8 drivers\serial\libdrivers__serial.a(uart_stm32.c.obj)
 .rodata.__pinctrl_dev_config__device_dts_ord_38
                0x0000000008006dc8        0x8 drivers\serial\libdrivers__serial.a(uart_stm32.c.obj)
 .rodata.__pinctrl_states__device_dts_ord_38
                0x0000000008006dd0        0x8 drivers\serial\libdrivers__serial.a(uart_stm32.c.obj)
 .rodata.__pinctrl_state_pins_0__device_dts_ord_38
                0x0000000008006dd8       0x10 drivers\serial\libdrivers__serial.a(uart_stm32.c.obj)
 .rodata.uart_stm32_cfg_0
                0x0000000008006de8       0x24 drivers\serial\libdrivers__serial.a(uart_stm32.c.obj)
 .rodata.pclken_0
                0x0000000008006e0c        0x8 drivers\serial\libdrivers__serial.a(uart_stm32.c.obj)
 .rodata.__pinctrl_dev_config__device_dts_ord_41
                0x0000000008006e14        0x8 drivers\serial\libdrivers__serial.a(uart_stm32.c.obj)
 .rodata.__pinctrl_states__device_dts_ord_41
                0x0000000008006e1c        0x8 drivers\serial\libdrivers__serial.a(uart_stm32.c.obj)
 .rodata.__pinctrl_state_pins_0__device_dts_ord_41
                0x0000000008006e24       0x10 drivers\serial\libdrivers__serial.a(uart_stm32.c.obj)
 .rodata.uart_stm32_driver_api
                0x0000000008006e34       0x4c drivers\serial\libdrivers__serial.a(uart_stm32.c.obj)
 .rodata._k_neg_eagain
                0x0000000008006e80        0x4 kernel\libkernel.a(errno.c.obj)
                0x0000000008006e80                _k_neg_eagain
 .rodata.levels.0
                0x0000000008006e84       0x18 kernel\libkernel.a(init.c.obj)
 .rodata.str1.1
                0x0000000008006e9c       0x24 ..\app\libapp.a(eeprom_24lc64.c.obj)
 .rodata.main.str1.1
                0x0000000008006ec0       0x5b ..\app\libapp.a(main.c.obj)
 .rodata.str1.1
                0x0000000008006f1b       0x11 libzephyr.a(cbprintf_packaged.c.obj)
 .rodata.z_cbvprintf_impl.str1.1
                0x0000000008006f2c        0x6 libzephyr.a(cbprintf_complete.c.obj)
 .rodata.line_range_2.0
                0x0000000008006f32        0x2 drivers\interrupt_controller\libdrivers__interrupt_controller.a(intc_exti_stm32.c.obj)
 .rodata.line_range_1.1
                0x0000000008006f34        0x2 drivers\interrupt_controller\libdrivers__interrupt_controller.a(intc_exti_stm32.c.obj)
 .rodata.line_range_0.2
                0x0000000008006f36        0x2 drivers\interrupt_controller\libdrivers__interrupt_controller.a(intc_exti_stm32.c.obj)
 .rodata.str1.1
                0x0000000008006f38       0x1e drivers\interrupt_controller\libdrivers__interrupt_controller.a(intc_exti_stm32.c.obj)
 .rodata.str1.1
                0x0000000008006f56       0x17 drivers\adc\libdrivers__adc.a(adc_stm32.c.obj)
 .rodata.str1.1
                0x0000000008006f6d        0xd drivers\clock_control\libdrivers__clock_control.a(clock_stm32_ll_common.c.obj)
 .rodata.str1.1
                0x0000000008006f7a       0x2a drivers\gpio\libdrivers__gpio.a(gpio_stm32.c.obj)
 .rodata.str1.1
                0x0000000008006fa4        0x4 drivers\i2c\libdrivers__i2c.a(i2c_common.c.obj)
 .rodata.str1.1
                0x0000000008006fa8       0x10 drivers\i2c\libdrivers__i2c.a(i2c_ll_stm32_v2.c.obj)
 .rodata.str1.1
                0x0000000008006fb8       0x27 drivers\i2c\libdrivers__i2c.a(i2c_ll_stm32.c.obj)
 .rodata.str1.1
                0x0000000008006fdf       0x11 drivers\reset\libdrivers__reset.a(reset_stm32.c.obj)
 .rodata.str1.1
                0x0000000008006ff0       0x11 drivers\sensor\bme280\libdrivers__sensor__bme280.a(bme280.c.obj)
 .rodata.str1.1
                0x0000000008007001       0x13 drivers\sensor\stm32_temp\libdrivers__sensor__stm32_temp.a(stm32_temp.c.obj)
 .rodata.str1.1
                0x0000000008007014        0xb drivers\sensor\stm32_vref\libdrivers__sensor__stm32_vref.a(stm32_vref.c.obj)
                                         0x10 (size before relaxing)
 .rodata.str1.1
                0x000000000800701f       0x2b drivers\serial\libdrivers__serial.a(uart_stm32.c.obj)
 .rodata.AHBPrescTable
                0x000000000800704a       0x10 ..\modules\stm32\stm32cube\lib..__modules__hal__stm32__stm32cube.a(system_stm32f0xx.c.obj)
                0x000000000800704a                AHBPrescTable
 .rodata.aPredivFactorTable.0
                0x000000000800705a       0x10 ..\modules\stm32\stm32cube\lib..__modules__hal__stm32__stm32cube.a(stm32f0xx_hal_rcc.c.obj)
 .rodata.aPLLMULFactorTable.1
                0x000000000800706a       0x10 ..\modules\stm32\stm32cube\lib..__modules__hal__stm32__stm32cube.a(stm32f0xx_hal_rcc.c.obj)
 .rodata.z_cstart.str1.1
                0x000000000800707a        0x5 kernel\libkernel.a(init.c.obj)
 .rodata.str1.1
                0x000000000800707f        0x3 kernel\libkernel.a(init.c.obj)
 .rodata.boot_banner.str1.1
                0x0000000008007082       0x42 kernel\libkernel.a(banner.c.obj)
 *(SORT_BY_ALIGNMENT(.gnu.linkonce.r.*))
                0x00000000080070c4                . = ALIGN (0x4)
                0x00000000080070c4                __rodata_region_end = .
                0x00000000080070c4                . = ALIGN (_region_min_align)
                0x00000000080070c4                __rom_region_end = ((__rom_region_start + .) - ADDR (rom_start))

/DISCARD/
 *(SORT_BY_ALIGNMENT(.got.plt))
 *(SORT_BY_ALIGNMENT(.igot.plt))
 *(SORT_BY_ALIGNMENT(.got))
 *(SORT_BY_ALIGNMENT(.igot))
                0x0000000020000000                . = 0x20000000
                0x0000000020000000                . = ALIGN (_region_min_align)
                0x0000000020000000                _image_ram_start = .

.ramfunc        0x0000000020000000        0x0 load address 0x00000000080070c4
                0x0000000020000000                . = ALIGN (_region_min_align)
                0x0000000020000000                __ramfunc_start = .
 *(SORT_BY_ALIGNMENT(.ramfunc))
 *(SORT_BY_ALIGNMENT(.ramfunc.*))
                0x0000000020000000                . = ALIGN (_region_min_align)
                0x0000000020000000                __ramfunc_end = .
                0x0000000000000000                __ramfunc_size = (__ramfunc_end - __ramfunc_start)
                0x00000000080070c4                __ramfunc_load_start = LOADADDR (.ramfunc)

datas           0x0000000020000000      0x188 load address 0x00000000080070c4
                0x0000000020000000                __data_region_start = .
                0x0000000020000000                __data_start = .
 *(SORT_BY_ALIGNMENT(.data))
 *(SORT_BY_ALIGNMENT(.data.*))
 .data.adc_stm32_data_0
                0x0000000020000000       0xa8 drivers\adc\libdrivers__adc.a(adc_stm32.c.obj)
 .data._char_out
                0x00000000200000a8        0x4 libzephyr.a(printk.c.obj)
                0x00000000200000a8                _char_out
 .data._stdout_hook
                0x00000000200000ac        0x4 lib\libc\minimal\liblib__libc__minimal.a(stdout_console.c.obj)
 .data.stm32_clock_control_api
                0x00000000200000b0       0x1c drivers\clock_control\libdrivers__clock_control.a(clock_stm32_ll_common.c.obj)
 .data.stm32_temp_dev_data
                0x00000000200000cc       0x38 drivers\sensor\stm32_temp\libdrivers__sensor__stm32_temp.a(stm32_temp.c.obj)
 .data.stm32_vref_dev_data
                0x0000000020000104       0x38 drivers\sensor\stm32_vref\libdrivers__sensor__stm32_vref.a(stm32_vref.c.obj)
 .data.uart_stm32_data_1
                0x000000002000013c       0x10 drivers\serial\libdrivers__serial.a(uart_stm32.c.obj)
 .data.uart_cfg_1
                0x000000002000014c        0x8 drivers\serial\libdrivers__serial.a(uart_stm32.c.obj)
 .data.uart_stm32_data_0
                0x0000000020000154       0x10 drivers\serial\libdrivers__serial.a(uart_stm32.c.obj)
 .data.uart_cfg_0
                0x0000000020000164        0x8 drivers\serial\libdrivers__serial.a(uart_stm32.c.obj)
 .data.SystemCoreClock
                0x000000002000016c        0x4 ..\modules\stm32\stm32cube\lib..__modules__hal__stm32__stm32cube.a(system_stm32f0xx.c.obj)
                0x000000002000016c                SystemCoreClock
 .data.timeout_list
                0x0000000020000170        0x8 kernel\libkernel.a(timeout.c.obj)
 .data.exti_irq_table
                0x0000000020000178       0x10 drivers\interrupt_controller\libdrivers__interrupt_controller.a(intc_exti_stm32.c.obj)
 *(SORT_BY_ALIGNMENT(.kernel.*))
                0x0000000020000188                __data_end = .
                0x0000000000000188                __data_size = (__data_end - __data_start)
                0x00000000080070c4                __data_load_start = LOADADDR (datas)
                0x00000000080070c4                __data_region_load_start = LOADADDR (datas)

device_states   0x0000000020000188       0x20 load address 0x000000000800724c
                0x0000000020000188                __device_states_start = .
 *(SORT_BY_ALIGNMENT(.z_devstate))
 .z_devstate    0x0000000020000188        0x4 ..\app\libapp.a(eeprom_24lc64.c.obj)
 .z_devstate    0x000000002000018c        0x2 drivers\interrupt_controller\libdrivers__interrupt_controller.a(intc_exti_stm32.c.obj)
 .z_devstate    0x000000002000018e        0x2 drivers\adc\libdrivers__adc.a(adc_stm32.c.obj)
 .z_devstate    0x0000000020000190        0x2 drivers\clock_control\libdrivers__clock_control.a(clock_stm32_ll_common.c.obj)
 .z_devstate    0x0000000020000192        0x6 drivers\gpio\libdrivers__gpio.a(gpio_stm32.c.obj)
 .z_devstate    0x0000000020000198        0x4 drivers\i2c\libdrivers__i2c.a(i2c_ll_stm32.c.obj)
 .z_devstate    0x000000002000019c        0x2 drivers\reset\libdrivers__reset.a(reset_stm32.c.obj)
 .z_devstate    0x000000002000019e        0x2 drivers\sensor\bme280\libdrivers__sensor__bme280.a(bme280.c.obj)
 .z_devstate    0x00000000200001a0        0x2 drivers\sensor\stm32_temp\libdrivers__sensor__stm32_temp.a(stm32_temp.c.obj)
 .z_devstate    0x00000000200001a2        0x2 drivers\sensor\stm32_vref\libdrivers__sensor__stm32_vref.a(stm32_vref.c.obj)
 .z_devstate    0x00000000200001a4        0x4 drivers\serial\libdrivers__serial.a(uart_stm32.c.obj)
 *(SORT_BY_ALIGNMENT(.z_devstate.*))
                0x00000000200001a8                __device_states_end = .

log_mpsc_pbuf_area
                0x00000000200001a8        0x0 load address 0x000000000800726c
                0x00000000200001a8                _log_mpsc_pbuf_list_start = .
 *(SORT_BY_NAME(SORT_BY_ALIGNMENT(._log_mpsc_pbuf.static.*)))
                0x00000000200001a8                _log_mpsc_pbuf_list_end = .

log_msg_ptr_area
                0x00000000200001a8        0x0 load address 0x000000000800726c
                0x00000000200001a8                _log_msg_ptr_list_start = .
 *(SORT_BY_NAME(SORT_BY_ALIGNMENT(._log_msg_ptr.static.*)))
                0x00000000200001a8                _log_msg_ptr_list_end = .

log_dynamic_area
                0x00000000200001a8        0x0 load address 0x000000000800726c
                0x00000000200001a8                _log_dynamic_list_start = .
 *(SORT_BY_NAME(SORT_BY_ALIGNMENT(._log_dynamic.static.*)))
                0x00000000200001a8                _log_dynamic_list_end = .

k_timer_area    0x00000000200001a8        0x0 load address 0x000000000800726c
                0x00000000200001a8                _k_timer_list_start = .
 *(SORT_BY_NAME(SORT_BY_ALIGNMENT(._k_timer.static.*)))
                0x00000000200001a8                _k_timer_list_end = .

k_mem_slab_area
                0x00000000200001a8        0x0 load address 0x000000000800726c
                0x00000000200001a8                _k_mem_slab_list_start = .
 *(SORT_BY_NAME(SORT_BY_ALIGNMENT(._k_mem_slab.static.*)))
                0x00000000200001a8                _k_mem_slab_list_end = .

k_heap_area     0x00000000200001a8        0x0 load address 0x000000000800726c
                0x00000000200001a8                _k_heap_list_start = .
 *(SORT_BY_NAME(SORT_BY_ALIGNMENT(._k_heap.static.*)))
                0x00000000200001a8                _k_heap_list_end = .

k_mutex_area    0x00000000200001a8        0x0 load address 0x000000000800726c
                0x00000000200001a8                _k_mutex_list_start = .
 *(SORT_BY_NAME(SORT_BY_ALIGNMENT(._k_mutex.static.*)))
                0x00000000200001a8                _k_mutex_list_end = .

k_stack_area    0x00000000200001a8        0x0 load address 0x000000000800726c
                0x00000000200001a8                _k_stack_list_start = .
 *(SORT_BY_NAME(SORT_BY_ALIGNMENT(._k_stack.static.*)))
                0x00000000200001a8                _k_stack_list_end = .

k_msgq_area     0x00000000200001a8        0x0 load address 0x000000000800726c
                0x00000000200001a8                _k_msgq_list_start = .
 *(SORT_BY_NAME(SORT_BY_ALIGNMENT(._k_msgq.static.*)))
                0x00000000200001a8                _k_msgq_list_end = .

k_mbox_area     0x00000000200001a8        0x0 load address 0x000000000800726c
                0x00000000200001a8                _k_mbox_list_start = .
 *(SORT_BY_NAME(SORT_BY_ALIGNMENT(._k_mbox.static.*)))
                0x00000000200001a8                _k_mbox_list_end = .

k_pipe_area     0x00000000200001a8        0x0 load address 0x000000000800726c
                0x00000000200001a8                _k_pipe_list_start = .
 *(SORT_BY_NAME(SORT_BY_ALIGNMENT(._k_pipe.static.*)))
                0x00000000200001a8                _k_pipe_list_end = .

k_sem_area      0x00000000200001a8        0x0 load address 0x000000000800726c
                0x00000000200001a8                _k_sem_list_start = .
 *(SORT_BY_NAME(SORT_BY_ALIGNMENT(._k_sem.static.*)))
                0x00000000200001a8                _k_sem_list_end = .

k_event_area    0x00000000200001a8        0x0 load address 0x000000000800726c
                0x00000000200001a8                _k_event_list_start = .
 *(SORT_BY_NAME(SORT_BY_ALIGNMENT(._k_event.static.*)))
                0x00000000200001a8                _k_event_list_end = .

k_queue_area    0x00000000200001a8        0x0 load address 0x000000000800726c
                0x00000000200001a8                _k_queue_list_start = .
 *(SORT_BY_NAME(SORT_BY_ALIGNMENT(._k_queue.static.*)))
                0x00000000200001a8                _k_queue_list_end = .

k_condvar_area  0x00000000200001a8        0x0 load address 0x000000000800726c
                0x00000000200001a8                _k_condvar_list_start = .
 *(SORT_BY_NAME(SORT_BY_ALIGNMENT(._k_condvar.static.*)))
                0x00000000200001a8                _k_condvar_list_end = .

net_buf_pool_area
                0x00000000200001a8        0x0 load address 0x000000000800726c
                0x00000000200001a8                _net_buf_pool_list_start = .
 *(SORT_BY_NAME(SORT_BY_ALIGNMENT(._net_buf_pool.static.*)))
                0x00000000200001a8                _net_buf_pool_list_end = .
                0x00000000200001a8                __data_region_end = .

bss             0x00000000200001a8      0x2ae
                0x00000000200001a8                . = ALIGN (0x4)
                0x00000000200001a8                __bss_start = .
                0x00000000200001a8                __kernel_ram_start = .
 *(SORT_BY_ALIGNMENT(.bss))
 *(SORT_BY_ALIGNMENT(.bss.*))
 .bss.z_idle_threads
                0x00000000200001a8       0x70 kernel\libkernel.a(init.c.obj)
                0x00000000200001a8                z_idle_threads
 .bss.z_main_thread
                0x0000000020000218       0x70 kernel\libkernel.a(init.c.obj)
                0x0000000020000218                z_main_thread
 .bss.slice_timeouts
                0x0000000020000288       0x18 kernel\libkernel.a(sched.c.obj)
 .bss.curr_tick
                0x00000000200002a0        0x8 kernel\libkernel.a(timeout.c.obj)
 .bss.exti_data
                0x00000000200002a8       0x80 drivers\interrupt_controller\libdrivers__interrupt_controller.a(intc_exti_stm32.c.obj)
 .bss.gpio_stm32_data_c
                0x0000000020000328       0x10 drivers\gpio\libdrivers__gpio.a(gpio_stm32.c.obj)
 .bss.gpio_stm32_data_b
                0x0000000020000338       0x10 drivers\gpio\libdrivers__gpio.a(gpio_stm32.c.obj)
 .bss.gpio_stm32_data_a
                0x0000000020000348       0x10 drivers\gpio\libdrivers__gpio.a(gpio_stm32.c.obj)
 .bss.i2c_stm32_dev_data_1
                0x0000000020000358       0x40 drivers\i2c\libdrivers__i2c.a(i2c_ll_stm32.c.obj)
 .bss.i2c_stm32_dev_data_0
                0x0000000020000398       0x40 drivers\i2c\libdrivers__i2c.a(i2c_ll_stm32.c.obj)
 .bss.bme280_data_0
                0x00000000200003d8       0x38 drivers\sensor\bme280\libdrivers__sensor__bme280.a(bme280.c.obj)
 .bss.overflow_cyc
                0x0000000020000410        0x4 drivers\timer\libdrivers__timer.a(cortex_m_systick.c.obj)
 .bss.announced_cycles
                0x0000000020000414        0x4 drivers\timer\libdrivers__timer.a(cortex_m_systick.c.obj)
 .bss.cycle_count
                0x0000000020000418        0x4 drivers\timer\libdrivers__timer.a(cortex_m_systick.c.obj)
 .bss.last_load
                0x000000002000041c        0x4 drivers\timer\libdrivers__timer.a(cortex_m_systick.c.obj)
 .bss._cpus_active
                0x0000000020000420        0x4 kernel\libkernel.a(init.c.obj)
                0x0000000020000420                _cpus_active
 .bss._kernel   0x0000000020000424       0x20 kernel\libkernel.a(init.c.obj)
                0x0000000020000424                _kernel
 .bss.pending_current
                0x0000000020000444        0x4 kernel\libkernel.a(sched.c.obj)
 .bss.slice_max_prio
                0x0000000020000448        0x4 kernel\libkernel.a(sched.c.obj)
 .bss.slice_ticks
                0x000000002000044c        0x4 kernel\libkernel.a(sched.c.obj)
 .bss.announce_remaining
                0x0000000020000450        0x4 kernel\libkernel.a(timeout.c.obj)
 .bss.z_sys_post_kernel
                0x0000000020000454        0x1 kernel\libkernel.a(init.c.obj)
                0x0000000020000454                z_sys_post_kernel
 .bss.lock      0x0000000020000455        0x0 kernel\libkernel.a(mutex.c.obj)
 .bss.lock      0x0000000020000455        0x0 kernel\libkernel.a(sem.c.obj)
 .bss.slice_expired
                0x0000000020000455        0x1 kernel\libkernel.a(sched.c.obj)
 .bss.sched_spinlock
                0x0000000020000456        0x0 kernel\libkernel.a(sched.c.obj)
                0x0000000020000456                sched_spinlock
 *(SORT_BY_ALIGNMENT(COMMON))
 *(SORT_BY_ALIGNMENT(.kernel_bss.*))
                0x0000000020000458                __bss_end = ALIGN (0x4)

noinit          0x0000000020000458      0x548
 *(SORT_BY_ALIGNMENT(.noinit))
 *(SORT_BY_ALIGNMENT(.noinit.*))
 .noinit."WEST_TOPDIR\\zephyr\\kernel\\init.c".2
                0x0000000020000458      0x200 kernel\libkernel.a(init.c.obj)
                0x0000000020000458                z_interrupt_stacks
 .noinit."WEST_TOPDIR\\zephyr\\kernel\\init.c".1
                0x0000000020000658       0xc8 kernel\libkernel.a(init.c.obj)
 .noinit."WEST_TOPDIR\\zephyr\\kernel\\init.c".0
                0x0000000020000720      0x280 kernel\libkernel.a(init.c.obj)
                0x0000000020000720                z_main_stack
 *(SORT_BY_ALIGNMENT(.kernel_noinit.*))
                0x0000000020002000                __kernel_ram_end = 0x20002000
                0x0000000000001e58                __kernel_ram_size = (__kernel_ram_end - __kernel_ram_start)

/DISCARD/
 *(SORT_BY_ALIGNMENT(.irq_info*))
 *(SORT_BY_ALIGNMENT(.intList*))

.last_ram_section
                0x00000000200009a0        0x0
                0x00000000200009a0                _image_ram_end = .
                0x00000000000009a0                _image_ram_size = (_image_ram_end - _image_ram_start)
                0x00000000200009a0                _end = .
                0x00000000200009a0                z_mapped_end = .

.stab
 *(SORT_BY_ALIGNMENT(.stab))

.stabstr
 *(SORT_BY_ALIGNMENT(.stabstr))

.stab.excl
 *(SORT_BY_ALIGNMENT(.stab.excl))

.stab.exclstr
 *(SORT_BY_ALIGNMENT(.stab.exclstr))

.stab.index
 *(SORT_BY_ALIGNMENT(.stab.index))

.stab.indexstr
 *(SORT_BY_ALIGNMENT(.stab.indexstr))

.gnu.build.attributes
 *(SORT_BY_ALIGNMENT(.gnu.build.attributes) SORT_BY_ALIGNMENT(.gnu.build.attributes.*))

.comment        0x0000000000000000       0x20
 *(SORT_BY_ALIGNMENT(.comment))
 .comment       0x0000000000000000       0x20 CMakeFiles/zephyr_final.dir/isr_tables.c.obj
                                         0x21 (size before relaxing)
 .comment       0x0000000000000020       0x21 CMakeFiles\offsets.dir\arch\arm\core\offsets\offsets.c.obj
 .comment       0x0000000000000020       0x21 ..\app\libapp.a(eeprom_24lc64.c.obj)
 .comment       0x0000000000000020       0x21 ..\app\libapp.a(main.c.obj)
 .comment       0x0000000000000020       0x21 libzephyr.a(cbprintf_packaged.c.obj)
 .comment       0x0000000000000020       0x21 libzephyr.a(printk.c.obj)
 .comment       0x0000000000000020       0x21 libzephyr.a(thread_entry.c.obj)
 .comment       0x0000000000000020       0x21 libzephyr.a(cbprintf_complete.c.obj)
 .comment       0x0000000000000020       0x21 libzephyr.a(configs.c.obj)
 .comment       0x0000000000000020       0x21 libzephyr.a(soc.c.obj)
 .comment       0x0000000000000020       0x21 libzephyr.a(soc_config.c.obj)
 .comment       0x0000000000000020       0x21 arch\arch\arm\core\aarch32\libarch__arm__core__aarch32.a(fatal.c.obj)
 .comment       0x0000000000000020       0x21 arch\arch\arm\core\aarch32\libarch__arm__core__aarch32.a(irq_manage.c.obj)
 .comment       0x0000000000000020       0x21 arch\arch\arm\core\aarch32\libarch__arm__core__aarch32.a(nmi.c.obj)
 .comment       0x0000000000000020       0x21 arch\arch\arm\core\aarch32\libarch__arm__core__aarch32.a(prep_c.c.obj)
 .comment       0x0000000000000020       0x21 arch\arch\arm\core\aarch32\libarch__arm__core__aarch32.a(swap.c.obj)
 .comment       0x0000000000000020       0x21 arch\arch\arm\core\aarch32\libarch__arm__core__aarch32.a(thread.c.obj)
 .comment       0x0000000000000020       0x21 arch\arch\arm\core\aarch32\cortex_m\libarch__arm__core__aarch32__cortex_m.a(fault.c.obj)
 .comment       0x0000000000000020       0x21 arch\arch\arm\core\aarch32\cortex_m\libarch__arm__core__aarch32__cortex_m.a(irq_init.c.obj)
 .comment       0x0000000000000020       0x21 arch\arch\arm\core\aarch32\cortex_m\libarch__arm__core__aarch32__cortex_m.a(thread_abort.c.obj)
 .comment       0x0000000000000020       0x21 lib\libc\minimal\liblib__libc__minimal.a(string.c.obj)
 .comment       0x0000000000000020       0x21 lib\libc\minimal\liblib__libc__minimal.a(stdout_console.c.obj)
 .comment       0x0000000000000020       0x21 lib\libc\common\liblib__libc__common.a(strnlen.c.obj)