Archive member included to satisfy reference by file (symbol)

app/libapp.a(eeprom_24lc64.c.obj)
                              (--whole-archive)
app/libapp.a(esp8266.c.obj)   (--whole-archive)
app/libapp.a(main.c.obj)      (--whole-archive)
app/libapp.a(rtc.c.obj)       (--whole-archive)
zephyr/libzephyr.a(cbprintf_packaged.c.obj)
                              (--whole-archive)
zephyr/libzephyr.a(dec.c.obj)
                              (--whole-archive)
zephyr/libzephyr.a(fdtable.c.obj)
                              (--whole-archive)
zephyr/libzephyr.a(hex.c.obj)
                              (--whole-archive)
zephyr/libzephyr.a(printk.c.obj)
                              (--whole-archive)
zephyr/libzephyr.a(rb.c.obj)  (--whole-archive)
zephyr/libzephyr.a(sem.c.obj)
                              (--whole-archive)
zephyr/libzephyr.a(thread_entry.c.obj)
                              (--whole-archive)
zephyr/libzephyr.a(timeutil.c.obj)
                              (--whole-archive)
zephyr/libzephyr.a(heap.c.obj)
                              (--whole-archive)
zephyr/libzephyr.a(heap-validate.c.obj)
                              (--whole-archive)
zephyr/libzephyr.a(bitarray.c.obj)
                              (--whole-archive)
zephyr/libzephyr.a(multi_heap.c.obj)
                              (--whole-archive)
zephyr/libzephyr.a(cbprintf_complete.c.obj)
                              (--whole-archive)
zephyr/libzephyr.a(assert.c.obj)
                              (--whole-archive)
zephyr/libzephyr.a(configs.c.obj)
                              (--whole-archive)
zephyr/libzephyr.a(soc.c.obj)
                              (--whole-archive)
zephyr/libzephyr.a(stm32cube_hal.c.obj)
                              (--whole-archive)
zephyr/libzephyr.a(soc_config.c.obj)
                              (--whole-archive)
zephyr/libzephyr.a(tracing_none.c.obj)
                              (--whole-archive)
zephyr/arch/common/libarch__common.a(sw_isr_common.c.obj)
                              (--whole-archive)
zephyr/arch/arch/arm/core/aarch32/libarch__arm__core__aarch32.a(cpu_idle.S.obj)
                              (--whole-archive)
zephyr/arch/arch/arm/core/aarch32/libarch__arm__core__aarch32.a(fatal.c.obj)
                              (--whole-archive)
zephyr/arch/arch/arm/core/aarch32/libarch__arm__core__aarch32.a(irq_manage.c.obj)
                              (--whole-archive)
zephyr/arch/arch/arm/core/aarch32/libarch__arm__core__aarch32.a(nmi.c.obj)
                              (--whole-archive)
zephyr/arch/arch/arm/core/aarch32/libarch__arm__core__aarch32.a(nmi_on_reset.S.obj)
                              (--whole-archive)
zephyr/arch/arch/arm/core/aarch32/libarch__arm__core__aarch32.a(prep_c.c.obj)
                              (--whole-archive)
zephyr/arch/arch/arm/core/aarch32/libarch__arm__core__aarch32.a(swap.c.obj)
                              (--whole-archive)
zephyr/arch/arch/arm/core/aarch32/libarch__arm__core__aarch32.a(swap_helper.S.obj)
                              (--whole-archive)
zephyr/arch/arch/arm/core/aarch32/libarch__arm__core__aarch32.a(thread.c.obj)
                              (--whole-archive)
zephyr/arch/arch/arm/core/aarch32/libarch__arm__core__aarch32.a(isr_wrapper.S.obj)
                              (--whole-archive)
zephyr/arch/arch/arm/core/aarch32/libarch__arm__core__aarch32.a(tls.c.obj)
                              (--whole-archive)
zephyr/arch/arch/arm/core/aarch32/cortex_m/libarch__arm__core__aarch32__cortex_m.a(exc_exit.S.obj)
                              (--whole-archive)
zephyr/arch/arch/arm/core/aarch32/cortex_m/libarch__arm__core__aarch32__cortex_m.a(fault.c.obj)
                              (--whole-archive)
zephyr/arch/arch/arm/core/aarch32/cortex_m/libarch__arm__core__aarch32__cortex_m.a(fault_s.S.obj)
                              (--whole-archive)
zephyr/arch/arch/arm/core/aarch32/cortex_m/libarch__arm__core__aarch32__cortex_m.a(fpu.c.obj)
                              (--whole-archive)
zephyr/arch/arch/arm/core/aarch32/cortex_m/libarch__arm__core__aarch32__cortex_m.a(irq_init.c.obj)
                              (--whole-archive)
zephyr/arch/arch/arm/core/aarch32/cortex_m/libarch__arm__core__aarch32__cortex_m.a(reset.S.obj)
                              (--whole-archive)
zephyr/arch/arch/arm/core/aarch32/cortex_m/libarch__arm__core__aarch32__cortex_m.a(scb.c.obj)
                              (--whole-archive)
zephyr/arch/arch/arm/core/aarch32/cortex_m/libarch__arm__core__aarch32__cortex_m.a(thread_abort.c.obj)
                              (--whole-archive)
zephyr/arch/arch/arm/core/aarch32/cortex_m/libarch__arm__core__aarch32__cortex_m.a(vector_table.S.obj)
                              (--whole-archive)
zephyr/arch/arch/arm/core/aarch32/cortex_m/libarch__arm__core__aarch32__cortex_m.a(__aeabi_read_tp.S.obj)
                              (--whole-archive)
zephyr/lib/libc/picolibc/liblib__libc__picolibc.a(libc-hooks.c.obj)
[...]
Memory Configuration

Name             Origin             Length             Attributes
FLASH            0x0000000008000000 0x0000000000010000 xr
RAM              0x0000000020000000 0x0000000000002000 xw
IDT_LIST         0x00000000fffff7ff 0x0000000000000800 xw
*default*        0x0000000000000000 0xffffffffffffffff

Linker script and memory map

                0x00000000080066e4                vfprintf = __i_vfprintf
                0x0000000008006b5c                vfscanf = __i_vfscanf
LOAD zephyr/CMakeFiles/zephyr_pre0.dir/misc/empty_file.c.obj
LOAD zephyr/CMakeFiles/offsets.dir/./arch/arm/core/offsets/offsets.c.obj
LOAD app/libapp.a
LOAD zephyr/libzephyr.a
LOAD zephyr/arch/common/libarch__common.a
LOAD zephyr/arch/arch/arm/core/aarch32/libarch__arm__core__aarch32.a
LOAD zephyr/arch/arch/arm/core/aarch32/cortex_m/libarch__arm__core__aarch32__cortex_m.a
LOAD zephyr/lib/libc/picolibc/liblib__libc__picolibc.a
LOAD zephyr/lib/libc/common/liblib__libc__common.a
LOAD zephyr/drivers/interrupt_controller/libdrivers__interrupt_controller.a
LOAD zephyr/drivers/adc/libdrivers__adc.a
LOAD zephyr/drivers/clock_control/libdrivers__clock_control.a
LOAD zephyr/drivers/console/libdrivers__console.a
LOAD zephyr/drivers/gpio/libdrivers__gpio.a
LOAD zephyr/drivers/i2c/libdrivers__i2c.a
LOAD zephyr/drivers/pinctrl/libdrivers__pinctrl.a
LOAD zephyr/drivers/reset/libdrivers__reset.a
LOAD zephyr/drivers/sensor/bme280/libdrivers__sensor__bme280.a
LOAD zephyr/drivers/sensor/stm32_temp/libdrivers__sensor__stm32_temp.a
LOAD zephyr/drivers/sensor/stm32_vref/libdrivers__sensor__stm32_vref.a
LOAD zephyr/drivers/serial/libdrivers__serial.a
LOAD zephyr/drivers/timer/libdrivers__timer.a
LOAD zephyr/drivers/rtc/libdrivers__rtc.a
LOAD modules/stm32/stm32cube/lib..__modules__hal__stm32__stm32cube.a
LOAD zephyr/kernel/libkernel.a
LOAD /Users/dinordi/zephyr-sdk-0.16.1/arm-zephyr-eabi/bin/../lib/gcc/arm-zephyr-eabi/12.2.0/thumb/v6-m/nofp/libgcc.a
LOAD zephyr/arch/common/libisr_tables.a
LOAD /Users/dinordi/zephyr-sdk-0.16.1/arm-zephyr-eabi/bin/../lib/gcc/../../picolibc/arm-zephyr-eabi/lib/thumb/v6-m/nofp/libc.a
LOAD /Users/dinordi/zephyr-sdk-0.16.1/arm-zephyr-eabi/bin/../lib/gcc/arm-zephyr-eabi/12.2.0/thumb/v6-m/nofp/libgcc.a
                0x0000000000000004                _region_min_align = 0x4

.rel.plt        0x0000000008000000        0x0
 *(SORT_BY_ALIGNMENT(.rel.plt))
                [!provide]                        PROVIDE (__rel_iplt_start = .)
 *(SORT_BY_ALIGNMENT(.rel.iplt))
 .rel.iplt      0x0000000008000000        0x0 app/libapp.a(eeprom_24lc64.c.obj)
                [!provide]                        PROVIDE (__rel_iplt_end = .)

.rela.plt       0x0000000000000000        0x0
 *(SORT_BY_ALIGNMENT(.rela.plt))
                [!provide]                        PROVIDE (__rela_iplt_start = .)
 *(SORT_BY_ALIGNMENT(.rela.iplt))
                [!provide]                        PROVIDE (__rela_iplt_end = .)

.rel.dyn
 *(SORT_BY_ALIGNMENT(.rel.*))

.rela.dyn
 *(SORT_BY_ALIGNMENT(.rela.*))

/DISCARD/
 *(SORT_BY_ALIGNMENT(.plt))

/DISCARD/
 *(SORT_BY_ALIGNMENT(.iplt))
                0x0000000008000000                __rom_region_start = 0x8000000

rom_start       0x0000000008000000       0xb4
                0x0000000008000000                __rom_start_address = .
                0x0000000008000000                . = (. + (0x0 - (. - __rom_start_address)))
                0x0000000008000000                . = ALIGN (0x4)
                0x0000000008000000                _vector_start = .
 *(SORT_BY_ALIGNMENT(.exc_vector_table))
 *(SORT_BY_ALIGNMENT(.exc_vector_table.*))
 .exc_vector_table._vector_table_section
                0x0000000008000000       0x40 zephyr/arch/arch/arm/core/aarch32/cortex_m/libarch__arm__core__aarch32__cortex_m.a(vector_table.S.obj)
                0x0000000008000000                _vector_table
 *(SORT_BY_ALIGNMENT(.vectors))
                0x00000000080000b4                _vector_end = .
                0x0000000008000040                . = ALIGN (0x4)
 *(SORT_BY_ALIGNMENT(.gnu.linkonce.irq_vector_table*))
 .gnu.linkonce.irq_vector_table
                0x0000000008000040       0x74 zephyr/arch/common/libisr_tables.a(isr_tables.c.obj)
                0x0000000008000040                _irq_vector_table
                0x00000000080000b4                _vector_end = .

text            0x00000000080000b4     0x82ac
                0x00000000080000b4                __text_region_start = .
 *(SORT_BY_ALIGNMENT(.text))
 .text          0x00000000080000b4       0x14 /Users/dinordi/zephyr-sdk-0.16.1/arm-zephyr-eabi/bin/../lib/gcc/arm-zephyr-eabi/12.2.0/thumb/v6-m/nofp/libgcc.a(_thumb1_case_uqi.o)
                0x00000000080000b4                __gnu_thumb1_case_uqi
 .text          0x00000000080000c8       0x8c /Users/dinordi/zephyr-sdk-0.16.1/arm-zephyr-eabi/bin/../lib/gcc/arm-zephyr-eabi/12.2.0/thumb/v6-m/nofp/libgcc.a(_udivsi3.o)
                0x00000000080000c8                __udivsi3
                0x00000000080000c8                __aeabi_uidiv
                0x0000000008000140                __aeabi_uidivmod
 .text          0x0000000008000154       0xa8 /Users/dinordi/zephyr-sdk-0.16.1/arm-zephyr-eabi/bin/../lib/gcc/arm-zephyr-eabi/12.2.0/thumb/v6-m/nofp/libgcc.a(_divsi3.o)
                0x0000000008000154                __aeabi_idiv
                0x0000000008000154                __divsi3
                0x00000000080001e8                __aeabi_idivmod
 .text          0x00000000080001fc        0x4 /Users/dinordi/zephyr-sdk-0.16.1/arm-zephyr-eabi/bin/../lib/gcc/arm-zephyr-eabi/12.2.0/thumb/v6-m/nofp/libgcc.a(_dvmd_tls.o)
                0x00000000080001fc                __aeabi_ldiv0
                0x00000000080001fc                __aeabi_idiv0
 .text          0x0000000008000200       0x7c /Users/dinordi/zephyr-sdk-0.16.1/arm-zephyr-eabi/bin/../lib/gcc/arm-zephyr-eabi/12.2.0/thumb/v6-m/nofp/libgcc.a(_arm_cmpdf2.o)
                0x0000000008000200                __aeabi_cdrcmple
                0x0000000008000210                __aeabi_cdcmple
                0x0000000008000210                __aeabi_cdcmpeq
                0x0000000008000220                __aeabi_dcmpeq
                0x000000000800022c                __aeabi_dcmplt
                0x0000000008000240                __aeabi_dcmple
                0x0000000008000254                __aeabi_dcmpgt
                0x0000000008000268                __aeabi_dcmpge
 .text          0x000000000800027c       0x74 /Users/dinordi/zephyr-sdk-0.16.1/arm-zephyr-eabi/bin/../lib/gcc/arm-zephyr-eabi/12.2.0/thumb/v6-m/nofp/libgcc.a(_arm_cmpsf2.o)
                0x000000000800027c                __aeabi_cfrcmple
                0x0000000008000284                __aeabi_cfcmple
                0x0000000008000284                __aeabi_cfcmpeq
                0x0000000008000294                __aeabi_fcmpeq
                0x00000000080002a0                __aeabi_fcmplt
                0x00000000080002b4                __aeabi_fcmple
                0x00000000080002c8                __aeabi_fcmpgt
                0x00000000080002dc                __aeabi_fcmpge
 .text          0x00000000080002f0       0x3c /Users/dinordi/zephyr-sdk-0.16.1/arm-zephyr-eabi/bin/../lib/gcc/arm-zephyr-eabi/12.2.0/thumb/v6-m/nofp/libgcc.a(_clzsi2.o)
                0x00000000080002f0                __clzsi2
 .text          0x000000000800032c       0x40 /Users/dinordi/zephyr-sdk-0.16.1/arm-zephyr-eabi/bin/../lib/gcc/arm-zephyr-eabi/12.2.0/thumb/v6-m/nofp/libgcc.a(_ctzsi2.o)
                0x000000000800032c                __ctzsi2
 .text          0x000000000800036c       0x48 /Users/dinordi/zephyr-sdk-0.16.1/arm-zephyr-eabi/bin/../lib/gcc/arm-zephyr-eabi/12.2.0/thumb/v6-m/nofp/libgcc.a(_aeabi_ldivmod.o)
                0x000000000800036c                __aeabi_ldivmod
 .text          0x00000000080003b4       0x40 /Users/dinordi/zephyr-sdk-0.16.1/arm-zephyr-eabi/bin/../lib/gcc/arm-zephyr-eabi/12.2.0/thumb/v6-m/nofp/libgcc.a(_aeabi_uldivmod.o)
                0x00000000080003b4                __aeabi_uldivmod
 .text          0x00000000080003f4       0x34 /Users/dinordi/zephyr-sdk-0.16.1/arm-zephyr-eabi/bin/../lib/gcc/arm-zephyr-eabi/12.2.0/thumb/v6-m/nofp/libgcc.a(_popcountsi2.o)
                0x00000000080003f4                __popcountsi2
 .text          0x0000000008000428      0x2e8 /Users/dinordi/zephyr-sdk-0.16.1/arm-zephyr-eabi/bin/../lib/gcc/arm-zephyr-eabi/12.2.0/thumb/v6-m/nofp/libgcc.a(addsf3.o)
                0x0000000008000428                __aeabi_fadd
 .text          0x0000000008000710      0x1c4 /Users/dinordi/zephyr-sdk-0.16.1/arm-zephyr-eabi/bin/../lib/gcc/arm-zephyr-eabi/12.2.0/thumb/v6-m/nofp/libgcc.a(divsf3.o)
                0x0000000008000710                __aeabi_fdiv
 .text          0x00000000080008d4      0x1ec /Users/dinordi/zephyr-sdk-0.16.1/arm-zephyr-eabi/bin/../lib/gcc/arm-zephyr-eabi/12.2.0/thumb/v6-m/nofp/libgcc.a(mulsf3.o)
                0x00000000080008d4                __aeabi_fmul
 .text          0x0000000008000ac0      0x32c /Users/dinordi/zephyr-sdk-0.16.1/arm-zephyr-eabi/bin/../lib/gcc/arm-zephyr-eabi/12.2.0/thumb/v6-m/nofp/libgcc.a(subsf3.o)
                0x0000000008000ac0                __aeabi_fsub
 .text          0x0000000008000dec       0x3c /Users/dinordi/zephyr-sdk-0.16.1/arm-zephyr-eabi/bin/../lib/gcc/arm-zephyr-eabi/12.2.0/thumb/v6-m/nofp/libgcc.a(fixsfsi.o)
                0x0000000008000dec                __aeabi_f2iz
 .text          0x0000000008000e28       0x88 /Users/dinordi/zephyr-sdk-0.16.1/arm-zephyr-eabi/bin/../lib/gcc/arm-zephyr-eabi/12.2.0/thumb/v6-m/nofp/libgcc.a(floatsisf.o)
                0x0000000008000e28                __aeabi_i2f
 .text          0x0000000008000eb0       0x84 /Users/dinordi/zephyr-sdk-0.16.1/arm-zephyr-eabi/bin/../lib/gcc/arm-zephyr-eabi/12.2.0/thumb/v6-m/nofp/libgcc.a(eqdf2.o)
                0x0000000008000eb0                __eqdf2
                0x0000000008000eb0                __nedf2
 .text          0x0000000008000f34       0xec /Users/dinordi/zephyr-sdk-0.16.1/arm-zephyr-eabi/bin/../lib/gcc/arm-zephyr-eabi/12.2.0/thumb/v6-m/nofp/libgcc.a(gedf2.o)
                0x0000000008000f34                __gtdf2
                0x0000000008000f34                __gedf2
 .text          0x0000000008001020       0xf0 /Users/dinordi/zephyr-sdk-0.16.1/arm-zephyr-eabi/bin/../lib/gcc/arm-zephyr-eabi/12.2.0/thumb/v6-m/nofp/libgcc.a(ledf2.o)
                0x0000000008001020                __ltdf2
                0x0000000008001020                __ledf2
 .text          0x0000000008001110      0x454 /Users/dinordi/zephyr-sdk-0.16.1/arm-zephyr-eabi/bin/../lib/gcc/arm-zephyr-eabi/12.2.0/thumb/v6-m/nofp/libgcc.a(muldf3.o)
                0x0000000008001110                __aeabi_dmul
 .text          0x0000000008001564      0x628 /Users/dinordi/zephyr-sdk-0.16.1/arm-zephyr-eabi/bin/../lib/gcc/arm-zephyr-eabi/12.2.0/thumb/v6-m/nofp/libgcc.a(subdf3.o)
                0x0000000008001564                __aeabi_dsub
 .text          0x0000000008001b8c       0x64 /Users/dinordi/zephyr-sdk-0.16.1/arm-zephyr-eabi/bin/../lib/gcc/arm-zephyr-eabi/12.2.0/thumb/v6-m/nofp/libgcc.a(fixdfsi.o)
                0x0000000008001b8c                __aeabi_d2iz
 .text          0x0000000008001bf0       0x54 /Users/dinordi/zephyr-sdk-0.16.1/arm-zephyr-eabi/bin/../lib/gcc/arm-zephyr-eabi/12.2.0/thumb/v6-m/nofp/libgcc.a(floatsidf.o)
                0x0000000008001bf0                __aeabi_i2d
 .text          0x0000000008001c44       0x84 /Users/dinordi/zephyr-sdk-0.16.1/arm-zephyr-eabi/bin/../lib/gcc/arm-zephyr-eabi/12.2.0/thumb/v6-m/nofp/libgcc.a(extendsfdf2.o)
                0x0000000008001c44                __aeabi_f2d
 .text          0x0000000008001cc8       0x18 /Users/dinordi/zephyr-sdk-0.16.1/arm-zephyr-eabi/bin/../lib/gcc/arm-zephyr-eabi/12.2.0/thumb/v6-m/nofp/libgcc.a(_lshrdi3.o)
                0x0000000008001cc8                __aeabi_llsr
                0x0000000008001cc8                __lshrdi3
 .text          0x0000000008001ce0       0x18 /Users/dinordi/zephyr-sdk-0.16.1/arm-zephyr-eabi/bin/../lib/gcc/arm-zephyr-eabi/12.2.0/thumb/v6-m/nofp/libgcc.a(_ashldi3.o)
                0x0000000008001ce0                __ashldi3
                0x0000000008001ce0                __aeabi_llsl
 .text          0x0000000008001cf8       0x18 /Users/dinordi/zephyr-sdk-0.16.1/arm-zephyr-eabi/bin/../lib/gcc/arm-zephyr-eabi/12.2.0/thumb/v6-m/nofp/libgcc.a(_clzdi2.o)
                0x0000000008001cf8                __clzdi2
 .text          0x0000000008001d10       0x44 /Users/dinordi/zephyr-sdk-0.16.1/arm-zephyr-eabi/bin/../lib/gcc/arm-zephyr-eabi/12.2.0/thumb/v6-m/nofp/libgcc.a(_muldi3.o)
                0x0000000008001d10                __aeabi_lmul
                0x0000000008001d10                __muldi3
 .text          0x0000000008001d54        0xe /Users/dinordi/zephyr-sdk-0.16.1/arm-zephyr-eabi/bin/../lib/gcc/arm-zephyr-eabi/12.2.0/thumb/v6-m/nofp/libgcc.a(_ffssi2.o)
                0x0000000008001d54                __ffssi2
 .text          0x0000000008001d62       0xde /Users/dinordi/zephyr-sdk-0.16.1/arm-zephyr-eabi/bin/../lib/gcc/arm-zephyr-eabi/12.2.0/thumb/v6-m/nofp/libgcc.a(_udivmoddi4.o)
                0x0000000008001d62                __udivmoddi4
 .text          0x0000000008001e40       0x30 /Users/dinordi/zephyr-sdk-0.16.1/arm-zephyr-eabi/bin/../lib/gcc/arm-zephyr-eabi/12.2.0/thumb/v6-m/nofp/libgcc.a(bpabi.o)
                0x0000000008001e40                __gnu_ldivmod_helper
 .text          0x0000000008001e70       0x4e /Users/dinordi/zephyr-sdk-0.16.1/arm-zephyr-eabi/bin/../lib/gcc/arm-zephyr-eabi/12.2.0/thumb/v6-m/nofp/libgcc.a(eqsf2.o)
                0x0000000008001e70                __nesf2
                0x0000000008001e70                __eqsf2
 .text          0x0000000008001ebe       0x9c /Users/dinordi/zephyr-sdk-0.16.1/arm-zephyr-eabi/bin/../lib/gcc/arm-zephyr-eabi/12.2.0/thumb/v6-m/nofp/libgcc.a(gesf2.o)
                0x0000000008001ebe                __gtsf2
                0x0000000008001ebe                __gesf2
 .text          0x0000000008001f5a       0xa0 /Users/dinordi/zephyr-sdk-0.16.1/arm-zephyr-eabi/bin/../lib/gcc/arm-zephyr-eabi/12.2.0/thumb/v6-m/nofp/libgcc.a(lesf2.o)
                0x0000000008001f5a                __lesf2
                0x0000000008001f5a                __ltsf2
 .text          0x0000000008001ffa      0x142 /Users/dinordi/zephyr-sdk-0.16.1/arm-zephyr-eabi/bin/../lib/gcc/arm-zephyr-eabi/12.2.0/thumb/v6-m/nofp/libgcc.a(_divdi3.o)
                0x0000000008001ffa                __divdi3
 .text          0x000000000800213c       0x14 /Users/dinordi/zephyr-sdk-0.16.1/arm-zephyr-eabi/bin/../lib/gcc/../../picolibc/arm-zephyr-eabi/lib/thumb/v6-m/nofp/libc.a(strcmp.S.o)
                0x000000000800213c                strcmp
 .text          0x0000000008002150        0xe /Users/dinordi/zephyr-sdk-0.16.1/arm-zephyr-eabi/bin/../lib/gcc/../../picolibc/arm-zephyr-eabi/lib/thumb/v6-m/nofp/libc.a(strlen.S.o)
                0x0000000008002150                strlen
 .text          0x000000000800215e       0x10 /Users/dinordi/zephyr-sdk-0.16.1/arm-zephyr-eabi/bin/../lib/gcc/../../picolibc/arm-zephyr-eabi/lib/thumb/v6-m/nofp/libc.a(strcpy.S.o)
                0x000000000800215e                strcpy
 *(SORT_BY_ALIGNMENT(.text.*))
 *fill*         0x000000000800216e        0x2 
 .text.returnUsartStr
                0x0000000008002170       0xbc app/libapp.a(esp8266.c.obj)
                0x0000000008002170                returnUsartStr
 .text.sendESP  0x000000000800222c       0x28 app/libapp.a(esp8266.c.obj)
                0x000000000800222c                sendESP
 .text.readUsart
                0x0000000008002254       0x50 app/libapp.a(esp8266.c.obj)
                0x0000000008002254                readUsart
 .text.send_str
                0x00000000080022a4       0x34 app/libapp.a(main.c.obj)
                0x00000000080022a4                send_str
 .text.uartTest
                0x00000000080022d8       0xfc app/libapp.a(main.c.obj)
                0x00000000080022d8                uartTest
 .text.parseTime
                0x00000000080023d4       0xc0 app/libapp.a(rtc.c.obj)
                0x00000000080023d4                parseTime
 .text.getEpochTime
                0x0000000008002494       0x4c app/libapp.a(rtc.c.obj)
                0x0000000008002494                getEpochTime
 .text.char_out
                0x00000000080024e0       0x10 zephyr/libzephyr.a(printk.c.obj)
 .text.__printk_hook_install
                0x00000000080024f0        0xc zephyr/libzephyr.a(printk.c.obj)
                0x00000000080024f0                __printk_hook_install
 .text.vprintk  0x00000000080024fc       0x30 zephyr/libzephyr.a(printk.c.obj)
                0x00000000080024fc                vprintk
 .text.z_thread_entry
                0x000000000800252c       0x30 zephyr/libzephyr.a(thread_entry.c.obj)
                0x000000000800252c                z_thread_entry
 .text.stm32f0_init
                0x000000000800255c       0x14 zephyr/libzephyr.a(soc.c.obj)
 .text.z_arm_cpu_idle_init
                0x0000000008002570        0xc zephyr/arch/arch/arm/core/aarch32/libarch__arm__core__aarch32.a(cpu_idle.S.obj)
                0x0000000008002570                z_arm_cpu_idle_init
 .text.arch_cpu_idle
                0x000000000800257c       0x10 zephyr/arch/arch/arm/core/aarch32/libarch__arm__core__aarch32.a(cpu_idle.S.obj)
                0x000000000800257c                arch_cpu_idle
 .text.arch_irq_enable
                0x000000000800258c       0x18 zephyr/arch/arch/arm/core/aarch32/libarch__arm__core__aarch32.a(irq_manage.c.obj)
                0x000000000800258c                arch_irq_enable
 .text.z_arm_irq_priority_set
                0x00000000080025a4       0x54 zephyr/arch/arch/arm/core/aarch32/libarch__arm__core__aarch32.a(irq_manage.c.obj)
                0x00000000080025a4                z_arm_irq_priority_set
 .text.z_SysNmiOnReset
                0x00000000080025f8        0x4 zephyr/arch/arch/arm/core/aarch32/libarch__arm__core__aarch32.a(nmi_on_reset.S.obj)
                0x00000000080025f8                z_SysNmiOnReset
 .text.arch_swap
                0x00000000080025fc       0x30 zephyr/arch/arch/arm/core/aarch32/libarch__arm__core__aarch32.a(swap.c.obj)
                0x00000000080025fc                arch_swap
 .text.z_arm_pendsv
                0x000000000800262c       0x70 zephyr/arch/arch/arm/core/aarch32/libarch__arm__core__aarch32.a(swap_helper.S.obj)
                0x000000000800262c                z_arm_pendsv
 .text.z_arm_svc
                0x000000000800269c       0x24 zephyr/arch/arch/arm/core/aarch32/libarch__arm__core__aarch32.a(swap_helper.S.obj)
                0x000000000800269c                z_arm_svc
 .text.arch_new_thread
                0x00000000080026c0       0x2c zephyr/arch/arch/arm/core/aarch32/libarch__arm__core__aarch32.a(thread.c.obj)
                0x00000000080026c0                arch_new_thread
 .text.arch_switch_to_main_thread
                0x00000000080026ec       0x28 zephyr/arch/arch/arm/core/aarch32/libarch__arm__core__aarch32.a(thread.c.obj)
                0x00000000080026ec                arch_switch_to_main_thread
 .text._isr_wrapper
                0x0000000008002714       0x28 zephyr/arch/arch/arm/core/aarch32/libarch__arm__core__aarch32.a(isr_wrapper.S.obj)
                0x0000000008002714                _isr_wrapper
 .text.arch_tls_stack_setup
                0x000000000800273c       0x68 zephyr/arch/arch/arm/core/aarch32/libarch__arm__core__aarch32.a(tls.c.obj)
                0x000000000800273c                arch_tls_stack_setup
 .text._HandlerModeExit
                0x00000000080027a4       0x20 zephyr/arch/arch/arm/core/aarch32/cortex_m/libarch__arm__core__aarch32__cortex_m.a(exc_exit.S.obj)
                0x00000000080027a4                z_arm_exc_exit
                0x00000000080027a4                z_arm_int_exit
 .text.z_arm_fault
                0x00000000080027c4       0xa8 zephyr/arch/arch/arm/core/aarch32/cortex_m/libarch__arm__core__aarch32__cortex_m.a(fault.c.obj)
                0x00000000080027c4                z_arm_fault
 .text.__fault  0x000000000800286c       0x14 zephyr/arch/arch/arm/core/aarch32/cortex_m/libarch__arm__core__aarch32__cortex_m.a(fault_s.S.obj)
                0x000000000800286c                z_arm_exc_spurious
                0x000000000800286c                z_arm_hard_fault
 .text.z_arm_interrupt_init
                0x0000000008002880       0x30 zephyr/arch/arch/arm/core/aarch32/cortex_m/libarch__arm__core__aarch32__cortex_m.a(irq_init.c.obj)
                0x0000000008002880                z_arm_interrupt_init
 .text._reset_section
                0x00000000080028b0       0x28 zephyr/arch/arch/arm/core/aarch32/cortex_m/libarch__arm__core__aarch32__cortex_m.a(reset.S.obj)
                0x00000000080028b0                z_arm_reset
                0x00000000080028b0                __start
 .text.z_impl_k_thread_abort
                0x00000000080028d8       0x38 zephyr/arch/arch/arm/core/aarch32/cortex_m/libarch__arm__core__aarch32__cortex_m.a(thread_abort.c.obj)
                0x00000000080028d8                z_impl_k_thread_abort
 .text.z_impl_zephyr_fputc
                0x0000000008002910       0x10 zephyr/lib/libc/picolibc/liblib__libc__picolibc.a(libc-hooks.c.obj)
                0x0000000008002910                z_impl_zephyr_fputc
 .text.__stdout_hook_install
                0x0000000008002920       0x18 zephyr/lib/libc/picolibc/liblib__libc__picolibc.a(libc-hooks.c.obj)
                0x0000000008002920                __stdout_hook_install
 .text.malloc_prepare
                0x0000000008002938       0x24 zephyr/lib/libc/common/liblib__libc__common.a(malloc.c.obj)
 .text.sys_mutex_unlock.constprop.0.isra.0
                0x000000000800295c       0x10 zephyr/lib/libc/common/liblib__libc__common.a(malloc.c.obj)
 .text.malloc   0x000000000800296c       0x40 zephyr/lib/libc/common/liblib__libc__common.a(malloc.c.obj)
                0x000000000800296c                malloc
 .text.free     0x00000000080029ac       0x28 zephyr/lib/libc/common/liblib__libc__common.a(malloc.c.obj)
                0x00000000080029ac                free
 .text.stm32_exti_isr
                0x00000000080029d4       0x44 zephyr/drivers/interrupt_controller/libdrivers__interrupt_controller.a(intc_exti_stm32.c.obj)
 .text.stm32_exti_init
                0x0000000008002a18       0x40 zephyr/drivers/interrupt_controller/libdrivers__interrupt_controller.a(intc_exti_stm32.c.obj)
 .text.stm32_exti_enable
                0x0000000008002a58       0x24 zephyr/drivers/interrupt_controller/libdrivers__interrupt_controller.a(intc_exti_stm32.c.obj)
                0x0000000008002a58                stm32_exti_enable
 .text.stm32_exti_disable
                0x0000000008002a7c       0x18 zephyr/drivers/interrupt_controller/libdrivers__interrupt_controller.a(intc_exti_stm32.c.obj)
                0x0000000008002a7c                stm32_exti_disable
 .text.stm32_exti_trigger
                0x0000000008002a94       0x54 zephyr/drivers/interrupt_controller/libdrivers__interrupt_controller.a(intc_exti_stm32.c.obj)
                0x0000000008002a94                stm32_exti_trigger
 .text.stm32_exti_set_callback
                0x0000000008002ae8       0x2c zephyr/drivers/interrupt_controller/libdrivers__interrupt_controller.a(intc_exti_stm32.c.obj)
                0x0000000008002ae8                stm32_exti_set_callback
 .text.stm32_exti_unset_callback
                0x0000000008002b14       0x14 zephyr/drivers/interrupt_controller/libdrivers__interrupt_controller.a(intc_exti_stm32.c.obj)
                0x0000000008002b14                stm32_exti_unset_callback
 .text.adc_stm32_disable
                0x0000000008002b28       0x3c zephyr/drivers/adc/libdrivers__adc.a(adc_stm32.c.obj)
 .text.adc_stm32_channel_setup
                0x0000000008002b64       0xa4 zephyr/drivers/adc/libdrivers__adc.a(adc_stm32.c.obj)
 .text.adc_stm32_calib.isra.0
                0x0000000008002c08       0x1c zephyr/drivers/adc/libdrivers__adc.a(adc_stm32.c.obj)
 .text.adc_context_start_sampling
                0x0000000008002c24       0x28 zephyr/drivers/adc/libdrivers__adc.a(adc_stm32.c.obj)
 .text.adc_stm32_enable
                0x0000000008002c4c       0x48 zephyr/drivers/adc/libdrivers__adc.a(adc_stm32.c.obj)
 .text.adc_stm32_read
                0x0000000008002c94      0x260 zephyr/drivers/adc/libdrivers__adc.a(adc_stm32.c.obj)
 .text.adc_stm32_isr
                0x0000000008002ef4      0x120 zephyr/drivers/adc/libdrivers__adc.a(adc_stm32.c.obj)
 .text.adc_stm32_init
                0x0000000008003014       0xb8 zephyr/drivers/adc/libdrivers__adc.a(adc_stm32.c.obj)
 .text.stm32_clock_control_on
                0x00000000080030cc       0x24 zephyr/drivers/clock_control/libdrivers__clock_control.a(clock_stm32_ll_common.c.obj)
 .text.stm32_clock_control_off
                0x00000000080030f0       0x24 zephyr/drivers/clock_control/libdrivers__clock_control.a(clock_stm32_ll_common.c.obj)
 .text.stm32_clock_control_get_status
                0x0000000008003114       0x30 zephyr/drivers/clock_control/libdrivers__clock_control.a(clock_stm32_ll_common.c.obj)
 .text.stm32_clock_control_get_subsys_rate
                0x0000000008003144       0x60 zephyr/drivers/clock_control/libdrivers__clock_control.a(clock_stm32_ll_common.c.obj)
 .text.stm32_clock_control_init
                0x00000000080031a4      0x130 zephyr/drivers/clock_control/libdrivers__clock_control.a(clock_stm32_ll_common.c.obj)
                0x00000000080031a4                stm32_clock_control_init
 .text.stm32_clock_control_configure
                0x00000000080032d4       0x58 zephyr/drivers/clock_control/libdrivers__clock_control.a(clock_stm32_ll_common.c.obj)
 .text.config_pll_sysclock
                0x000000000800332c       0x24 zephyr/drivers/clock_control/libdrivers__clock_control.a(clock_stm32f0_f3.c.obj)
                0x000000000800332c                config_pll_sysclock
 .text.get_pllout_frequency
                0x0000000008003350        0x8 zephyr/drivers/clock_control/libdrivers__clock_control.a(clock_stm32f0_f3.c.obj)
                0x0000000008003350                get_pllout_frequency
 .text.config_enable_default_clocks
                0x0000000008003358       0x30 zephyr/drivers/clock_control/libdrivers__clock_control.a(clock_stm32f0_f3.c.obj)
                0x0000000008003358                config_enable_default_clocks
 .text.uart_console_init
                0x0000000008003388       0x2c zephyr/drivers/console/libdrivers__console.a(uart_console.c.obj)
 .text.console_out
                0x00000000080033b4       0x28 zephyr/drivers/console/libdrivers__console.a(uart_console.c.obj)
 .text.gpio_stm32_init
                0x00000000080033dc       0x34 zephyr/drivers/gpio/libdrivers__gpio.a(gpio_stm32.c.obj)
 .text.gpio_stm32_pin_interrupt_configure
                0x0000000008003410       0xc0 zephyr/drivers/gpio/libdrivers__gpio.a(gpio_stm32.c.obj)
 .text.msg_init
                0x00000000080034d0       0xb0 zephyr/drivers/i2c/libdrivers__i2c.a(i2c_ll_stm32_v2.c.obj)
 .text.stm32_i2c_combined_isr
                0x0000000008003580       0xc0 zephyr/drivers/i2c/libdrivers__i2c.a(i2c_ll_stm32_v2.c.obj)
                0x0000000008003580                stm32_i2c_combined_isr
 .text.stm32_i2c_configure_timing
                0x0000000008003640      0x150 zephyr/drivers/i2c/libdrivers__i2c.a(i2c_ll_stm32_v2.c.obj)
                0x0000000008003640                stm32_i2c_configure_timing
 .text.stm32_i2c_transaction
                0x0000000008003790      0x164 zephyr/drivers/i2c/libdrivers__i2c.a(i2c_ll_stm32_v2.c.obj)
                0x0000000008003790                stm32_i2c_transaction
 .text.i2c_stm32_runtime_configure
                0x00000000080038f4       0x70 zephyr/drivers/i2c/libdrivers__i2c.a(i2c_ll_stm32.c.obj)
                0x00000000080038f4                i2c_stm32_runtime_configure
 .text.i2c_stm32_init
                0x0000000008003964       0xe0 zephyr/drivers/i2c/libdrivers__i2c.a(i2c_ll_stm32.c.obj)
 .text.pinctrl_configure_pins
                0x0000000008003a44       0x8c zephyr/drivers/pinctrl/libdrivers__pinctrl.a(pinctrl_stm32.c.obj)
                0x0000000008003a44                pinctrl_configure_pins
 .text.bme280_channel_get
                0x0000000008003ad0       0x84 zephyr/drivers/sensor/bme280/libdrivers__sensor__bme280.a(bme280.c.obj)
 .text.bme280_sample_fetch
                0x0000000008003b54      0x270 zephyr/drivers/sensor/bme280/libdrivers__sensor__bme280.a(bme280.c.obj)
 .text.stm32_temp_channel_get
                0x0000000008003dc4      0x120 zephyr/drivers/sensor/stm32_temp/libdrivers__sensor__stm32_temp.a(stm32_temp.c.obj)
 .text.stm32_vref_channel_get
                0x0000000008003ee4       0xc8 zephyr/drivers/sensor/stm32_vref/libdrivers__sensor__stm32_vref.a(stm32_vref.c.obj)
 .text.uart_stm32_set_baudrate
                0x0000000008003fac       0x40 zephyr/drivers/serial/libdrivers__serial.a(uart_stm32.c.obj)
 .text.uart_stm32_irq_err_disable
                0x0000000008003fec       0x38 zephyr/drivers/serial/libdrivers__serial.a(uart_stm32.c.obj)
 .text.uart_stm32_parameters_set
                0x0000000008004024      0x140 zephyr/drivers/serial/libdrivers__serial.a(uart_stm32.c.obj)
 .text.uart_stm32_configure
                0x0000000008004164       0xcc zephyr/drivers/serial/libdrivers__serial.a(uart_stm32.c.obj)
 .text.uart_stm32_init
                0x0000000008004230      0x170 zephyr/drivers/serial/libdrivers__serial.a(uart_stm32.c.obj)
 .text.uart_stm32_config_get
                0x00000000080043a0       0x94 zephyr/drivers/serial/libdrivers__serial.a(uart_stm32.c.obj)
 .text.elapsed  0x0000000008004434       0x38 zephyr/drivers/timer/libdrivers__timer.a(cortex_m_systick.c.obj)
 .text.sys_clock_driver_init
                0x000000000800446c       0x3c zephyr/drivers/timer/libdrivers__timer.a(cortex_m_systick.c.obj)
 .text.sys_clock_isr
                0x00000000080044a8       0x44 zephyr/drivers/timer/libdrivers__timer.a(cortex_m_systick.c.obj)
                0x00000000080044a8                sys_clock_isr
 .text.sys_clock_set_timeout
                0x00000000080044ec       0xf0 zephyr/drivers/timer/libdrivers__timer.a(cortex_m_systick.c.obj)
                0x00000000080044ec                sys_clock_set_timeout
 .text.sys_clock_elapsed
                0x00000000080045dc       0x34 zephyr/drivers/timer/libdrivers__timer.a(cortex_m_systick.c.obj)
                0x00000000080045dc                sys_clock_elapsed
 .text.sys_clock_cycle_get_32
                0x0000000008004610       0x24 zephyr/drivers/timer/libdrivers__timer.a(cortex_m_systick.c.obj)
                0x0000000008004610                sys_clock_cycle_get_32
 .text.rtc_stm32_get_time
                0x0000000008004634       0xa4 zephyr/drivers/rtc/libdrivers__rtc.a(rtc_ll_stm32.c.obj)
 .text.rtc_stm32_set_time
                0x00000000080046d8      0x158 zephyr/drivers/rtc/libdrivers__rtc.a(rtc_ll_stm32.c.obj)
 .text.rtc_stm32_init
                0x0000000008004830       0x88 zephyr/drivers/rtc/libdrivers__rtc.a(rtc_ll_stm32.c.obj)
 .text.HAL_RCC_GetSysClockFreq
                0x00000000080048b8       0x4c modules/stm32/stm32cube/lib..__modules__hal__stm32__stm32cube.a(stm32f0xx_hal_rcc.c.obj)
                0x00000000080048b8                HAL_RCC_GetSysClockFreq
 .text.LL_RTC_EnterInitMode
                0x0000000008004904       0x54 modules/stm32/stm32cube/lib..__modules__hal__stm32__stm32cube.a(stm32f0xx_ll_rtc.c.obj)
                0x0000000008004904                LL_RTC_EnterInitMode
 .text.LL_RTC_Init
                0x0000000008004958       0x50 modules/stm32/stm32cube/lib..__modules__hal__stm32__stm32cube.a(stm32f0xx_ll_rtc.c.obj)
                0x0000000008004958                LL_RTC_Init
 .text.LL_SetFlashLatency
                0x00000000080049a8       0x38 modules/stm32/stm32cube/lib..__modules__hal__stm32__stm32cube.a(stm32f0xx_ll_utils.c.obj)
                0x00000000080049a8                LL_SetFlashLatency
 .text.z_impl_k_busy_wait
                0x00000000080049e0       0x38 zephyr/kernel/libkernel.a(busy_wait.c.obj)
                0x00000000080049e0                z_impl_k_busy_wait
 .text.z_fatal_error
                0x0000000008004a18       0x30 zephyr/kernel/libkernel.a(fatal.c.obj)
                0x0000000008004a18                z_fatal_error
 .text.z_sys_init_run_level
                0x0000000008004a48       0x54 zephyr/kernel/libkernel.a(init.c.obj)
 .text.bg_thread_main
                0x0000000008004a9c       0x34 zephyr/kernel/libkernel.a(init.c.obj)
 .text.z_bss_zero
                0x0000000008004ad0       0x18 zephyr/kernel/libkernel.a(init.c.obj)
                0x0000000008004ad0                z_bss_zero
 .text.z_init_cpu
                0x0000000008004ae8       0x74 zephyr/kernel/libkernel.a(init.c.obj)
                0x0000000008004ae8                z_init_cpu
 .text.z_cstart
                0x0000000008004b5c       0xb0 zephyr/kernel/libkernel.a(init.c.obj)
                0x0000000008004b5c                z_cstart
 .text.z_setup_new_thread
                0x0000000008004c0c       0x70 zephyr/kernel/libkernel.a(thread.c.obj)
                0x0000000008004c0c                z_setup_new_thread
 .text.z_init_static_threads
                0x0000000008004c7c       0x90 zephyr/kernel/libkernel.a(thread.c.obj)
                0x0000000008004c7c                z_init_static_threads
 .text.z_impl_k_msgq_put
                0x0000000008004d0c       0x9c zephyr/kernel/libkernel.a(msg_q.c.obj)
                0x0000000008004d0c                z_impl_k_msgq_put
 .text.z_impl_k_msgq_get
                0x0000000008004da8       0xa8 zephyr/kernel/libkernel.a(msg_q.c.obj)
                0x0000000008004da8                z_impl_k_msgq_get
 .text.z_impl_k_mutex_lock
                0x0000000008004e50       0xf0 zephyr/kernel/libkernel.a(mutex.c.obj)
                0x0000000008004e50                z_impl_k_mutex_lock
 .text.z_impl_k_mutex_unlock
                0x0000000008004f40       0x74 zephyr/kernel/libkernel.a(mutex.c.obj)
                0x0000000008004f40                z_impl_k_mutex_unlock
 .text.z_impl_k_sem_give
                0x0000000008004fb4       0x44 zephyr/kernel/libkernel.a(sem.c.obj)
                0x0000000008004fb4                z_impl_k_sem_give
 .text.z_impl_k_sem_take
                0x0000000008004ff8       0x4c zephyr/kernel/libkernel.a(sem.c.obj)
                0x0000000008004ff8                z_impl_k_sem_take
 .text.sliceable
                0x0000000008005044       0x40 zephyr/kernel/libkernel.a(sched.c.obj)
 .text.slice_timeout
                0x0000000008005084       0x20 zephyr/kernel/libkernel.a(sched.c.obj)
 .text.z_reset_time_slice
                0x00000000080050a4       0x4c zephyr/kernel/libkernel.a(sched.c.obj)
                0x00000000080050a4                z_reset_time_slice
 .text.update_cache
                0x00000000080050f0       0x44 zephyr/kernel/libkernel.a(sched.c.obj)
 .text.move_thread_to_end_of_prio_q
                0x0000000008005134       0x78 zephyr/kernel/libkernel.a(sched.c.obj)
 .text.ready_thread
                0x00000000080051ac       0x6c zephyr/kernel/libkernel.a(sched.c.obj)
 .text.unready_thread
                0x0000000008005218       0x2c zephyr/kernel/libkernel.a(sched.c.obj)
 .text.pend_locked
                0x0000000008005244       0x2c zephyr/kernel/libkernel.a(sched.c.obj)
 .text.z_time_slice
                0x0000000008005270       0x58 zephyr/kernel/libkernel.a(sched.c.obj)
                0x0000000008005270                z_time_slice
 .text.z_pend_curr
                0x00000000080052c8       0x30 zephyr/kernel/libkernel.a(sched.c.obj)
                0x00000000080052c8                z_pend_curr
 .text.z_set_prio
                0x00000000080052f8       0x8c zephyr/kernel/libkernel.a(sched.c.obj)
                0x00000000080052f8                z_set_prio
 .text.z_reschedule
                0x0000000008005384       0x2c zephyr/kernel/libkernel.a(sched.c.obj)
                0x0000000008005384                z_reschedule
 .text.z_sched_start
                0x00000000080053b0       0x34 zephyr/kernel/libkernel.a(sched.c.obj)
                0x00000000080053b0                z_sched_start
 .text.z_impl_k_thread_suspend
                0x00000000080053e4       0x58 zephyr/kernel/libkernel.a(sched.c.obj)
                0x00000000080053e4                z_impl_k_thread_suspend
 .text.k_sched_lock
                0x000000000800543c       0x20 zephyr/kernel/libkernel.a(sched.c.obj)
                0x000000000800543c                k_sched_lock
 .text.k_sched_unlock
                0x000000000800545c       0x2c zephyr/kernel/libkernel.a(sched.c.obj)
                0x000000000800545c                k_sched_unlock
 .text.z_sched_init
                0x0000000008005488       0x14 zephyr/kernel/libkernel.a(sched.c.obj)
                0x0000000008005488                z_sched_init
 .text.z_impl_k_yield
                0x000000000800549c       0x78 zephyr/kernel/libkernel.a(sched.c.obj)
                0x000000000800549c                z_impl_k_yield
 .text.z_tick_sleep
                0x0000000008005514       0x8c zephyr/kernel/libkernel.a(sched.c.obj)
 .text.z_impl_k_sleep
                0x00000000080055a0       0x30 zephyr/kernel/libkernel.a(sched.c.obj)
                0x00000000080055a0                z_impl_k_sleep
 .text.z_impl_z_current_get
                0x00000000080055d0        0xc zephyr/kernel/libkernel.a(sched.c.obj)
                0x00000000080055d0                z_impl_z_current_get
 .text.z_thread_abort
                0x00000000080055dc       0xb8 zephyr/kernel/libkernel.a(sched.c.obj)
                0x00000000080055dc                z_thread_abort
 .text.z_data_copy
                0x0000000008005694       0x34 zephyr/kernel/libkernel.a(xip.c.obj)
                0x0000000008005694                z_data_copy
 .text.elapsed  0x00000000080056c8       0x18 zephyr/kernel/libkernel.a(timeout.c.obj)
 .text.next_timeout
                0x00000000080056e0       0x44 zephyr/kernel/libkernel.a(timeout.c.obj)
 .text.remove_timeout
                0x0000000008005724       0x38 zephyr/kernel/libkernel.a(timeout.c.obj)
 .text.z_add_timeout
                0x000000000800575c       0xdc zephyr/kernel/libkernel.a(timeout.c.obj)
                0x000000000800575c                z_add_timeout
 .text.sys_clock_announce
                0x0000000008005838       0xdc zephyr/kernel/libkernel.a(timeout.c.obj)
                0x0000000008005838                sys_clock_announce
 .text.sys_clock_tick_get
                0x0000000008005914       0x2c zephyr/kernel/libkernel.a(timeout.c.obj)
                0x0000000008005914                sys_clock_tick_get
 .text.z_timer_expiration_handler
                0x0000000008005940       0xe8 zephyr/kernel/libkernel.a(timer.c.obj)
                0x0000000008005940                z_timer_expiration_handler
 .text.z_impl_k_timer_start
                0x0000000008005a28       0x5c zephyr/kernel/libkernel.a(timer.c.obj)
                0x0000000008005a28                z_impl_k_timer_start
 .text.boot_banner
                0x0000000008005a84       0x10 zephyr/kernel/libkernel.a(banner.c.obj)
                0x0000000008005a84                boot_banner
 .text.statics_init
                0x0000000008005a94       0x24 zephyr/kernel/libkernel.a(kheap.c.obj)
 .text.asctime  0x0000000008005ab8       0x18 /Users/dinordi/zephyr-sdk-0.16.1/arm-zephyr-eabi/bin/../lib/gcc/../../picolibc/arm-zephyr-eabi/lib/thumb/v6-m/nofp/libc.a(libc_time_asctime.c.o)
                0x0000000008005ab8                asctime
 .text.asctime_r
                0x0000000008005ad0       0x50 /Users/dinordi/zephyr-sdk-0.16.1/arm-zephyr-eabi/bin/../lib/gcc/../../picolibc/arm-zephyr-eabi/lib/thumb/v6-m/nofp/libc.a(libc_time_asctime_r.c.o)
                0x0000000008005ad0                asctime_r
 .text.validate_structure
                0x0000000008005b20      0x14c /Users/dinordi/zephyr-sdk-0.16.1/arm-zephyr-eabi/bin/../lib/gcc/../../picolibc/arm-zephyr-eabi/lib/thumb/v6-m/nofp/libc.a(libc_time_mktime.c.o)
 .text.mktime_utc
                0x0000000008005c6c       0xc8 /Users/dinordi/zephyr-sdk-0.16.1/arm-zephyr-eabi/bin/../lib/gcc/../../picolibc/arm-zephyr-eabi/lib/thumb/v6-m/nofp/libc.a(libc_time_mktime.c.o)
 .text.mktime   0x0000000008005d34      0x1c8 /Users/dinordi/zephyr-sdk-0.16.1/arm-zephyr-eabi/bin/../lib/gcc/../../picolibc/arm-zephyr-eabi/lib/thumb/v6-m/nofp/libc.a(libc_time_mktime.c.o)
                0x0000000008005d34                mktime
 .text.__tzcalc_limits
                0x0000000008005efc      0x178 /Users/dinordi/zephyr-sdk-0.16.1/arm-zephyr-eabi/bin/../lib/gcc/../../picolibc/arm-zephyr-eabi/lib/thumb/v6-m/nofp/libc.a(libc_time_tzcalc_limits.c.o)
                0x0000000008005efc                __tzcalc_limits
 .text._tzset_unlocked
                0x0000000008006074      0x430 /Users/dinordi/zephyr-sdk-0.16.1/arm-zephyr-eabi/bin/../lib/gcc/../../picolibc/arm-zephyr-eabi/lib/thumb/v6-m/nofp/libc.a(libc_time_tzset.c.o)
                0x0000000008006074                _tzset_unlocked
 .text.snprintf
                0x00000000080064a4       0x5c /Users/dinordi/zephyr-sdk-0.16.1/arm-zephyr-eabi/bin/../lib/gcc/../../picolibc/arm-zephyr-eabi/lib/thumb/v6-m/nofp/libc.a(libc_tinystdio_snprintf.c.o)
                0x00000000080064a4                snprintf
 .text.sprintf  0x0000000008006500       0x50 /Users/dinordi/zephyr-sdk-0.16.1/arm-zephyr-eabi/bin/../lib/gcc/../../picolibc/arm-zephyr-eabi/lib/thumb/v6-m/nofp/libc.a(libc_tinystdio_sprintf.c.o)
                0x0000000008006500                sprintf
 .text.sscanf   0x0000000008006550       0x3c /Users/dinordi/zephyr-sdk-0.16.1/arm-zephyr-eabi/bin/../lib/gcc/../../picolibc/arm-zephyr-eabi/lib/thumb/v6-m/nofp/libc.a(libc_tinystdio_sscanf.c.o)
                0x0000000008006550                sscanf
 .text.strtoul  0x000000000800658c      0x118 /Users/dinordi/zephyr-sdk-0.16.1/arm-zephyr-eabi/bin/../lib/gcc/../../picolibc/arm-zephyr-eabi/lib/thumb/v6-m/nofp/libc.a(libc_tinystdio_strtoul.c.o)
                0x000000000800658c                strtoul
 .text.__ultoa_invert
                0x00000000080066a4       0x40 /Users/dinordi/zephyr-sdk-0.16.1/arm-zephyr-eabi/bin/../lib/gcc/../../picolibc/arm-zephyr-eabi/lib/thumb/v6-m/nofp/libc.a(libc_tinystdio_vfiprintf.c.o)
 .text.__i_vfprintf
                0x00000000080066e4      0x478 /Users/dinordi/zephyr-sdk-0.16.1/arm-zephyr-eabi/bin/../lib/gcc/../../picolibc/arm-zephyr-eabi/lib/thumb/v6-m/nofp/libc.a(libc_tinystdio_vfiprintf.c.o)
                0x00000000080066e4                __i_vfprintf
 .text.__i_vfscanf
                0x0000000008006b5c      0x430 /Users/dinordi/zephyr-sdk-0.16.1/arm-zephyr-eabi/bin/../lib/gcc/../../picolibc/arm-zephyr-eabi/lib/thumb/v6-m/nofp/libc.a(libc_tinystdio_vfiscanf.c.o)
                0x0000000008006b5c                __i_vfscanf
 .text._findenv
                0x0000000008006f8c       0x7c /Users/dinordi/zephyr-sdk-0.16.1/arm-zephyr-eabi/bin/../lib/gcc/../../picolibc/arm-zephyr-eabi/lib/thumb/v6-m/nofp/libc.a(libc_stdlib_getenv_r.c.o)
                0x0000000008006f8c                _findenv
 .text.__gettzinfo
                0x0000000008007008        0x8 /Users/dinordi/zephyr-sdk-0.16.1/arm-zephyr-eabi/bin/../lib/gcc/../../picolibc/arm-zephyr-eabi/lib/thumb/v6-m/nofp/libc.a(libc_time_gettzinfo.c.o)
                0x0000000008007008                __gettzinfo
 .text._OffsetAbsSyms
                0x0000000008007010        0x2 zephyr/CMakeFiles/offsets.dir/./arch/arm/core/offsets/offsets.c.obj
                0x0000000008007010                _OffsetAbsSyms
 .text.eeprom_24lc64_size
                0x0000000008007012        0x6 app/libapp.a(eeprom_24lc64.c.obj)
 .text.eeprom_24lc64_read
                0x0000000008007018       0x44 app/libapp.a(eeprom_24lc64.c.obj)
 .text.eeprom_24lc64_init
                0x000000000800705c        0xe app/libapp.a(eeprom_24lc64.c.obj)
 .text.eeprom_24lc64_write
                0x000000000800706a       0x40 app/libapp.a(eeprom_24lc64.c.obj)
 .text.main     0x00000000080070aa        0x8 app/libapp.a(main.c.obj)
                0x00000000080070aa                main
 .text.arch_printk_char_out
                0x00000000080070b2        0x4 zephyr/libzephyr.a(printk.c.obj)
                0x00000000080070b2                arch_printk_char_out
 .text.printk   0x00000000080070b6       0x16 zephyr/libzephyr.a(printk.c.obj)
                0x00000000080070b6                printk
 .text.chunk_size
                0x00000000080070cc        0xa zephyr/libzephyr.a(heap.c.obj)
 .text.free_list_add
                0x00000000080070d6       0x4e zephyr/libzephyr.a(heap.c.obj)
 .text.free_list_remove_bidx
                0x0000000008007124       0x36 zephyr/libzephyr.a(heap.c.obj)
 .text.free_list_remove
                0x000000000800715a       0x1c zephyr/libzephyr.a(heap.c.obj)
 .text.alloc_chunk
                0x0000000008007176       0x7e zephyr/libzephyr.a(heap.c.obj)
 .text.merge_chunks
                0x00000000080071f4       0x30 zephyr/libzephyr.a(heap.c.obj)
 .text.split_chunks
                0x0000000008007224       0x34 zephyr/libzephyr.a(heap.c.obj)
 .text.free_chunk
                0x0000000008007258       0x60 zephyr/libzephyr.a(heap.c.obj)
 .text.sys_heap_free
                0x00000000080072b8       0x20 zephyr/libzephyr.a(heap.c.obj)
                0x00000000080072b8                sys_heap_free
 .text.sys_heap_alloc
                0x00000000080072d8       0x56 zephyr/libzephyr.a(heap.c.obj)
                0x00000000080072d8                sys_heap_alloc
 .text.sys_heap_aligned_alloc
                0x000000000800732e       0xc8 zephyr/libzephyr.a(heap.c.obj)
                0x000000000800732e                sys_heap_aligned_alloc
 .text.sys_heap_init
                0x00000000080073f6       0x74 zephyr/libzephyr.a(heap.c.obj)
                0x00000000080073f6                sys_heap_init
 .text._ConfigAbsSyms
                0x000000000800746a        0x2 zephyr/libzephyr.a(configs.c.obj)
                0x000000000800746a                _ConfigAbsSyms
 .text.relocate_vector_table
                0x000000000800746c        0x2 zephyr/libzephyr.a(soc.c.obj)
                0x000000000800746c                relocate_vector_table
 .text.st_stm32_common_config
                0x000000000800746e        0x4 zephyr/libzephyr.a(soc_config.c.obj)
 .text.z_arm_fatal_error
                0x0000000008007472        0x8 zephyr/arch/arch/arm/core/aarch32/libarch__arm__core__aarch32.a(fatal.c.obj)
                0x0000000008007472                z_arm_fatal_error
 .text.z_do_kernel_oops
                0x000000000800747a        0xc zephyr/arch/arch/arm/core/aarch32/libarch__arm__core__aarch32.a(fatal.c.obj)
                0x000000000800747a                z_do_kernel_oops
 .text.z_irq_spurious
                0x0000000008007486        0xc zephyr/arch/arch/arm/core/aarch32/libarch__arm__core__aarch32.a(irq_manage.c.obj)
                0x0000000008007486                z_irq_spurious
 .text.z_arm_nmi
                0x0000000008007492        0xc zephyr/arch/arch/arm/core/aarch32/libarch__arm__core__aarch32.a(nmi.c.obj)
                0x0000000008007492                z_arm_nmi
 .text.z_arm_prep_c
                0x000000000800749e       0x16 zephyr/arch/arch/arm/core/aarch32/libarch__arm__core__aarch32.a(prep_c.c.obj)
                0x000000000800749e                z_arm_prep_c
 .text.z_arm_fault_init
                0x00000000080074b4        0x2 zephyr/arch/arch/arm/core/aarch32/cortex_m/libarch__arm__core__aarch32__cortex_m.a(fault.c.obj)
                0x00000000080074b4                z_arm_fault_init
 .text.picolibc_put
                0x00000000080074b6        0xa zephyr/lib/libc/picolibc/liblib__libc__picolibc.a(libc-hooks.c.obj)
 .text.__retarget_lock_acquire_recursive
                0x00000000080074c0        0xe zephyr/lib/libc/picolibc/liblib__libc__picolibc.a(libc-hooks.c.obj)
                0x00000000080074c0                __retarget_lock_acquire_recursive
 .text.__retarget_lock_release_recursive
                0x00000000080074ce        0x8 zephyr/lib/libc/picolibc/liblib__libc__picolibc.a(libc-hooks.c.obj)
                0x00000000080074ce                __retarget_lock_release_recursive
 .text.adc_stm32_cfg_func_0
                0x00000000080074d6       0x14 zephyr/drivers/adc/libdrivers__adc.a(adc_stm32.c.obj)
 .text.adc_context_on_timer_expired
                0x00000000080074ea       0x22 zephyr/drivers/adc/libdrivers__adc.a(adc_stm32.c.obj)
 .text.gpio_stm32_port_get_raw
                0x000000000800750c        0xc zephyr/drivers/gpio/libdrivers__gpio.a(gpio_stm32.c.obj)
 .text.gpio_stm32_port_set_masked_raw
                0x0000000008007518       0x12 zephyr/drivers/gpio/libdrivers__gpio.a(gpio_stm32.c.obj)
 .text.gpio_stm32_port_set_bits_raw
                0x000000000800752a        0xa zephyr/drivers/gpio/libdrivers__gpio.a(gpio_stm32.c.obj)
 .text.gpio_stm32_port_clear_bits_raw
                0x0000000008007534        0xa zephyr/drivers/gpio/libdrivers__gpio.a(gpio_stm32.c.obj)
 .text.gpio_stm32_port_toggle_bits
                0x000000000800753e        0xe zephyr/drivers/gpio/libdrivers__gpio.a(gpio_stm32.c.obj)
 .text.gpio_stm32_manage_callback
                0x000000000800754c       0x58 zephyr/drivers/gpio/libdrivers__gpio.a(gpio_stm32.c.obj)
 .text.gpio_stm32_configure_raw.isra.0
                0x00000000080075a4       0xa2 zephyr/drivers/gpio/libdrivers__gpio.a(gpio_stm32.c.obj)
 .text.gpio_stm32_config
                0x0000000008007646       0x70 zephyr/drivers/gpio/libdrivers__gpio.a(gpio_stm32.c.obj)
 .text.gpio_stm32_isr
                0x00000000080076b6       0x34 zephyr/drivers/gpio/libdrivers__gpio.a(gpio_stm32.c.obj)
 .text.gpio_stm32_configure
                0x00000000080076ea       0x2a zephyr/drivers/gpio/libdrivers__gpio.a(gpio_stm32.c.obj)
                0x00000000080076ea                gpio_stm32_configure
 .text.stm32_i2c_enable_transfer_interrupts.isra.0
                0x0000000008007714       0x24 zephyr/drivers/i2c/libdrivers__i2c.a(i2c_ll_stm32_v2.c.obj)
 .text.stm32_i2c_disable_transfer_interrupts.isra.0
                0x0000000008007738       0x34 zephyr/drivers/i2c/libdrivers__i2c.a(i2c_ll_stm32_v2.c.obj)
 .text.stm32_i2c_master_mode_end
                0x000000000800776c       0x1e zephyr/drivers/i2c/libdrivers__i2c.a(i2c_ll_stm32_v2.c.obj)
 .text.i2c_stm32_irq_config_func_0
                0x000000000800778a       0x14 zephyr/drivers/i2c/libdrivers__i2c.a(i2c_ll_stm32.c.obj)
 .text.i2c_stm32_irq_config_func_1
                0x000000000800779e       0x14 zephyr/drivers/i2c/libdrivers__i2c.a(i2c_ll_stm32.c.obj)
 .text.i2c_stm32_transfer
                0x00000000080077b2       0x9e zephyr/drivers/i2c/libdrivers__i2c.a(i2c_ll_stm32.c.obj)
 .text.pinctrl_lookup_state
                0x0000000008007850       0x26 zephyr/drivers/pinctrl/libdrivers__pinctrl.a(common.c.obj)
                0x0000000008007850                pinctrl_lookup_state
 .text.reset_stm32_status
                0x0000000008007876       0x20 zephyr/drivers/reset/libdrivers__reset.a(reset_stm32.c.obj)
 .text.reset_stm32_line_assert
                0x0000000008007896       0x1c zephyr/drivers/reset/libdrivers__reset.a(reset_stm32.c.obj)
 .text.reset_stm32_line_deassert
                0x00000000080078b2       0x1c zephyr/drivers/reset/libdrivers__reset.a(reset_stm32.c.obj)
 .text.reset_stm32_line_toggle
                0x00000000080078ce       0x16 zephyr/drivers/reset/libdrivers__reset.a(reset_stm32.c.obj)
 .text.bme280_reg_write.isra.0
                0x00000000080078e4        0xa zephyr/drivers/sensor/bme280/libdrivers__sensor__bme280.a(bme280.c.obj)
 .text.bme280_reg_read.isra.0
                0x00000000080078ee        0xa zephyr/drivers/sensor/bme280/libdrivers__sensor__bme280.a(bme280.c.obj)
 .text.bme280_wait_until_ready
                0x00000000080078f8       0x34 zephyr/drivers/sensor/bme280/libdrivers__sensor__bme280.a(bme280.c.obj)
 .text.bme280_chip_init
                0x000000000800792c      0x136 zephyr/drivers/sensor/bme280/libdrivers__sensor__bme280.a(bme280.c.obj)
 .text.bme280_bus_check_i2c
                0x0000000008007a62       0x16 zephyr/drivers/sensor/bme280/libdrivers__sensor__bme280.a(bme280_i2c.c.obj)
 .text.bme280_reg_read_i2c
                0x0000000008007a78       0x34 zephyr/drivers/sensor/bme280/libdrivers__sensor__bme280.a(bme280_i2c.c.obj)
 .text.bme280_reg_write_i2c
                0x0000000008007aac       0x24 zephyr/drivers/sensor/bme280/libdrivers__sensor__bme280.a(bme280_i2c.c.obj)
 .text.stm32_temp_sample_fetch
                0x0000000008007ad0       0x4e zephyr/drivers/sensor/stm32_temp/libdrivers__sensor__stm32_temp.a(stm32_temp.c.obj)
 .text.stm32_temp_init
                0x0000000008007b1e       0x46 zephyr/drivers/sensor/stm32_temp/libdrivers__sensor__stm32_temp.a(stm32_temp.c.obj)
 .text.stm32_vref_sample_fetch
                0x0000000008007b64       0x4e zephyr/drivers/sensor/stm32_vref/libdrivers__sensor__stm32_vref.a(stm32_vref.c.obj)
 .text.stm32_vref_init
                0x0000000008007bb2       0x46 zephyr/drivers/sensor/stm32_vref/libdrivers__sensor__stm32_vref.a(stm32_vref.c.obj)
 .text.uart_stm32_err_check
                0x0000000008007bf8       0x54 zephyr/drivers/serial/libdrivers__serial.a(uart_stm32.c.obj)
 .text.uart_stm32_irq_tx_enable
                0x0000000008007c4c       0x1c zephyr/drivers/serial/libdrivers__serial.a(uart_stm32.c.obj)
 .text.uart_stm32_irq_tx_disable
                0x0000000008007c68       0x1c zephyr/drivers/serial/libdrivers__serial.a(uart_stm32.c.obj)
 .text.uart_stm32_irq_rx_enable
                0x0000000008007c84       0x1c zephyr/drivers/serial/libdrivers__serial.a(uart_stm32.c.obj)
 .text.uart_stm32_irq_rx_disable
                0x0000000008007ca0       0x1c zephyr/drivers/serial/libdrivers__serial.a(uart_stm32.c.obj)
 .text.uart_stm32_irq_rx_ready
                0x0000000008007cbc        0xc zephyr/drivers/serial/libdrivers__serial.a(uart_stm32.c.obj)
 .text.uart_stm32_irq_err_enable
                0x0000000008007cc8       0x32 zephyr/drivers/serial/libdrivers__serial.a(uart_stm32.c.obj)
 .text.uart_stm32_irq_update
                0x0000000008007cfa        0x4 zephyr/drivers/serial/libdrivers__serial.a(uart_stm32.c.obj)
 .text.uart_stm32_irq_callback_set
                0x0000000008007cfe        0x8 zephyr/drivers/serial/libdrivers__serial.a(uart_stm32.c.obj)
 .text.uart_stm32_isr
                0x0000000008007d06       0x10 zephyr/drivers/serial/libdrivers__serial.a(uart_stm32.c.obj)
 .text.uart_stm32_irq_config_func_0
                0x0000000008007d16       0x14 zephyr/drivers/serial/libdrivers__serial.a(uart_stm32.c.obj)
 .text.uart_stm32_irq_config_func_1
                0x0000000008007d2a       0x14 zephyr/drivers/serial/libdrivers__serial.a(uart_stm32.c.obj)
 .text.uart_stm32_irq_tx_complete
                0x0000000008007d3e        0xc zephyr/drivers/serial/libdrivers__serial.a(uart_stm32.c.obj)
 .text.uart_stm32_irq_tx_ready
                0x0000000008007d4a       0x14 zephyr/drivers/serial/libdrivers__serial.a(uart_stm32.c.obj)
 .text.uart_stm32_fifo_fill
                0x0000000008007d5e       0x56 zephyr/drivers/serial/libdrivers__serial.a(uart_stm32.c.obj)
 .text.uart_stm32_poll_out
                0x0000000008007db4       0x38 zephyr/drivers/serial/libdrivers__serial.a(uart_stm32.c.obj)
 .text.uart_stm32_irq_is_pending
                0x0000000008007dec       0x24 zephyr/drivers/serial/libdrivers__serial.a(uart_stm32.c.obj)
 .text.uart_stm32_fifo_read
                0x0000000008007e10       0x48 zephyr/drivers/serial/libdrivers__serial.a(uart_stm32.c.obj)
 .text.uart_stm32_poll_in
                0x0000000008007e58       0x26 zephyr/drivers/serial/libdrivers__serial.a(uart_stm32.c.obj)
 .text.z_device_state_init
                0x0000000008007e7e        0x2 zephyr/kernel/libkernel.a(device.c.obj)
                0x0000000008007e7e                z_device_state_init
 .text.z_device_is_ready
                0x0000000008007e80       0x1a zephyr/kernel/libkernel.a(device.c.obj)
                0x0000000008007e80                z_device_is_ready
 .text.arch_system_halt
                0x0000000008007e9a        0x8 zephyr/kernel/libkernel.a(fatal.c.obj)
                0x0000000008007e9a                arch_system_halt
 .text.k_sys_fatal_error_handler
                0x0000000008007ea2        0x6 zephyr/kernel/libkernel.a(fatal.c.obj)
                0x0000000008007ea2                k_sys_fatal_error_handler
 .text.z_early_memset
                0x0000000008007ea8        0x8 zephyr/kernel/libkernel.a(init.c.obj)
                0x0000000008007ea8                z_early_memset
 .text.z_early_memcpy
                0x0000000008007eb0        0x8 zephyr/kernel/libkernel.a(init.c.obj)
                0x0000000008007eb0                z_early_memcpy
 .text.idle     0x0000000008007eb8        0xe zephyr/kernel/libkernel.a(idle.c.obj)
                0x0000000008007eb8                idle
 .text.adjust_owner_prio.isra.0
                0x0000000008007ec6       0x16 zephyr/kernel/libkernel.a(mutex.c.obj)
 .text.z_impl_k_mutex_init
                0x0000000008007edc        0xe zephyr/kernel/libkernel.a(mutex.c.obj)
                0x0000000008007edc                z_impl_k_mutex_init
 .text.z_impl_k_sem_init
                0x0000000008007eea       0x1a zephyr/kernel/libkernel.a(sem.c.obj)
                0x0000000008007eea                z_impl_k_sem_init
 .text.sys_dlist_remove
                0x0000000008007f04       0x10 zephyr/kernel/libkernel.a(sched.c.obj)
 .text.unpend_thread_no_timeout
                0x0000000008007f14       0x16 zephyr/kernel/libkernel.a(sched.c.obj)
 .text.add_to_waitq_locked
                0x0000000008007f2a       0x52 zephyr/kernel/libkernel.a(sched.c.obj)
 .text.z_ready_thread
                0x0000000008007f7c       0x18 zephyr/kernel/libkernel.a(sched.c.obj)
                0x0000000008007f7c                z_ready_thread
 .text.z_unpend_thread_no_timeout
                0x0000000008007f94       0x1e zephyr/kernel/libkernel.a(sched.c.obj)
                0x0000000008007f94                z_unpend_thread_no_timeout
 .text.z_sched_wake_thread
                0x0000000008007fb2       0x3e zephyr/kernel/libkernel.a(sched.c.obj)
                0x0000000008007fb2                z_sched_wake_thread
 .text.z_thread_timeout
                0x0000000008007ff0        0xc zephyr/kernel/libkernel.a(sched.c.obj)
                0x0000000008007ff0                z_thread_timeout
 .text.z_unpend1_no_timeout
                0x0000000008007ffc       0x2a zephyr/kernel/libkernel.a(sched.c.obj)
                0x0000000008007ffc                z_unpend1_no_timeout
 .text.z_unpend_first_thread
                0x0000000008008026       0x32 zephyr/kernel/libkernel.a(sched.c.obj)
                0x0000000008008026                z_unpend_first_thread
 .text.z_reschedule_irqlock
                0x0000000008008058       0x1c zephyr/kernel/libkernel.a(sched.c.obj)
                0x0000000008008058                z_reschedule_irqlock
 .text.z_reschedule_unlocked
                0x0000000008008074        0xe zephyr/kernel/libkernel.a(sched.c.obj)
 .text.z_impl_k_usleep
                0x0000000008008082       0x28 zephyr/kernel/libkernel.a(sched.c.obj)
                0x0000000008008082                z_impl_k_usleep
 .text.z_abort_timeout
                0x00000000080080aa       0x26 zephyr/kernel/libkernel.a(timeout.c.obj)
                0x00000000080080aa                z_abort_timeout
 .text.sys_clock_tick_get_32
                0x00000000080080d0        0x8 zephyr/kernel/libkernel.a(timeout.c.obj)
                0x00000000080080d0                sys_clock_tick_get_32
 .text.z_impl_k_uptime_ticks
                0x00000000080080d8        0x8 zephyr/kernel/libkernel.a(timeout.c.obj)
                0x00000000080080d8                z_impl_k_uptime_ticks
 .text.z_impl_k_timer_stop
                0x00000000080080e0       0x32 zephyr/kernel/libkernel.a(timer.c.obj)
                0x00000000080080e0                z_impl_k_timer_stop
 .text.z_impl_atomic_add
                0x0000000008008112       0x1a zephyr/kernel/libkernel.a(atomic_c.c.obj)
                0x0000000008008112                z_impl_atomic_add
 .text.z_impl_atomic_sub
                0x000000000800812c       0x1a zephyr/kernel/libkernel.a(atomic_c.c.obj)
                0x000000000800812c                z_impl_atomic_sub
 .text.z_impl_atomic_set
                0x0000000008008146       0x18 zephyr/kernel/libkernel.a(atomic_c.c.obj)
                0x0000000008008146                z_impl_atomic_set
 .text.k_heap_init
                0x000000000800815e       0x10 zephyr/kernel/libkernel.a(kheap.c.obj)
                0x000000000800815e                k_heap_init
 .text.memcpy   0x000000000800816e       0x12 /Users/dinordi/zephyr-sdk-0.16.1/arm-zephyr-eabi/bin/../lib/gcc/../../picolibc/arm-zephyr-eabi/lib/thumb/v6-m/nofp/libc.a(memcpy.c.o)
                0x000000000800816e                memcpy
                0x000000000800816e                __aeabi_memcpy
                0x000000000800816e                __aeabi_memcpy4
                0x000000000800816e                __aeabi_memcpy8
 .text.memset   0x0000000008008180       0x10 /Users/dinordi/zephyr-sdk-0.16.1/arm-zephyr-eabi/bin/../lib/gcc/../../picolibc/arm-zephyr-eabi/lib/thumb/v6-m/nofp/libc.a(memset.c.o)
                0x0000000008008180                memset
 .text.strnlen  0x0000000008008190       0x16 /Users/dinordi/zephyr-sdk-0.16.1/arm-zephyr-eabi/bin/../lib/gcc/../../picolibc/arm-zephyr-eabi/lib/thumb/v6-m/nofp/libc.a(libc_string_strnlen.c.o)
                0x0000000008008190                strnlen
 .text.isleap   0x00000000080081a6       0x28 /Users/dinordi/zephyr-sdk-0.16.1/arm-zephyr-eabi/bin/../lib/gcc/../../picolibc/arm-zephyr-eabi/lib/thumb/v6-m/nofp/libc.a(libc_time_mktime.c.o)
 .text.scanf_getc
                0x00000000080081ce       0x14 /Users/dinordi/zephyr-sdk-0.16.1/arm-zephyr-eabi/bin/../lib/gcc/../../picolibc/arm-zephyr-eabi/lib/thumb/v6-m/nofp/libc.a(libc_tinystdio_vfiscanf.c.o)
 .text.putval   0x00000000080081e2       0x2a /Users/dinordi/zephyr-sdk-0.16.1/arm-zephyr-eabi/bin/../lib/gcc/../../picolibc/arm-zephyr-eabi/lib/thumb/v6-m/nofp/libc.a(libc_tinystdio_vfiscanf.c.o)
 .text.scanf_ungetc.isra.0
                0x000000000800820c       0x14 /Users/dinordi/zephyr-sdk-0.16.1/arm-zephyr-eabi/bin/../lib/gcc/../../picolibc/arm-zephyr-eabi/lib/thumb/v6-m/nofp/libc.a(libc_tinystdio_vfiscanf.c.o)
 .text.skip_spaces
                0x0000000008008220       0x2a /Users/dinordi/zephyr-sdk-0.16.1/arm-zephyr-eabi/bin/../lib/gcc/../../picolibc/arm-zephyr-eabi/lib/thumb/v6-m/nofp/libc.a(libc_tinystdio_vfiscanf.c.o)
 .text.div      0x000000000800824a       0x14 /Users/dinordi/zephyr-sdk-0.16.1/arm-zephyr-eabi/bin/../lib/gcc/../../picolibc/arm-zephyr-eabi/lib/thumb/v6-m/nofp/libc.a(libc_stdlib_div.c.o)
                0x000000000800824a                div
 .text.getenv   0x000000000800825e        0xa /Users/dinordi/zephyr-sdk-0.16.1/arm-zephyr-eabi/bin/../lib/gcc/../../picolibc/arm-zephyr-eabi/lib/thumb/v6-m/nofp/libc.a(libc_stdlib_getenv.c.o)
                0x000000000800825e                getenv
 .text.strchr   0x0000000008008268       0x1c /Users/dinordi/zephyr-sdk-0.16.1/arm-zephyr-eabi/bin/../lib/gcc/../../picolibc/arm-zephyr-eabi/lib/thumb/v6-m/nofp/libc.a(libc_string_strchr.c.o)
                0x0000000008008268                strchr
 .text.strncmp  0x0000000008008284       0x22 /Users/dinordi/zephyr-sdk-0.16.1/arm-zephyr-eabi/bin/../lib/gcc/../../picolibc/arm-zephyr-eabi/lib/thumb/v6-m/nofp/libc.a(libc_string_strncmp.c.o)
                0x0000000008008284                strncmp
 .text.fgetc    0x00000000080082a6       0x3c /Users/dinordi/zephyr-sdk-0.16.1/arm-zephyr-eabi/bin/../lib/gcc/../../picolibc/arm-zephyr-eabi/lib/thumb/v6-m/nofp/libc.a(libc_tinystdio_fgetc.c.o)
                0x00000000080082a6                getc
                0x00000000080082a6                fgetc
 .text.__file_str_get
                0x00000000080082e2       0x16 /Users/dinordi/zephyr-sdk-0.16.1/arm-zephyr-eabi/bin/../lib/gcc/../../picolibc/arm-zephyr-eabi/lib/thumb/v6-m/nofp/libc.a(libc_tinystdio_filestrget.c.o)
                0x00000000080082e2                __file_str_get
 .text.__file_str_put
                0x00000000080082f8       0x10 /Users/dinordi/zephyr-sdk-0.16.1/arm-zephyr-eabi/bin/../lib/gcc/../../picolibc/arm-zephyr-eabi/lib/thumb/v6-m/nofp/libc.a(libc_tinystdio_filestrput.c.o)
                0x00000000080082f8                __file_str_put
 .text.ungetc   0x0000000008008308       0x32 /Users/dinordi/zephyr-sdk-0.16.1/arm-zephyr-eabi/bin/../lib/gcc/../../picolibc/arm-zephyr-eabi/lib/thumb/v6-m/nofp/libc.a(libc_tinystdio_ungetc.c.o)
                0x0000000008008308                ungetc
 .text.__picolibc_non_atomic_exchange_ungetc
                0x000000000800833a        0x8 /Users/dinordi/zephyr-sdk-0.16.1/arm-zephyr-eabi/bin/../lib/gcc/../../picolibc/arm-zephyr-eabi/lib/thumb/v6-m/nofp/libc.a(libc_tinystdio_exchange.c.o)
                0x000000000800833a                __atomic_exchange_ungetc
                0x000000000800833a                __picolibc_non_atomic_exchange_ungetc
 .text.__picolibc_non_atomic_compare_exchange_ungetc
                0x0000000008008342       0x12 /Users/dinordi/zephyr-sdk-0.16.1/arm-zephyr-eabi/bin/../lib/gcc/../../picolibc/arm-zephyr-eabi/lib/thumb/v6-m/nofp/libc.a(libc_tinystdio_compare_exchange.c.o)
                0x0000000008008342                __picolibc_non_atomic_compare_exchange_ungetc
                0x0000000008008342                __atomic_compare_exchange_ungetc
 *(SORT_BY_ALIGNMENT(.TEXT.*))
 .TEXT.__aeabi_read_tp
                0x0000000008008354        0xc zephyr/arch/arch/arm/core/aarch32/cortex_m/libarch__arm__core__aarch32__cortex_m.a(__aeabi_read_tp.S.obj)
                0x0000000008008354                __aeabi_read_tp
 *(SORT_BY_ALIGNMENT(.gnu.linkonce.t.*))
 *(SORT_BY_ALIGNMENT(.glue_7t))
 .glue_7t       0x0000000008008360        0x0 linker stubs
 *(SORT_BY_ALIGNMENT(.glue_7))
 .glue_7        0x0000000008008360        0x0 linker stubs
 *(SORT_BY_ALIGNMENT(.vfp11_veneer))
 .vfp11_veneer  0x0000000008008360        0x0 linker stubs
 *(SORT_BY_ALIGNMENT(.v4_bx))
 .v4_bx         0x0000000008008360        0x0 linker stubs
                0x0000000008008360                . = ALIGN (0x4)
                0x0000000008008360                __text_region_end = .

.ARM.exidx      0x0000000008008360        0x8
                0x0000000008008360                __exidx_start = .
 *(SORT_BY_ALIGNMENT(.ARM.exidx*) SORT_BY_ALIGNMENT(gnu.linkonce.armexidx.*))
 .ARM.exidx     0x0000000008008360        0x8 /Users/dinordi/zephyr-sdk-0.16.1/arm-zephyr-eabi/bin/../lib/gcc/arm-zephyr-eabi/12.2.0/thumb/v6-m/nofp/libgcc.a(_udivmoddi4.o)
 .ARM.exidx     0x0000000008008368        0x0 /Users/dinordi/zephyr-sdk-0.16.1/arm-zephyr-eabi/bin/../lib/gcc/arm-zephyr-eabi/12.2.0/thumb/v6-m/nofp/libgcc.a(_divdi3.o)
                                          0x8 (size before relaxing)
                0x0000000008008368                __exidx_end = .
                0x0000000008008368                __rodata_region_start = .

initlevel       0x0000000008008368       0xb8
                0x0000000008008368                __init_start = .
                0x0000000008008368                __init_EARLY_start = .
 *(SORT_BY_NAME(SORT_BY_ALIGNMENT(.z_init_EARLY?_*)))
 *(SORT_BY_NAME(SORT_BY_ALIGNMENT(.z_init_EARLY??_*)))
                0x0000000008008368                __init_PRE_KERNEL_1_start = .
 *(SORT_BY_NAME(SORT_BY_ALIGNMENT(.z_init_PRE_KERNEL_1?_*)))
 .z_init_PRE_KERNEL_10_0_
                0x0000000008008368        0x8 zephyr/libzephyr.a(soc.c.obj)
 .z_init_PRE_KERNEL_11_00009_
                0x0000000008008370        0x8 zephyr/drivers/clock_control/libdrivers__clock_control.a(clock_stm32_ll_common.c.obj)
 .z_init_PRE_KERNEL_11_0_
                0x0000000008008378        0x8 zephyr/libzephyr.a(soc_config.c.obj)
 *(SORT_BY_NAME(SORT_BY_ALIGNMENT(.z_init_PRE_KERNEL_1??_*)))
 .z_init_PRE_KERNEL_130_0_
                0x0000000008008380        0x8 zephyr/kernel/libkernel.a(kheap.c.obj)
 .z_init_PRE_KERNEL_135_00037_
                0x0000000008008388        0x8 zephyr/drivers/reset/libdrivers__reset.a(reset_stm32.c.obj)
 .z_init_PRE_KERNEL_140_00024_
                0x0000000008008390        0x8 zephyr/drivers/gpio/libdrivers__gpio.a(gpio_stm32.c.obj)
 .z_init_PRE_KERNEL_140_00027_
                0x0000000008008398        0x8 zephyr/drivers/gpio/libdrivers__gpio.a(gpio_stm32.c.obj)
 .z_init_PRE_KERNEL_140_00033_
                0x00000000080083a0        0x8 zephyr/drivers/interrupt_controller/libdrivers__interrupt_controller.a(intc_exti_stm32.c.obj)
 .z_init_PRE_KERNEL_140_00047_
                0x00000000080083a8        0x8 zephyr/drivers/gpio/libdrivers__gpio.a(gpio_stm32.c.obj)
 .z_init_PRE_KERNEL_155_00038_
                0x00000000080083b0        0x8 zephyr/drivers/serial/libdrivers__serial.a(uart_stm32.c.obj)
 .z_init_PRE_KERNEL_155_00041_
                0x00000000080083b8        0x8 zephyr/drivers/serial/libdrivers__serial.a(uart_stm32.c.obj)
 .z_init_PRE_KERNEL_160_0_
                0x00000000080083c0        0x8 zephyr/drivers/console/libdrivers__console.a(uart_console.c.obj)
                0x00000000080083c8                __init_PRE_KERNEL_2_start = .
 *(SORT_BY_NAME(SORT_BY_ALIGNMENT(.z_init_PRE_KERNEL_2?_*)))
 .z_init_PRE_KERNEL_20_0_
                0x00000000080083c8        0x8 zephyr/drivers/timer/libdrivers__timer.a(cortex_m_systick.c.obj)
 *(SORT_BY_NAME(SORT_BY_ALIGNMENT(.z_init_PRE_KERNEL_2??_*)))
                0x00000000080083d0                __init_POST_KERNEL_start = .
 *(SORT_BY_NAME(SORT_BY_ALIGNMENT(.z_init_POST_KERNEL?_*)))
 *(SORT_BY_NAME(SORT_BY_ALIGNMENT(.z_init_POST_KERNEL??_*)))
 .z_init_POST_KERNEL40_0_
                0x00000000080083d0        0x8 zephyr/lib/libc/common/liblib__libc__common.a(malloc.c.obj)
 .z_init_POST_KERNEL50_00012_
                0x00000000080083d8        0x8 zephyr/drivers/adc/libdrivers__adc.a(adc_stm32.c.obj)
 .z_init_POST_KERNEL50_00032_
                0x00000000080083e0        0x8 zephyr/drivers/i2c/libdrivers__i2c.a(i2c_ll_stm32.c.obj)
 .z_init_POST_KERNEL50_00034_
                0x00000000080083e8        0x8 zephyr/drivers/rtc/libdrivers__rtc.a(rtc_ll_stm32.c.obj)
 .z_init_POST_KERNEL50_00060_
                0x00000000080083f0        0x8 zephyr/drivers/i2c/libdrivers__i2c.a(i2c_ll_stm32.c.obj)
 .z_init_POST_KERNEL51_00062_
                0x00000000080083f8        0x8 app/libapp.a(eeprom_24lc64.c.obj)
 .z_init_POST_KERNEL51_00063_
                0x0000000008008400        0x8 app/libapp.a(eeprom_24lc64.c.obj)
 .z_init_POST_KERNEL90_00013_
                0x0000000008008408        0x8 zephyr/drivers/sensor/stm32_temp/libdrivers__sensor__stm32_temp.a(stm32_temp.c.obj)
 .z_init_POST_KERNEL90_00016_
                0x0000000008008410        0x8 zephyr/drivers/sensor/stm32_vref/libdrivers__sensor__stm32_vref.a(stm32_vref.c.obj)
 .z_init_POST_KERNEL90_00061_
                0x0000000008008418        0x8 zephyr/drivers/sensor/bme280/libdrivers__sensor__bme280.a(bme280.c.obj)
                0x0000000008008420                __init_APPLICATION_start = .
 *(SORT_BY_NAME(SORT_BY_ALIGNMENT(.z_init_APPLICATION?_*)))
 *(SORT_BY_NAME(SORT_BY_ALIGNMENT(.z_init_APPLICATION??_*)))
                0x0000000008008420                __init_SMP_start = .
 *(SORT_BY_NAME(SORT_BY_ALIGNMENT(.z_init_SMP?_*)))
 *(SORT_BY_NAME(SORT_BY_ALIGNMENT(.z_init_SMP??_*)))
                0x0000000008008420                __init_end = .

device_area     0x0000000008008420      0x154
                0x0000000008008420                _device_list_start = .
 *(SORT_BY_NAME(SORT_BY_ALIGNMENT(._device.static.*_?_*)))
 ._device.static.1_1_
                0x0000000008008420       0x14 zephyr/drivers/clock_control/libdrivers__clock_control.a(clock_stm32_ll_common.c.obj)
                0x0000000008008420                __device_dts_ord_9
 *(SORT_BY_NAME(SORT_BY_ALIGNMENT(._device.static.*_??_*)))
 ._device.static.1_35_
                0x0000000008008434       0x14 zephyr/drivers/reset/libdrivers__reset.a(reset_stm32.c.obj)
                0x0000000008008434                __device_dts_ord_37
 ._device.static.1_40_
                0x0000000008008448       0x14 zephyr/drivers/interrupt_controller/libdrivers__interrupt_controller.a(intc_exti_stm32.c.obj)
                0x0000000008008448                __device_dts_ord_33
 ._device.static.1_40_
                0x000000000800845c       0x3c zephyr/drivers/gpio/libdrivers__gpio.a(gpio_stm32.c.obj)
                0x000000000800845c                __device_dts_ord_24
                0x0000000008008470                __device_dts_ord_47
                0x0000000008008484                __device_dts_ord_27
 ._device.static.1_55_
                0x0000000008008498       0x28 zephyr/drivers/serial/libdrivers__serial.a(uart_stm32.c.obj)
                0x0000000008008498                __device_dts_ord_38
                0x00000000080084ac                __device_dts_ord_41
 ._device.static.3_50_
                0x00000000080084c0       0x14 zephyr/drivers/adc/libdrivers__adc.a(adc_stm32.c.obj)
                0x00000000080084c0                __device_dts_ord_12
 ._device.static.3_50_
                0x00000000080084d4       0x28 zephyr/drivers/i2c/libdrivers__i2c.a(i2c_ll_stm32.c.obj)
                0x00000000080084d4                __device_dts_ord_32
                0x00000000080084e8                __device_dts_ord_60
 ._device.static.3_50_
                0x00000000080084fc       0x14 zephyr/drivers/rtc/libdrivers__rtc.a(rtc_ll_stm32.c.obj)
                0x00000000080084fc                __device_dts_ord_34
 ._device.static.3_51_
                0x0000000008008510       0x28 app/libapp.a(eeprom_24lc64.c.obj)
                0x0000000008008510                __device_dts_ord_63
                0x0000000008008524                __device_dts_ord_62
 ._device.static.3_90_
                0x0000000008008538       0x14 zephyr/drivers/sensor/bme280/libdrivers__sensor__bme280.a(bme280.c.obj)
                0x0000000008008538                __device_dts_ord_61
 ._device.static.3_90_
                0x000000000800854c       0x14 zephyr/drivers/sensor/stm32_temp/libdrivers__sensor__stm32_temp.a(stm32_temp.c.obj)
                0x000000000800854c                __device_dts_ord_13
 ._device.static.3_90_
                0x0000000008008560       0x14 zephyr/drivers/sensor/stm32_vref/libdrivers__sensor__stm32_vref.a(stm32_vref.c.obj)
                0x0000000008008560                __device_dts_ord_16
                0x0000000008008574                _device_list_end = .

sw_isr_table    0x0000000008008574       0xe8
                0x0000000008008574                . = ALIGN (0x4)
 *(SORT_BY_ALIGNMENT(.gnu.linkonce.sw_isr_table*))
 .gnu.linkonce.sw_isr_table
                0x0000000008008574       0xe8 zephyr/arch/common/libisr_tables.a(isr_tables.c.obj)
                0x0000000008008574                _sw_isr_table

initlevel_error
                0x0000000008008368        0x0
 *(SORT_BY_NAME(SORT_BY_ALIGNMENT(.z_init_[_A-Z0-9]*)))
                0x0000000000000001                ASSERT ((SIZEOF (initlevel_error) == 0x0), Undefined initialization levels used.)

app_shmem_regions
                0x000000000800865c        0x0
                0x000000000800865c                __app_shmem_regions_start = .
 *(SORT_BY_NAME(SORT_BY_ALIGNMENT(.app_regions.*)))
                0x000000000800865c                __app_shmem_regions_end = .

k_p4wq_initparam_area
                0x000000000800865c        0x0
                0x000000000800865c                _k_p4wq_initparam_list_start = .
 *(SORT_BY_NAME(SORT_BY_ALIGNMENT(._k_p4wq_initparam.static.*)))
                0x000000000800865c                _k_p4wq_initparam_list_end = .

_static_thread_data_area
                0x000000000800865c        0x0
                0x000000000800865c                __static_thread_data_list_start = .
 *(SORT_BY_NAME(SORT_BY_ALIGNMENT(.__static_thread_data.static.*)))
                0x000000000800865c                __static_thread_data_list_end = .

device_deps     0x000000000800865c        0x0
                0x000000000800865c                __device_deps_start = .
 *(SORT_BY_NAME(SORT_BY_ALIGNMENT(.__device_deps_pass2*)))
                0x000000000800865c                __device_deps_end = .

ztest           0x000000000800865c        0x0
                0x000000000800865c                _ztest_expected_result_entry_list_start = .
 *(SORT_BY_NAME(SORT_BY_ALIGNMENT(._ztest_expected_result_entry.static.*)))
                0x000000000800865c                _ztest_expected_result_entry_list_end = .
                0x000000000800865c                _ztest_suite_node_list_start = .
 *(SORT_BY_NAME(SORT_BY_ALIGNMENT(._ztest_suite_node.static.*)))
                0x000000000800865c                _ztest_suite_node_list_end = .
                0x000000000800865c                _ztest_unit_test_list_start = .
 *(SORT_BY_NAME(SORT_BY_ALIGNMENT(._ztest_unit_test.static.*)))
                0x000000000800865c                _ztest_unit_test_list_end = .
                0x000000000800865c                _ztest_test_rule_list_start = .
 *(SORT_BY_NAME(SORT_BY_ALIGNMENT(._ztest_test_rule.static.*)))
                0x000000000800865c                _ztest_test_rule_list_end = .

bt_l2cap_fixed_chan_area
                0x000000000800865c        0x0
                0x000000000800865c                _bt_l2cap_fixed_chan_list_start = .
 *(SORT_BY_NAME(SORT_BY_ALIGNMENT(._bt_l2cap_fixed_chan.static.*)))
                0x000000000800865c                _bt_l2cap_fixed_chan_list_end = .

bt_gatt_service_static_area
                0x000000000800865c        0x0
                0x000000000800865c                _bt_gatt_service_static_list_start = .
 *(SORT_BY_NAME(SORT_BY_ALIGNMENT(._bt_gatt_service_static.static.*)))
                0x000000000800865c                _bt_gatt_service_static_list_end = .

log_strings_area
                0x000000000800865c        0x0
                0x000000000800865c                _log_strings_list_start = .
 *(SORT_BY_NAME(SORT_BY_ALIGNMENT(._log_strings.static.*)))
                0x000000000800865c                _log_strings_list_end = .

log_const_area  0x000000000800865c       0x60
                0x000000000800865c                _log_const_list_start = .
 *(SORT_BY_NAME(SORT_BY_ALIGNMENT(._log_const.static.*)))
 ._log_const.static.log_const_BME280_
                0x000000000800865c        0x8 zephyr/drivers/sensor/bme280/libdrivers__sensor__bme280.a(bme280.c.obj)
                0x000000000800865c                log_const_BME280
 ._log_const.static.log_const_adc_stm32_
                0x0000000008008664        0x8 zephyr/drivers/adc/libdrivers__adc.a(adc_stm32.c.obj)
                0x0000000008008664                log_const_adc_stm32
 ._log_const.static.log_const_cbprintf_package_
                0x000000000800866c        0x8 zephyr/libzephyr.a(cbprintf_packaged.c.obj)
                0x000000000800866c                log_const_cbprintf_package
 ._log_const.static.log_const_eeprom_24lc64_
                0x0000000008008674        0x8 app/libapp.a(eeprom_24lc64.c.obj)
                0x0000000008008674                log_const_eeprom_24lc64
 ._log_const.static.log_const_i2c_
                0x000000000800867c        0x8 zephyr/drivers/i2c/libdrivers__i2c.a(i2c_common.c.obj)
                0x000000000800867c                log_const_i2c
 ._log_const.static.log_const_i2c_ll_stm32_
                0x0000000008008684        0x8 zephyr/drivers/i2c/libdrivers__i2c.a(i2c_ll_stm32.c.obj)
                0x0000000008008684                log_const_i2c_ll_stm32
 ._log_const.static.log_const_i2c_ll_stm32_v2_
                0x000000000800868c        0x8 zephyr/drivers/i2c/libdrivers__i2c.a(i2c_ll_stm32_v2.c.obj)
                0x000000000800868c                log_const_i2c_ll_stm32_v2
 ._log_const.static.log_const_os_
                0x0000000008008694        0x8 zephyr/kernel/libkernel.a(init.c.obj)
                0x0000000008008694                log_const_os
 ._log_const.static.log_const_rtc_stm32_
                0x000000000800869c        0x8 zephyr/drivers/rtc/libdrivers__rtc.a(rtc_ll_stm32.c.obj)
                0x000000000800869c                log_const_rtc_stm32
 ._log_const.static.log_const_stm32_temp_
                0x00000000080086a4        0x8 zephyr/drivers/sensor/stm32_temp/libdrivers__sensor__stm32_temp.a(stm32_temp.c.obj)
                0x00000000080086a4                log_const_stm32_temp
 ._log_const.static.log_const_stm32_vref_
                0x00000000080086ac        0x8 zephyr/drivers/sensor/stm32_vref/libdrivers__sensor__stm32_vref.a(stm32_vref.c.obj)
                0x00000000080086ac                log_const_stm32_vref
 ._log_const.static.log_const_uart_stm32_
                0x00000000080086b4        0x8 zephyr/drivers/serial/libdrivers__serial.a(uart_stm32.c.obj)
                0x00000000080086b4                log_const_uart_stm32
                0x00000000080086bc                _log_const_list_end = .

log_backend_area
                0x00000000080086bc        0x0
                0x00000000080086bc                _log_backend_list_start = .
 *(SORT_BY_NAME(SORT_BY_ALIGNMENT(._log_backend.static.*)))
                0x00000000080086bc                _log_backend_list_end = .

log_link_area   0x00000000080086bc        0x0
                0x00000000080086bc                _log_link_list_start = .
 *(SORT_BY_NAME(SORT_BY_ALIGNMENT(._log_link.static.*)))
                0x00000000080086bc                _log_link_list_end = .

tracing_backend_area
                0x00000000080086bc        0x0
                0x00000000080086bc                _tracing_backend_list_start = .
 *(SORT_BY_NAME(SORT_BY_ALIGNMENT(._tracing_backend.static.*)))
                0x00000000080086bc                _tracing_backend_list_end = .

zephyr_dbg_info
 *(SORT_BY_ALIGNMENT(.dbg_thread_info))

symbol_to_keep  0x00000000080086bc        0x0
                0x00000000080086bc                __symbol_to_keep_start = .
 *(SORT_BY_NAME(SORT_BY_ALIGNMENT(.symbol_to_keep*)))
                0x00000000080086bc                __symbol_to_keep_end = .

shell_area      0x00000000080086bc        0x0
                0x00000000080086bc                _shell_list_start = .
 *(SORT_BY_NAME(SORT_BY_ALIGNMENT(._shell.static.*)))
                0x00000000080086bc                _shell_list_end = .

shell_root_cmds_area
                0x00000000080086bc        0x0
                0x00000000080086bc                _shell_root_cmds_list_start = .
 *(SORT_BY_NAME(SORT_BY_ALIGNMENT(._shell_root_cmds.static.*)))
                0x00000000080086bc                _shell_root_cmds_list_end = .

shell_subcmds_area
                0x00000000080086bc        0x0
                0x00000000080086bc                _shell_subcmds_list_start = .
 *(SORT_BY_NAME(SORT_BY_ALIGNMENT(._shell_subcmds.static.*)))
                0x00000000080086bc                _shell_subcmds_list_end = .

shell_dynamic_subcmds_area
                0x00000000080086bc        0x0
                0x00000000080086bc                _shell_dynamic_subcmds_list_start = .
 *(SORT_BY_NAME(SORT_BY_ALIGNMENT(._shell_dynamic_subcmds.static.*)))
                0x00000000080086bc                _shell_dynamic_subcmds_list_end = .

cfb_font_area   0x00000000080086bc        0x0
                0x00000000080086bc                _cfb_font_list_start = .
 *(SORT_BY_NAME(SORT_BY_ALIGNMENT(._cfb_font.static.*)))
                0x00000000080086bc                _cfb_font_list_end = .

tdata           0x00000000080086bc        0x0
 *(SORT_BY_ALIGNMENT(.tdata) SORT_BY_ALIGNMENT(.tdata.*) SORT_BY_ALIGNMENT(.gnu.linkonce.td.*))

tbss            0x00000000080086bc       0x22
 *(SORT_BY_ALIGNMENT(.tbss) SORT_BY_ALIGNMENT(.tbss.*) SORT_BY_ALIGNMENT(.gnu.linkonce.tb.*) SORT_BY_ALIGNMENT(.tcommon))
 .tbss.z_tls_current
                0x00000000080086bc        0x4 zephyr/libzephyr.a(thread_entry.c.obj)
                0x00000000080086bc                z_tls_current
 .tbss.errno    0x00000000080086c0        0x4 /Users/dinordi/zephyr-sdk-0.16.1/arm-zephyr-eabi/bin/../lib/gcc/../../picolibc/arm-zephyr-eabi/lib/thumb/v6-m/nofp/libc.a(libc_errno_errno.c.o)
                0x00000000080086c0                errno
 .tbss._asctime_buf
                0x00000000080086c4       0x1a /Users/dinordi/zephyr-sdk-0.16.1/arm-zephyr-eabi/bin/../lib/gcc/../../picolibc/arm-zephyr-eabi/lib/thumb/v6-m/nofp/libc.a(libc_time_asctime.c.o)
                0x00000000080086bc                PROVIDE (__tdata_start = LOADADDR (tdata))
                0x0000000000000000                PROVIDE (__tdata_size = SIZEOF (tdata))
                [!provide]                        PROVIDE (__tdata_end = (__tdata_start + __tdata_size))
                0x0000000000000001                PROVIDE (__tdata_align = ALIGNOF (tdata))
                [!provide]                        PROVIDE (__tbss_start = ADDR (tbss))
                0x0000000000000022                PROVIDE (__tbss_size = SIZEOF (tbss))
                [!provide]                        PROVIDE (__tbss_end = (__tbss_start + __tbss_size))
                0x0000000000000004                PROVIDE (__tbss_align = ALIGNOF (tbss))
                [!provide]                        PROVIDE (__tls_start = __tdata_start)
                [!provide]                        PROVIDE (__tls_end = __tbss_end)
                [!provide]                        PROVIDE (__tls_size = (__tbss_end - __tdata_start))

rodata          0x00000000080086bc      0x880
 *(SORT_BY_ALIGNMENT(.rodata))
 .rodata        0x00000000080086bc       0x30 app/libapp.a(rtc.c.obj)
 *(SORT_BY_ALIGNMENT(.rodata.*))
 .rodata.eeprom_24lc64_config1
                0x00000000080086ec        0xc app/libapp.a(eeprom_24lc64.c.obj)
 .rodata.eeprom_24lc64_config0
                0x00000000080086f8        0xc app/libapp.a(eeprom_24lc64.c.obj)
 .rodata.eeprom_24lc64_api
                0x0000000008008704        0xc app/libapp.a(eeprom_24lc64.c.obj)
 .rodata.adc_stm32_cfg_0
                0x0000000008008710       0x40 zephyr/drivers/adc/libdrivers__adc.a(adc_stm32.c.obj)
 .rodata.pclken_0
                0x0000000008008750        0x8 zephyr/drivers/adc/libdrivers__adc.a(adc_stm32.c.obj)
 .rodata.__pinctrl_dev_config__device_dts_ord_12
                0x0000000008008758        0x8 zephyr/drivers/adc/libdrivers__adc.a(adc_stm32.c.obj)
 .rodata.__pinctrl_states__device_dts_ord_12
                0x0000000008008760        0x8 zephyr/drivers/adc/libdrivers__adc.a(adc_stm32.c.obj)
 .rodata.__pinctrl_state_pins_0__device_dts_ord_12
                0x0000000008008768        0x8 zephyr/drivers/adc/libdrivers__adc.a(adc_stm32.c.obj)
 .rodata.api_stm32_driver_api
                0x0000000008008770        0xc zephyr/drivers/adc/libdrivers__adc.a(adc_stm32.c.obj)
 .rodata.gpio_stm32_cfg_c
                0x000000000800877c       0x14 zephyr/drivers/gpio/libdrivers__gpio.a(gpio_stm32.c.obj)
 .rodata.gpio_stm32_cfg_b
                0x0000000008008790       0x14 zephyr/drivers/gpio/libdrivers__gpio.a(gpio_stm32.c.obj)
 .rodata.gpio_stm32_cfg_a
                0x00000000080087a4       0x14 zephyr/drivers/gpio/libdrivers__gpio.a(gpio_stm32.c.obj)
 .rodata.gpio_stm32_driver
                0x00000000080087b8       0x24 zephyr/drivers/gpio/libdrivers__gpio.a(gpio_stm32.c.obj)
 .rodata.i2c_stm32_cfg_1
                0x00000000080087dc       0x20 zephyr/drivers/i2c/libdrivers__i2c.a(i2c_ll_stm32.c.obj)
 .rodata.pclken_1
                0x00000000080087fc        0x8 zephyr/drivers/i2c/libdrivers__i2c.a(i2c_ll_stm32.c.obj)
 .rodata.__pinctrl_dev_config__device_dts_ord_32
                0x0000000008008804        0x8 zephyr/drivers/i2c/libdrivers__i2c.a(i2c_ll_stm32.c.obj)
 .rodata.__pinctrl_states__device_dts_ord_32
                0x000000000800880c        0x8 zephyr/drivers/i2c/libdrivers__i2c.a(i2c_ll_stm32.c.obj)
 .rodata.__pinctrl_state_pins_0__device_dts_ord_32
                0x0000000008008814       0x10 zephyr/drivers/i2c/libdrivers__i2c.a(i2c_ll_stm32.c.obj)
 .rodata.i2c_timings_1
                0x0000000008008824        0x0 zephyr/drivers/i2c/libdrivers__i2c.a(i2c_ll_stm32.c.obj)
 .rodata.i2c_stm32_cfg_0
                0x0000000008008824       0x20 zephyr/drivers/i2c/libdrivers__i2c.a(i2c_ll_stm32.c.obj)
 .rodata.pclken_0
                0x0000000008008844       0x10 zephyr/drivers/i2c/libdrivers__i2c.a(i2c_ll_stm32.c.obj)
 .rodata.__pinctrl_dev_config__device_dts_ord_60
                0x0000000008008854        0x8 zephyr/drivers/i2c/libdrivers__i2c.a(i2c_ll_stm32.c.obj)
 .rodata.__pinctrl_states__device_dts_ord_60
                0x000000000800885c        0x8 zephyr/drivers/i2c/libdrivers__i2c.a(i2c_ll_stm32.c.obj)
 .rodata.__pinctrl_state_pins_0__device_dts_ord_60
                0x0000000008008864       0x10 zephyr/drivers/i2c/libdrivers__i2c.a(i2c_ll_stm32.c.obj)
 .rodata.i2c_timings_0
                0x0000000008008874       0x24 zephyr/drivers/i2c/libdrivers__i2c.a(i2c_ll_stm32.c.obj)
 .rodata.api_funcs
                0x0000000008008898       0x18 zephyr/drivers/i2c/libdrivers__i2c.a(i2c_ll_stm32.c.obj)
 .rodata.gpio_ports
                0x00000000080088b0       0x2c zephyr/drivers/pinctrl/libdrivers__pinctrl.a(pinctrl_stm32.c.obj)
 .rodata.reset_stm32_config
                0x00000000080088dc        0x4 zephyr/drivers/reset/libdrivers__reset.a(reset_stm32.c.obj)
 .rodata.reset_stm32_driver_api
                0x00000000080088e0       0x10 zephyr/drivers/reset/libdrivers__reset.a(reset_stm32.c.obj)
 .rodata.bme280_config_0
                0x00000000080088f0        0xc zephyr/drivers/sensor/bme280/libdrivers__sensor__bme280.a(bme280.c.obj)
 .rodata.bme280_api_funcs
                0x00000000080088fc       0x1c zephyr/drivers/sensor/bme280/libdrivers__sensor__bme280.a(bme280.c.obj)
 .rodata.bme280_bus_io_i2c
                0x0000000008008918        0xc zephyr/drivers/sensor/bme280/libdrivers__sensor__bme280.a(bme280_i2c.c.obj)
                0x0000000008008918                bme280_bus_io_i2c
 .rodata.stm32_temp_dev_config
                0x0000000008008924       0x18 zephyr/drivers/sensor/stm32_temp/libdrivers__sensor__stm32_temp.a(stm32_temp.c.obj)
 .rodata.stm32_temp_driver_api
                0x000000000800893c       0x1c zephyr/drivers/sensor/stm32_temp/libdrivers__sensor__stm32_temp.a(stm32_temp.c.obj)
 .rodata.stm32_vref_dev_config
                0x0000000008008958        0x8 zephyr/drivers/sensor/stm32_vref/libdrivers__sensor__stm32_vref.a(stm32_vref.c.obj)
 .rodata.stm32_vref_driver_api
                0x0000000008008960       0x1c zephyr/drivers/sensor/stm32_vref/libdrivers__sensor__stm32_vref.a(stm32_vref.c.obj)
 .rodata.uart_stm32_cfg_1
                0x000000000800897c       0x24 zephyr/drivers/serial/libdrivers__serial.a(uart_stm32.c.obj)
 .rodata.pclken_1
                0x00000000080089a0        0x8 zephyr/drivers/serial/libdrivers__serial.a(uart_stm32.c.obj)
 .rodata.__pinctrl_dev_config__device_dts_ord_38
                0x00000000080089a8        0x8 zephyr/drivers/serial/libdrivers__serial.a(uart_stm32.c.obj)
 .rodata.__pinctrl_states__device_dts_ord_38
                0x00000000080089b0        0x8 zephyr/drivers/serial/libdrivers__serial.a(uart_stm32.c.obj)
 .rodata.__pinctrl_state_pins_0__device_dts_ord_38
                0x00000000080089b8       0x10 zephyr/drivers/serial/libdrivers__serial.a(uart_stm32.c.obj)
 .rodata.uart_stm32_cfg_0
                0x00000000080089c8       0x24 zephyr/drivers/serial/libdrivers__serial.a(uart_stm32.c.obj)
 .rodata.pclken_0
                0x00000000080089ec        0x8 zephyr/drivers/serial/libdrivers__serial.a(uart_stm32.c.obj)
 .rodata.__pinctrl_dev_config__device_dts_ord_41
                0x00000000080089f4        0x8 zephyr/drivers/serial/libdrivers__serial.a(uart_stm32.c.obj)
 .rodata.__pinctrl_states__device_dts_ord_41
                0x00000000080089fc        0x8 zephyr/drivers/serial/libdrivers__serial.a(uart_stm32.c.obj)
 .rodata.__pinctrl_state_pins_0__device_dts_ord_41
                0x0000000008008a04       0x10 zephyr/drivers/serial/libdrivers__serial.a(uart_stm32.c.obj)
 .rodata.uart_stm32_driver_api
                0x0000000008008a14       0x4c zephyr/drivers/serial/libdrivers__serial.a(uart_stm32.c.obj)
 .rodata.rtc_config
                0x0000000008008a60       0x10 zephyr/drivers/rtc/libdrivers__rtc.a(rtc_ll_stm32.c.obj)
 .rodata.rtc_clk
                0x0000000008008a70       0x10 zephyr/drivers/rtc/libdrivers__rtc.a(rtc_ll_stm32.c.obj)
 .rodata._k_neg_eagain
                0x0000000008008a80        0x4 zephyr/kernel/libkernel.a(errno.c.obj)
                0x0000000008008a80                _k_neg_eagain
 .rodata.levels.0
                0x0000000008008a84       0x18 zephyr/kernel/libkernel.a(init.c.obj)
 .rodata._DAYS_BEFORE_MONTH
                0x0000000008008a9c       0x18 /Users/dinordi/zephyr-sdk-0.16.1/arm-zephyr-eabi/bin/../lib/gcc/../../picolibc/arm-zephyr-eabi/lib/thumb/v6-m/nofp/libc.a(libc_time_mktime.c.o)
 .rodata.str1.1
                0x0000000008008ab4       0x24 app/libapp.a(eeprom_24lc64.c.obj)
 .rodata.returnUsartStr.str1.1
                0x0000000008008ad8       0x3b app/libapp.a(esp8266.c.obj)
 .rodata.readUsart.str1.1
                0x0000000008008b13       0x3c app/libapp.a(esp8266.c.obj)
 .rodata.send_str.str1.1
                0x0000000008008b4f       0x19 app/libapp.a(main.c.obj)
 .rodata.uartTest.str1.1
                0x0000000008008b68       0x95 app/libapp.a(main.c.obj)
                                         0x98 (size before relaxing)
 .rodata.parseTime.str1.1
                0x0000000008008bfd       0x52 app/libapp.a(rtc.c.obj)
 .rodata.getEpochTime.str1.1
                0x0000000008008c4f       0x26 app/libapp.a(rtc.c.obj)
 .rodata.str1.1
                0x0000000008008c75       0x30 app/libapp.a(rtc.c.obj)
 .rodata.str1.1
                0x0000000008008ca5       0x11 zephyr/libzephyr.a(cbprintf_packaged.c.obj)
 .rodata.line_range_2.0
                0x0000000008008cb6        0x2 zephyr/drivers/interrupt_controller/libdrivers__interrupt_controller.a(intc_exti_stm32.c.obj)
 .rodata.line_range_1.1